Archive member included to satisfy reference by file (symbol)

/Applications/ArmGNUToolchain/11.3.rel1/arm-none-eabi/bin/../lib/gcc/arm-none-eabi/11.3.1/thumb/v7e-m+fp/hard/libgcc.a(_aeabi_uldivmod.o)
                              CMakeFiles/salt-stm32.elf.dir/Drivers/STM32F4xx_HAL_Driver/Src/stm32f4xx_hal_rcc.c.obj (__aeabi_uldivmod)
/Applications/ArmGNUToolchain/11.3.rel1/arm-none-eabi/bin/../lib/gcc/arm-none-eabi/11.3.1/thumb/v7e-m+fp/hard/libgcc.a(_udivmoddi4.o)
                              /Applications/ArmGNUToolchain/11.3.rel1/arm-none-eabi/bin/../lib/gcc/arm-none-eabi/11.3.1/thumb/v7e-m+fp/hard/libgcc.a(_aeabi_uldivmod.o) (__udivmoddi4)
/Applications/ArmGNUToolchain/11.3.rel1/arm-none-eabi/bin/../lib/gcc/arm-none-eabi/11.3.1/thumb/v7e-m+fp/hard/libgcc.a(_dvmd_tls.o)
                              /Applications/ArmGNUToolchain/11.3.rel1/arm-none-eabi/bin/../lib/gcc/arm-none-eabi/11.3.1/thumb/v7e-m+fp/hard/libgcc.a(_aeabi_uldivmod.o) (__aeabi_ldiv0)
/Applications/ArmGNUToolchain/11.3.rel1/arm-none-eabi/bin/../lib/gcc/arm-none-eabi/11.3.1/../../../../arm-none-eabi/lib/thumb/v7e-m+fp/hard/libg.a(libc_a-assert.o)
                              CMakeFiles/salt-stm32.elf.dir/Utilities/backoff_algorithm/source/backoff_algorithm.c.obj (__assert_func)
/Applications/ArmGNUToolchain/11.3.rel1/arm-none-eabi/bin/../lib/gcc/arm-none-eabi/11.3.1/../../../../arm-none-eabi/lib/thumb/v7e-m+fp/hard/libg.a(libc_a-exit.o)
                              /Applications/ArmGNUToolchain/11.3.rel1/arm-none-eabi/bin/../lib/gcc/arm-none-eabi/11.3.1/../../../../arm-none-eabi/lib/thumb/v7e-m+fp/hard/crt0.o (exit)
/Applications/ArmGNUToolchain/11.3.rel1/arm-none-eabi/bin/../lib/gcc/arm-none-eabi/11.3.1/../../../../arm-none-eabi/lib/thumb/v7e-m+fp/hard/libg.a(libc_a-fiprintf.o)
                              /Applications/ArmGNUToolchain/11.3.rel1/arm-none-eabi/bin/../lib/gcc/arm-none-eabi/11.3.1/../../../../arm-none-eabi/lib/thumb/v7e-m+fp/hard/libg.a(libc_a-assert.o) (fiprintf)
/Applications/ArmGNUToolchain/11.3.rel1/arm-none-eabi/bin/../lib/gcc/arm-none-eabi/11.3.1/../../../../arm-none-eabi/lib/thumb/v7e-m+fp/hard/libg.a(libc_a-vfiprintf.o)
                              /Applications/ArmGNUToolchain/11.3.rel1/arm-none-eabi/bin/../lib/gcc/arm-none-eabi/11.3.1/../../../../arm-none-eabi/lib/thumb/v7e-m+fp/hard/libg.a(libc_a-fiprintf.o) (_vfiprintf_r)
/Applications/ArmGNUToolchain/11.3.rel1/arm-none-eabi/bin/../lib/gcc/arm-none-eabi/11.3.1/../../../../arm-none-eabi/lib/thumb/v7e-m+fp/hard/libg.a(libc_a-snprintf.o)
                              CMakeFiles/salt-stm32.elf.dir/FreeRTOS-Plus-TCP/source/FreeRTOS_Sockets.c.obj (snprintf)
/Applications/ArmGNUToolchain/11.3.rel1/arm-none-eabi/bin/../lib/gcc/arm-none-eabi/11.3.1/../../../../arm-none-eabi/lib/thumb/v7e-m+fp/hard/libg.a(libc_a-fflush.o)
                              /Applications/ArmGNUToolchain/11.3.rel1/arm-none-eabi/bin/../lib/gcc/arm-none-eabi/11.3.1/../../../../arm-none-eabi/lib/thumb/v7e-m+fp/hard/libg.a(libc_a-vfiprintf.o) (_fflush_r)
/Applications/ArmGNUToolchain/11.3.rel1/arm-none-eabi/bin/../lib/gcc/arm-none-eabi/11.3.1/../../../../arm-none-eabi/lib/thumb/v7e-m+fp/hard/libg.a(libc_a-findfp.o)
                              /Applications/ArmGNUToolchain/11.3.rel1/arm-none-eabi/bin/../lib/gcc/arm-none-eabi/11.3.1/../../../../arm-none-eabi/lib/thumb/v7e-m+fp/hard/libg.a(libc_a-vfiprintf.o) (__sinit)
/Applications/ArmGNUToolchain/11.3.rel1/arm-none-eabi/bin/../lib/gcc/arm-none-eabi/11.3.1/../../../../arm-none-eabi/lib/thumb/v7e-m+fp/hard/libg.a(libc_a-fvwrite.o)
                              /Applications/ArmGNUToolchain/11.3.rel1/arm-none-eabi/bin/../lib/gcc/arm-none-eabi/11.3.1/../../../../arm-none-eabi/lib/thumb/v7e-m+fp/hard/libg.a(libc_a-vfiprintf.o) (__sfvwrite_r)
/Applications/ArmGNUToolchain/11.3.rel1/arm-none-eabi/bin/../lib/gcc/arm-none-eabi/11.3.1/../../../../arm-none-eabi/lib/thumb/v7e-m+fp/hard/libg.a(libc_a-fwalk.o)
                              /Applications/ArmGNUToolchain/11.3.rel1/arm-none-eabi/bin/../lib/gcc/arm-none-eabi/11.3.1/../../../../arm-none-eabi/lib/thumb/v7e-m+fp/hard/libg.a(libc_a-fflush.o) (_fwalk_sglue)
/Applications/ArmGNUToolchain/11.3.rel1/arm-none-eabi/bin/../lib/gcc/arm-none-eabi/11.3.1/../../../../arm-none-eabi/lib/thumb/v7e-m+fp/hard/libg.a(libc_a-wsetup.o)
                              /Applications/ArmGNUToolchain/11.3.rel1/arm-none-eabi/bin/../lib/gcc/arm-none-eabi/11.3.1/../../../../arm-none-eabi/lib/thumb/v7e-m+fp/hard/libg.a(libc_a-vfiprintf.o) (__swsetup_r)
/Applications/ArmGNUToolchain/11.3.rel1/arm-none-eabi/bin/../lib/gcc/arm-none-eabi/11.3.1/../../../../arm-none-eabi/lib/thumb/v7e-m+fp/hard/libg.a(libc_a-fputwc.o)
                              /Applications/ArmGNUToolchain/11.3.rel1/arm-none-eabi/bin/../lib/gcc/arm-none-eabi/11.3.1/../../../../arm-none-eabi/lib/thumb/v7e-m+fp/hard/libg.a(libc_a-vfiprintf.o) (_fputwc_r)
[...]
Memory Configuration

Name             Origin             Length             Attributes
CCMRAM           0x0000000010000000 0x0000000000010000 xrw
RAM              0x0000000020000000 0x0000000000030000 xrw
FLASH            0x0000000008000000 0x0000000000200000 xr
*default*        0x0000000000000000 0xffffffffffffffff

Linker script and memory map

LOAD /Applications/ArmGNUToolchain/11.3.rel1/arm-none-eabi/bin/../lib/gcc/arm-none-eabi/11.3.1/thumb/v7e-m+fp/hard/crti.o
LOAD /Applications/ArmGNUToolchain/11.3.rel1/arm-none-eabi/bin/../lib/gcc/arm-none-eabi/11.3.1/thumb/v7e-m+fp/hard/crtbegin.o
LOAD /Applications/ArmGNUToolchain/11.3.rel1/arm-none-eabi/bin/../lib/gcc/arm-none-eabi/11.3.1/../../../../arm-none-eabi/lib/thumb/v7e-m+fp/hard/crt0.o
LOAD CMakeFiles/salt-stm32.elf.dir/Core/Src/freertos.c.obj
LOAD CMakeFiles/salt-stm32.elf.dir/Core/Src/main.c.obj
LOAD CMakeFiles/salt-stm32.elf.dir/Core/Src/stm32f4xx_hal_msp.c.obj
LOAD CMakeFiles/salt-stm32.elf.dir/Core/Src/stm32f4xx_it.c.obj
LOAD CMakeFiles/salt-stm32.elf.dir/Core/Src/syscalls.c.obj
LOAD CMakeFiles/salt-stm32.elf.dir/Core/Src/sysmem.c.obj
LOAD CMakeFiles/salt-stm32.elf.dir/Core/Src/system_stm32f4xx.c.obj
LOAD CMakeFiles/salt-stm32.elf.dir/Core/Startup/startup_stm32f429zitx.s.obj
LOAD CMakeFiles/salt-stm32.elf.dir/Drivers/STM32F4xx_HAL_Driver/Src/stm32f4xx_hal.c.obj
LOAD CMakeFiles/salt-stm32.elf.dir/Drivers/STM32F4xx_HAL_Driver/Src/stm32f4xx_hal_cortex.c.obj
LOAD CMakeFiles/salt-stm32.elf.dir/Drivers/STM32F4xx_HAL_Driver/Src/stm32f4xx_hal_dma.c.obj
LOAD CMakeFiles/salt-stm32.elf.dir/Drivers/STM32F4xx_HAL_Driver/Src/stm32f4xx_hal_dma_ex.c.obj
LOAD CMakeFiles/salt-stm32.elf.dir/Drivers/STM32F4xx_HAL_Driver/Src/stm32f4xx_hal_eth.c.obj
LOAD CMakeFiles/salt-stm32.elf.dir/Drivers/STM32F4xx_HAL_Driver/Src/stm32f4xx_hal_exti.c.obj
LOAD CMakeFiles/salt-stm32.elf.dir/Drivers/STM32F4xx_HAL_Driver/Src/stm32f4xx_hal_flash.c.obj
LOAD CMakeFiles/salt-stm32.elf.dir/Drivers/STM32F4xx_HAL_Driver/Src/stm32f4xx_hal_flash_ex.c.obj
LOAD CMakeFiles/salt-stm32.elf.dir/Drivers/STM32F4xx_HAL_Driver/Src/stm32f4xx_hal_flash_ramfunc.c.obj
LOAD CMakeFiles/salt-stm32.elf.dir/Drivers/STM32F4xx_HAL_Driver/Src/stm32f4xx_hal_gpio.c.obj
LOAD CMakeFiles/salt-stm32.elf.dir/Drivers/STM32F4xx_HAL_Driver/Src/stm32f4xx_hal_pcd.c.obj
LOAD CMakeFiles/salt-stm32.elf.dir/Drivers/STM32F4xx_HAL_Driver/Src/stm32f4xx_hal_pcd_ex.c.obj
LOAD CMakeFiles/salt-stm32.elf.dir/Drivers/STM32F4xx_HAL_Driver/Src/stm32f4xx_hal_pwr.c.obj
LOAD CMakeFiles/salt-stm32.elf.dir/Drivers/STM32F4xx_HAL_Driver/Src/stm32f4xx_hal_pwr_ex.c.obj
LOAD CMakeFiles/salt-stm32.elf.dir/Drivers/STM32F4xx_HAL_Driver/Src/stm32f4xx_hal_rcc.c.obj
LOAD CMakeFiles/salt-stm32.elf.dir/Drivers/STM32F4xx_HAL_Driver/Src/stm32f4xx_hal_rcc_ex.c.obj
LOAD CMakeFiles/salt-stm32.elf.dir/Drivers/STM32F4xx_HAL_Driver/Src/stm32f4xx_hal_tim.c.obj
LOAD CMakeFiles/salt-stm32.elf.dir/Drivers/STM32F4xx_HAL_Driver/Src/stm32f4xx_hal_tim_ex.c.obj
LOAD CMakeFiles/salt-stm32.elf.dir/Drivers/STM32F4xx_HAL_Driver/Src/stm32f4xx_hal_uart.c.obj
LOAD CMakeFiles/salt-stm32.elf.dir/Drivers/STM32F4xx_HAL_Driver/Src/stm32f4xx_ll_usb.c.obj
LOAD CMakeFiles/salt-stm32.elf.dir/FreeRTOS-Plus-TCP/source/FreeRTOS_Sockets.c.obj
LOAD CMakeFiles/salt-stm32.elf.dir/Middlewares/Third_Party/FreeRTOS/Source/CMSIS_RTOS_V2/cmsis_os2.c.obj
LOAD CMakeFiles/salt-stm32.elf.dir/Middlewares/Third_Party/FreeRTOS/Source/croutine.c.obj
LOAD CMakeFiles/salt-stm32.elf.dir/Middlewares/Third_Party/FreeRTOS/Source/event_groups.c.obj
LOAD CMakeFiles/salt-stm32.elf.dir/Middlewares/Third_Party/FreeRTOS/Source/list.c.obj
LOAD CMakeFiles/salt-stm32.elf.dir/Middlewares/Third_Party/FreeRTOS/Source/portable/GCC/ARM_CM4F/port.c.obj
LOAD CMakeFiles/salt-stm32.elf.dir/Middlewares/Third_Party/FreeRTOS/Source/portable/MemMang/heap_4.c.obj
LOAD CMakeFiles/salt-stm32.elf.dir/Middlewares/Third_Party/FreeRTOS/Source/queue.c.obj
LOAD CMakeFiles/salt-stm32.elf.dir/Middlewares/Third_Party/FreeRTOS/Source/stream_buffer.c.obj
LOAD CMakeFiles/salt-stm32.elf.dir/Middlewares/Third_Party/FreeRTOS/Source/tasks.c.obj
LOAD CMakeFiles/salt-stm32.elf.dir/Middlewares/Third_Party/FreeRTOS/Source/timers.c.obj
LOAD CMakeFiles/salt-stm32.elf.dir/Utilities/backoff_algorithm/source/backoff_algorithm.c.obj
LOAD CMakeFiles/salt-stm32.elf.dir/coreMQTT/source/core_mqtt.c.obj
LOAD CMakeFiles/salt-stm32.elf.dir/coreMQTT/source/core_mqtt_serializer.c.obj
LOAD CMakeFiles/salt-stm32.elf.dir/coreMQTT/source/core_mqtt_state.c.obj
LOAD CMakeFiles/salt-stm32.elf.dir/network_transport/sockets_wrapper/cellular/sockets_wrapper.c.obj
LOAD CMakeFiles/salt-stm32.elf.dir/network_transport/using_plaintext/using_plaintext.c.obj
START GROUP
LOAD /Applications/ArmGNUToolchain/11.3.rel1/arm-none-eabi/bin/../lib/gcc/arm-none-eabi/11.3.1/thumb/v7e-m+fp/hard/libgcc.a
LOAD /Applications/ArmGNUToolchain/11.3.rel1/arm-none-eabi/bin/../lib/gcc/arm-none-eabi/11.3.1/../../../../arm-none-eabi/lib/thumb/v7e-m+fp/hard/libg.a
LOAD /Applications/ArmGNUToolchain/11.3.rel1/arm-none-eabi/bin/../lib/gcc/arm-none-eabi/11.3.1/../../../../arm-none-eabi/lib/thumb/v7e-m+fp/hard/libc.a
END GROUP
LOAD /Applications/ArmGNUToolchain/11.3.rel1/arm-none-eabi/bin/../lib/gcc/arm-none-eabi/11.3.1/thumb/v7e-m+fp/hard/crtend.o
LOAD /Applications/ArmGNUToolchain/11.3.rel1/arm-none-eabi/bin/../lib/gcc/arm-none-eabi/11.3.1/thumb/v7e-m+fp/hard/crtn.o
                0x0000000020030000                _estack = (ORIGIN (RAM) + LENGTH (RAM))
                0x0000000000000200                _Min_Heap_Size = 0x200
                0x0000000000000400                _Min_Stack_Size = 0x400

.isr_vector     0x0000000008000000      0x1ac
                0x0000000008000000                . = ALIGN (0x4)
 *(.isr_vector)
 .isr_vector    0x0000000008000000      0x1ac CMakeFiles/salt-stm32.elf.dir/Core/Startup/startup_stm32f429zitx.s.obj
                0x0000000008000000                g_pfnVectors
                0x00000000080001ac                . = ALIGN (0x4)

.text           0x00000000080001c0     0xa088
                0x00000000080001c0                . = ALIGN (0x4)
 *(.text)
 .text          0x00000000080001c0       0x30 /Applications/ArmGNUToolchain/11.3.rel1/arm-none-eabi/bin/../lib/gcc/arm-none-eabi/11.3.1/thumb/v7e-m+fp/hard/libgcc.a(_aeabi_uldivmod.o)
                0x00000000080001c0                __aeabi_uldivmod
 .text          0x00000000080001f0        0x4 /Applications/ArmGNUToolchain/11.3.rel1/arm-none-eabi/bin/../lib/gcc/arm-none-eabi/11.3.1/thumb/v7e-m+fp/hard/libgcc.a(_dvmd_tls.o)
                0x00000000080001f0                __aeabi_ldiv0
                0x00000000080001f0                __aeabi_idiv0
 *fill*         0x00000000080001f4        0xc 
 .text          0x0000000008000200       0xa0 /Applications/ArmGNUToolchain/11.3.rel1/arm-none-eabi/bin/../lib/gcc/arm-none-eabi/11.3.1/../../../../arm-none-eabi/lib/thumb/v7e-m+fp/hard/libg.a(libc_a-memchr.o)
                0x0000000008000200                memchr
 .text          0x00000000080002a0      0x134 /Applications/ArmGNUToolchain/11.3.rel1/arm-none-eabi/bin/../lib/gcc/arm-none-eabi/11.3.1/../../../../arm-none-eabi/lib/thumb/v7e-m+fp/hard/libg.a(libc_a-memcpy.o)
                0x00000000080002a0                memcpy
 *fill*         0x00000000080003d4       0x2c 
 .text          0x0000000008000400       0xdc /Applications/ArmGNUToolchain/11.3.rel1/arm-none-eabi/bin/../lib/gcc/arm-none-eabi/11.3.1/../../../../arm-none-eabi/lib/thumb/v7e-m+fp/hard/libg.a(libc_a-strlen.o)
                0x0000000008000400                strlen
 *(.text*)
 .text.deregister_tm_clones
                0x00000000080004dc       0x1c /Applications/ArmGNUToolchain/11.3.rel1/arm-none-eabi/bin/../lib/gcc/arm-none-eabi/11.3.1/thumb/v7e-m+fp/hard/crtbegin.o
 .text.register_tm_clones
                0x00000000080004f8       0x24 /Applications/ArmGNUToolchain/11.3.rel1/arm-none-eabi/bin/../lib/gcc/arm-none-eabi/11.3.1/thumb/v7e-m+fp/hard/crtbegin.o
 .text.__do_global_dtors_aux
                0x000000000800051c       0x28 /Applications/ArmGNUToolchain/11.3.rel1/arm-none-eabi/bin/../lib/gcc/arm-none-eabi/11.3.1/thumb/v7e-m+fp/hard/crtbegin.o
 .text.frame_dummy
                0x0000000008000544       0x24 /Applications/ArmGNUToolchain/11.3.rel1/arm-none-eabi/bin/../lib/gcc/arm-none-eabi/11.3.1/thumb/v7e-m+fp/hard/crtbegin.o
 .text.prvMQTTProcessIncomingPublish
                0x0000000008000568       0x16 CMakeFiles/salt-stm32.elf.dir/Core/Src/main.c.obj
 *fill*         0x000000000800057e        0x2 
 .text.prvGetTimeMs
                0x0000000008000580       0x14 CMakeFiles/salt-stm32.elf.dir/Core/Src/main.c.obj
 .text.prvCreateMQTTConnectionWithBroker
                0x0000000008000594       0x9c CMakeFiles/salt-stm32.elf.dir/Core/Src/main.c.obj
 .text.prvUpdateSubAckStatus
                0x0000000008000630       0x48 CMakeFiles/salt-stm32.elf.dir/Core/Src/main.c.obj
 .text.prvMQTTProcessResponse
                0x0000000008000678       0x58 CMakeFiles/salt-stm32.elf.dir/Core/Src/main.c.obj
 .text.prvEventCallback
                0x00000000080006d0       0x1e CMakeFiles/salt-stm32.elf.dir/Core/Src/main.c.obj
 *fill*         0x00000000080006ee        0x2 
 .text.prvMQTTPublishToTopic
                0x00000000080006f0       0x4c CMakeFiles/salt-stm32.elf.dir/Core/Src/main.c.obj
 .text.prvMQTTUnsubscribeFromTopic
                0x000000000800073c       0x60 CMakeFiles/salt-stm32.elf.dir/Core/Src/main.c.obj
 .text.MX_GPIO_Init
                0x000000000800079c      0x108 CMakeFiles/salt-stm32.elf.dir/Core/Src/main.c.obj
 .text.StartDefaultTask
                0x00000000080008a4        0xa CMakeFiles/salt-stm32.elf.dir/Core/Src/main.c.obj
                0x00000000080008a4                StartDefaultTask
 *fill*         0x00000000080008ae        0x2 
 .text.uxRand   0x00000000080008b0       0x1c CMakeFiles/salt-stm32.elf.dir/Core/Src/main.c.obj
                0x00000000080008b0                uxRand
 .text.prvConnectToServerWithBackoffRetries
                0x00000000080008cc       0x7c CMakeFiles/salt-stm32.elf.dir/Core/Src/main.c.obj
 .text.prvMQTTSubscribeWithBackoffRetries
                0x0000000008000948       0xf8 CMakeFiles/salt-stm32.elf.dir/Core/Src/main.c.obj
 .text.prvMQTTDemoTask
                0x0000000008000a40       0xf0 CMakeFiles/salt-stm32.elf.dir/Core/Src/main.c.obj
 .text.vStartSimpleMQTTDemo
                0x0000000008000b30       0x24 CMakeFiles/salt-stm32.elf.dir/Core/Src/main.c.obj
                0x0000000008000b30                vStartSimpleMQTTDemo
 .text.Error_Handler
                0x0000000008000b54        0x4 CMakeFiles/salt-stm32.elf.dir/Core/Src/main.c.obj
                0x0000000008000b54                Error_Handler
 .text.MX_ETH_Init
                0x0000000008000b58       0x6c CMakeFiles/salt-stm32.elf.dir/Core/Src/main.c.obj
 .text.MX_USART3_UART_Init
                0x0000000008000bc4       0x34 CMakeFiles/salt-stm32.elf.dir/Core/Src/main.c.obj
 .text.MX_USB_OTG_FS_PCD_Init
                0x0000000008000bf8       0x34 CMakeFiles/salt-stm32.elf.dir/Core/Src/main.c.obj
 .text.SystemClock_Config
                0x0000000008000c2c       0xa8 CMakeFiles/salt-stm32.elf.dir/Core/Src/main.c.obj
                0x0000000008000c2c                SystemClock_Config
 .text.main     0x0000000008000cd4       0x44 CMakeFiles/salt-stm32.elf.dir/Core/Src/main.c.obj
                0x0000000008000cd4                main
 .text.HAL_MspInit
                0x0000000008000d18       0x44 CMakeFiles/salt-stm32.elf.dir/Core/Src/stm32f4xx_hal_msp.c.obj
                0x0000000008000d18                HAL_MspInit
 .text.HAL_ETH_MspInit
                0x0000000008000d5c      0x11c CMakeFiles/salt-stm32.elf.dir/Core/Src/stm32f4xx_hal_msp.c.obj
                0x0000000008000d5c                HAL_ETH_MspInit
 .text.HAL_UART_MspInit
                0x0000000008000e78       0x70 CMakeFiles/salt-stm32.elf.dir/Core/Src/stm32f4xx_hal_msp.c.obj
                0x0000000008000e78                HAL_UART_MspInit
 .text.HAL_PCD_MspInit
                0x0000000008000ee8       0x88 CMakeFiles/salt-stm32.elf.dir/Core/Src/stm32f4xx_hal_msp.c.obj
                0x0000000008000ee8                HAL_PCD_MspInit
 .text.NMI_Handler
                0x0000000008000f70        0x2 CMakeFiles/salt-stm32.elf.dir/Core/Src/stm32f4xx_it.c.obj
                0x0000000008000f70                NMI_Handler
 .text.HardFault_Handler
                0x0000000008000f72        0x2 CMakeFiles/salt-stm32.elf.dir/Core/Src/stm32f4xx_it.c.obj
                0x0000000008000f72                HardFault_Handler
 .text.MemManage_Handler
                0x0000000008000f74        0x2 CMakeFiles/salt-stm32.elf.dir/Core/Src/stm32f4xx_it.c.obj
                0x0000000008000f74                MemManage_Handler
 .text.BusFault_Handler
                0x0000000008000f76        0x2 CMakeFiles/salt-stm32.elf.dir/Core/Src/stm32f4xx_it.c.obj
                0x0000000008000f76                BusFault_Handler
 .text.UsageFault_Handler
                0x0000000008000f78        0x2 CMakeFiles/salt-stm32.elf.dir/Core/Src/stm32f4xx_it.c.obj
                0x0000000008000f78                UsageFault_Handler
 .text.DebugMon_Handler
                0x0000000008000f7a        0x2 CMakeFiles/salt-stm32.elf.dir/Core/Src/stm32f4xx_it.c.obj
                0x0000000008000f7a                DebugMon_Handler
 .text.SysTick_Handler
                0x0000000008000f7c       0x16 CMakeFiles/salt-stm32.elf.dir/Core/Src/stm32f4xx_it.c.obj
                0x0000000008000f7c                SysTick_Handler
 .text._getpid  0x0000000008000f92        0x4 CMakeFiles/salt-stm32.elf.dir/Core/Src/syscalls.c.obj
                0x0000000008000f92                _getpid
 .text._kill    0x0000000008000f96       0x10 CMakeFiles/salt-stm32.elf.dir/Core/Src/syscalls.c.obj
                0x0000000008000f96                _kill
 .text._exit    0x0000000008000fa6        0xc CMakeFiles/salt-stm32.elf.dir/Core/Src/syscalls.c.obj
                0x0000000008000fa6                _exit
 .text._read    0x0000000008000fb2       0x20 CMakeFiles/salt-stm32.elf.dir/Core/Src/syscalls.c.obj
                0x0000000008000fb2                _read
 .text._write   0x0000000008000fd2       0x1c CMakeFiles/salt-stm32.elf.dir/Core/Src/syscalls.c.obj
                0x0000000008000fd2                _write
 .text._close   0x0000000008000fee        0x6 CMakeFiles/salt-stm32.elf.dir/Core/Src/syscalls.c.obj
                0x0000000008000fee                _close
 .text._fstat   0x0000000008000ff4        0xa CMakeFiles/salt-stm32.elf.dir/Core/Src/syscalls.c.obj
                0x0000000008000ff4                _fstat
 .text._isatty  0x0000000008000ffe        0x4 CMakeFiles/salt-stm32.elf.dir/Core/Src/syscalls.c.obj
                0x0000000008000ffe                _isatty
 .text._lseek   0x0000000008001002        0x4 CMakeFiles/salt-stm32.elf.dir/Core/Src/syscalls.c.obj
                0x0000000008001002                _lseek
 *fill*         0x0000000008001006        0x2 
 .text._sbrk    0x0000000008001008       0x48 CMakeFiles/salt-stm32.elf.dir/Core/Src/sysmem.c.obj
                0x0000000008001008                _sbrk
 .text.SystemInit
                0x0000000008001050       0x14 CMakeFiles/salt-stm32.elf.dir/Core/Src/system_stm32f4xx.c.obj
                0x0000000008001050                SystemInit
 .text.Reset_Handler
                0x0000000008001064       0x50 CMakeFiles/salt-stm32.elf.dir/Core/Startup/startup_stm32f429zitx.s.obj
                0x0000000008001064                Reset_Handler
 .text.Default_Handler
                0x00000000080010b4        0x2 CMakeFiles/salt-stm32.elf.dir/Core/Startup/startup_stm32f429zitx.s.obj
                0x00000000080010b4                DMA1_Stream3_IRQHandler
                0x00000000080010b4                HASH_RNG_IRQHandler
                0x00000000080010b4                EXTI2_IRQHandler
                0x00000000080010b4                TIM8_CC_IRQHandler
                0x00000000080010b4                UART8_IRQHandler
                0x00000000080010b4                SPI4_IRQHandler
                0x00000000080010b4                TIM1_CC_IRQHandler
                0x00000000080010b4                DMA2_Stream5_IRQHandler
                0x00000000080010b4                DMA1_Stream5_IRQHandler
                0x00000000080010b4                PVD_IRQHandler
                0x00000000080010b4                SDIO_IRQHandler
                0x00000000080010b4                TAMP_STAMP_IRQHandler
                0x00000000080010b4                CAN2_RX1_IRQHandler
                0x00000000080010b4                EXTI3_IRQHandler
                0x00000000080010b4                TIM8_TRG_COM_TIM14_IRQHandler
                0x00000000080010b4                TIM1_UP_TIM10_IRQHandler
                0x00000000080010b4                TIM8_UP_TIM13_IRQHandler
                0x00000000080010b4                I2C3_ER_IRQHandler
                0x00000000080010b4                EXTI0_IRQHandler
                0x00000000080010b4                I2C2_EV_IRQHandler
                0x00000000080010b4                DMA1_Stream2_IRQHandler
                0x00000000080010b4                CAN1_RX0_IRQHandler
                0x00000000080010b4                FPU_IRQHandler
                0x00000000080010b4                OTG_HS_WKUP_IRQHandler
                0x00000000080010b4                LTDC_ER_IRQHandler
                0x00000000080010b4                CAN2_SCE_IRQHandler
                0x00000000080010b4                DMA2_Stream2_IRQHandler
                0x00000000080010b4                SPI1_IRQHandler
                0x00000000080010b4                TIM6_DAC_IRQHandler
                0x00000000080010b4                TIM1_BRK_TIM9_IRQHandler
                0x00000000080010b4                DCMI_IRQHandler
                0x00000000080010b4                CAN2_RX0_IRQHandler
                0x00000000080010b4                DMA2_Stream3_IRQHandler
                0x00000000080010b4                USART6_IRQHandler
                0x00000000080010b4                USART3_IRQHandler
                0x00000000080010b4                CAN1_RX1_IRQHandler
                0x00000000080010b4                UART5_IRQHandler
                0x00000000080010b4                DMA2_Stream0_IRQHandler
                0x00000000080010b4                TIM4_IRQHandler
                0x00000000080010b4                I2C1_EV_IRQHandler
                0x00000000080010b4                DMA1_Stream6_IRQHandler
                0x00000000080010b4                DMA1_Stream1_IRQHandler
                0x00000000080010b4                UART4_IRQHandler
                0x00000000080010b4                TIM3_IRQHandler
                0x00000000080010b4                RCC_IRQHandler
                0x00000000080010b4                TIM8_BRK_TIM12_IRQHandler
                0x00000000080010b4                Default_Handler
                0x00000000080010b4                EXTI15_10_IRQHandler
                0x00000000080010b4                ADC_IRQHandler
                0x00000000080010b4                DMA1_Stream7_IRQHandler
                0x00000000080010b4                SPI5_IRQHandler
                0x00000000080010b4                TIM7_IRQHandler
                0x00000000080010b4                CAN2_TX_IRQHandler
                0x00000000080010b4                TIM5_IRQHandler
                0x00000000080010b4                DMA2_Stream7_IRQHandler
                0x00000000080010b4                I2C3_EV_IRQHandler
                0x00000000080010b4                EXTI9_5_IRQHandler
                0x00000000080010b4                RTC_WKUP_IRQHandler
                0x00000000080010b4                LTDC_IRQHandler
                0x00000000080010b4                ETH_WKUP_IRQHandler
                0x00000000080010b4                SPI2_IRQHandler
                0x00000000080010b4                OTG_HS_EP1_IN_IRQHandler
                0x00000000080010b4                DMA1_Stream0_IRQHandler
                0x00000000080010b4                CAN1_TX_IRQHandler
                0x00000000080010b4                EXTI4_IRQHandler
                0x00000000080010b4                ETH_IRQHandler
                0x00000000080010b4                OTG_HS_EP1_OUT_IRQHandler
                0x00000000080010b4                WWDG_IRQHandler
                0x00000000080010b4                SPI6_IRQHandler
                0x00000000080010b4                TIM2_IRQHandler
                0x00000000080010b4                OTG_FS_WKUP_IRQHandler
                0x00000000080010b4                TIM1_TRG_COM_TIM11_IRQHandler
                0x00000000080010b4                OTG_HS_IRQHandler
                0x00000000080010b4                DMA2D_IRQHandler
                0x00000000080010b4                EXTI1_IRQHandler
                0x00000000080010b4                UART7_IRQHandler
                0x00000000080010b4                USART2_IRQHandler
                0x00000000080010b4                I2C2_ER_IRQHandler
                0x00000000080010b4                DMA2_Stream1_IRQHandler
                0x00000000080010b4                CAN1_SCE_IRQHandler
                0x00000000080010b4                FLASH_IRQHandler
                0x00000000080010b4                DMA2_Stream4_IRQHandler
                0x00000000080010b4                USART1_IRQHandler
                0x00000000080010b4                OTG_FS_IRQHandler
                0x00000000080010b4                SPI3_IRQHandler
                0x00000000080010b4                DMA1_Stream4_IRQHandler
                0x00000000080010b4                I2C1_ER_IRQHandler
                0x00000000080010b4                FMC_IRQHandler
                0x00000000080010b4                DMA2_Stream6_IRQHandler
                0x00000000080010b4                SAI1_IRQHandler
                0x00000000080010b4                RTC_Alarm_IRQHandler
 *fill*         0x00000000080010b6        0x2 
 .text.HAL_InitTick
                0x00000000080010b8       0x4c CMakeFiles/salt-stm32.elf.dir/Drivers/STM32F4xx_HAL_Driver/Src/stm32f4xx_hal.c.obj
                0x00000000080010b8                HAL_InitTick
 .text.HAL_Init
                0x0000000008001104       0x34 CMakeFiles/salt-stm32.elf.dir/Drivers/STM32F4xx_HAL_Driver/Src/stm32f4xx_hal.c.obj
                0x0000000008001104                HAL_Init
 .text.HAL_IncTick
                0x0000000008001138       0x18 CMakeFiles/salt-stm32.elf.dir/Drivers/STM32F4xx_HAL_Driver/Src/stm32f4xx_hal.c.obj
                0x0000000008001138                HAL_IncTick
 .text.HAL_GetTick
                0x0000000008001150        0xc CMakeFiles/salt-stm32.elf.dir/Drivers/STM32F4xx_HAL_Driver/Src/stm32f4xx_hal.c.obj
                0x0000000008001150                HAL_GetTick
 .text.HAL_Delay
                0x000000000800115c       0x28 CMakeFiles/salt-stm32.elf.dir/Drivers/STM32F4xx_HAL_Driver/Src/stm32f4xx_hal.c.obj
                0x000000000800115c                HAL_Delay
 .text.HAL_NVIC_SetPriorityGrouping
                0x0000000008001184       0x24 CMakeFiles/salt-stm32.elf.dir/Drivers/STM32F4xx_HAL_Driver/Src/stm32f4xx_hal_cortex.c.obj
                0x0000000008001184                HAL_NVIC_SetPriorityGrouping
 .text.HAL_NVIC_SetPriority
                0x00000000080011a8       0x70 CMakeFiles/salt-stm32.elf.dir/Drivers/STM32F4xx_HAL_Driver/Src/stm32f4xx_hal_cortex.c.obj
                0x00000000080011a8                HAL_NVIC_SetPriority
 .text.HAL_SYSTICK_Config
                0x0000000008001218       0x28 CMakeFiles/salt-stm32.elf.dir/Drivers/STM32F4xx_HAL_Driver/Src/stm32f4xx_hal_cortex.c.obj
                0x0000000008001218                HAL_SYSTICK_Config
 .text.ETH_MACAddressConfig
                0x0000000008001240       0x30 CMakeFiles/salt-stm32.elf.dir/Drivers/STM32F4xx_HAL_Driver/Src/stm32f4xx_hal_eth.c.obj
 .text.ETH_DMATxDescListInit
                0x0000000008001270       0x6e CMakeFiles/salt-stm32.elf.dir/Drivers/STM32F4xx_HAL_Driver/Src/stm32f4xx_hal_eth.c.obj
 .text.ETH_DMARxDescListInit
                0x00000000080012de       0x84 CMakeFiles/salt-stm32.elf.dir/Drivers/STM32F4xx_HAL_Driver/Src/stm32f4xx_hal_eth.c.obj
 *fill*         0x0000000008001362        0x2 
 .text.ETH_SetMACConfig
                0x0000000008001364       0xfc CMakeFiles/salt-stm32.elf.dir/Drivers/STM32F4xx_HAL_Driver/Src/stm32f4xx_hal_eth.c.obj
 .text.ETH_SetDMAConfig
                0x0000000008001460       0xc0 CMakeFiles/salt-stm32.elf.dir/Drivers/STM32F4xx_HAL_Driver/Src/stm32f4xx_hal_eth.c.obj
 .text.ETH_MACDMAConfig
                0x0000000008001520       0xa2 CMakeFiles/salt-stm32.elf.dir/Drivers/STM32F4xx_HAL_Driver/Src/stm32f4xx_hal_eth.c.obj
 *fill*         0x00000000080015c2        0x2 
 .text.HAL_ETH_Init
                0x00000000080015c4       0xc0 CMakeFiles/salt-stm32.elf.dir/Drivers/STM32F4xx_HAL_Driver/Src/stm32f4xx_hal_eth.c.obj
                0x00000000080015c4                HAL_ETH_Init
 .text.HAL_GPIO_Init
                0x0000000008001684      0x208 CMakeFiles/salt-stm32.elf.dir/Drivers/STM32F4xx_HAL_Driver/Src/stm32f4xx_hal_gpio.c.obj
                0x0000000008001684                HAL_GPIO_Init
 .text.HAL_GPIO_WritePin
                0x000000000800188c        0xc CMakeFiles/salt-stm32.elf.dir/Drivers/STM32F4xx_HAL_Driver/Src/stm32f4xx_hal_gpio.c.obj
                0x000000000800188c                HAL_GPIO_WritePin
 .text.HAL_PCD_Init
                0x0000000008001898      0x12e CMakeFiles/salt-stm32.elf.dir/Drivers/STM32F4xx_HAL_Driver/Src/stm32f4xx_hal_pcd.c.obj
                0x0000000008001898                HAL_PCD_Init
 *fill*         0x00000000080019c6        0x2 
 .text.HAL_RCC_OscConfig
                0x00000000080019c8      0x3f8 CMakeFiles/salt-stm32.elf.dir/Drivers/STM32F4xx_HAL_Driver/Src/stm32f4xx_hal_rcc.c.obj
                0x00000000080019c8                HAL_RCC_OscConfig
 .text.HAL_RCC_GetSysClockFreq
                0x0000000008001dc0       0xdc CMakeFiles/salt-stm32.elf.dir/Drivers/STM32F4xx_HAL_Driver/Src/stm32f4xx_hal_rcc.c.obj
                0x0000000008001dc0                HAL_RCC_GetSysClockFreq
 .text.HAL_RCC_ClockConfig
                0x0000000008001e9c      0x160 CMakeFiles/salt-stm32.elf.dir/Drivers/STM32F4xx_HAL_Driver/Src/stm32f4xx_hal_rcc.c.obj
                0x0000000008001e9c                HAL_RCC_ClockConfig
 .text.HAL_RCC_GetHCLKFreq
                0x0000000008001ffc        0xc CMakeFiles/salt-stm32.elf.dir/Drivers/STM32F4xx_HAL_Driver/Src/stm32f4xx_hal_rcc.c.obj
                0x0000000008001ffc                HAL_RCC_GetHCLKFreq
 .text.HAL_RCC_GetPCLK1Freq
                0x0000000008002008       0x20 CMakeFiles/salt-stm32.elf.dir/Drivers/STM32F4xx_HAL_Driver/Src/stm32f4xx_hal_rcc.c.obj
                0x0000000008002008                HAL_RCC_GetPCLK1Freq
 .text.HAL_RCC_GetPCLK2Freq
                0x0000000008002028       0x20 CMakeFiles/salt-stm32.elf.dir/Drivers/STM32F4xx_HAL_Driver/Src/stm32f4xx_hal_rcc.c.obj
                0x0000000008002028                HAL_RCC_GetPCLK2Freq
 .text.UART_SetConfig
                0x0000000008002048      0x110 CMakeFiles/salt-stm32.elf.dir/Drivers/STM32F4xx_HAL_Driver/Src/stm32f4xx_hal_uart.c.obj
 .text.HAL_UART_Init
                0x0000000008002158       0x5e CMakeFiles/salt-stm32.elf.dir/Drivers/STM32F4xx_HAL_Driver/Src/stm32f4xx_hal_uart.c.obj
                0x0000000008002158                HAL_UART_Init
 *fill*         0x00000000080021b6        0x2 
 .text.USB_CoreReset
                0x00000000080021b8       0x50 CMakeFiles/salt-stm32.elf.dir/Drivers/STM32F4xx_HAL_Driver/Src/stm32f4xx_ll_usb.c.obj
 .text.USB_CoreInit
                0x0000000008002208       0x8a CMakeFiles/salt-stm32.elf.dir/Drivers/STM32F4xx_HAL_Driver/Src/stm32f4xx_ll_usb.c.obj
                0x0000000008002208                USB_CoreInit
 .text.USB_DisableGlobalInt
                0x0000000008002292        0xc CMakeFiles/salt-stm32.elf.dir/Drivers/STM32F4xx_HAL_Driver/Src/stm32f4xx_ll_usb.c.obj
                0x0000000008002292                USB_DisableGlobalInt
 *fill*         0x000000000800229e        0x2 
 .text.USB_FlushTxFifo
                0x00000000080022a0       0x50 CMakeFiles/salt-stm32.elf.dir/Drivers/STM32F4xx_HAL_Driver/Src/stm32f4xx_ll_usb.c.obj
                0x00000000080022a0                USB_FlushTxFifo
 .text.USB_FlushRxFifo
                0x00000000080022f0       0x4c CMakeFiles/salt-stm32.elf.dir/Drivers/STM32F4xx_HAL_Driver/Src/stm32f4xx_ll_usb.c.obj
                0x00000000080022f0                USB_FlushRxFifo
 .text.USB_SetDevSpeed
                0x000000000800233c        0xe CMakeFiles/salt-stm32.elf.dir/Drivers/STM32F4xx_HAL_Driver/Src/stm32f4xx_ll_usb.c.obj
                0x000000000800233c                USB_SetDevSpeed
 *fill*         0x000000000800234a        0x2 
 .text.USB_DevInit
                0x000000000800234c      0x190 CMakeFiles/salt-stm32.elf.dir/Drivers/STM32F4xx_HAL_Driver/Src/stm32f4xx_ll_usb.c.obj
                0x000000000800234c                USB_DevInit
 .text.USB_DevDisconnect
                0x00000000080024dc       0x1c CMakeFiles/salt-stm32.elf.dir/Drivers/STM32F4xx_HAL_Driver/Src/stm32f4xx_ll_usb.c.obj
                0x00000000080024dc                USB_DevDisconnect
 .text.USB_GetMode
                0x00000000080024f8        0x8 CMakeFiles/salt-stm32.elf.dir/Drivers/STM32F4xx_HAL_Driver/Src/stm32f4xx_ll_usb.c.obj
                0x00000000080024f8                USB_GetMode
 .text.USB_SetCurrentMode
                0x0000000008002500       0x62 CMakeFiles/salt-stm32.elf.dir/Drivers/STM32F4xx_HAL_Driver/Src/stm32f4xx_ll_usb.c.obj
                0x0000000008002500                USB_SetCurrentMode
 .text.prvValidSocket
                0x0000000008002562       0x28 CMakeFiles/salt-stm32.elf.dir/FreeRTOS-Plus-TCP/source/FreeRTOS_Sockets.c.obj
 *fill*         0x000000000800258a        0x2 
 .text.prvTCPCreateStream
                0x000000000800258c       0xa0 CMakeFiles/salt-stm32.elf.dir/FreeRTOS-Plus-TCP/source/FreeRTOS_Sockets.c.obj
 .text.prvTCPSendCheck
                0x000000000800262c       0x7c CMakeFiles/salt-stm32.elf.dir/FreeRTOS-Plus-TCP/source/FreeRTOS_Sockets.c.obj
 .text.FreeRTOS_recv
                0x00000000080026a8      0x15c CMakeFiles/salt-stm32.elf.dir/FreeRTOS-Plus-TCP/source/FreeRTOS_Sockets.c.obj
                0x00000000080026a8                FreeRTOS_recv
 .text.FreeRTOS_send
                0x0000000008002804      0x10e CMakeFiles/salt-stm32.elf.dir/FreeRTOS-Plus-TCP/source/FreeRTOS_Sockets.c.obj
                0x0000000008002804                FreeRTOS_send
 .text.FreeRTOS_rx_size
                0x0000000008002912       0x1e CMakeFiles/salt-stm32.elf.dir/FreeRTOS-Plus-TCP/source/FreeRTOS_Sockets.c.obj
                0x0000000008002912                FreeRTOS_rx_size
 .text.osKernelInitialize
                0x0000000008002930       0x24 CMakeFiles/salt-stm32.elf.dir/Middlewares/Third_Party/FreeRTOS/Source/CMSIS_RTOS_V2/cmsis_os2.c.obj
                0x0000000008002930                osKernelInitialize
 .text.osKernelStart
                0x0000000008002954       0x38 CMakeFiles/salt-stm32.elf.dir/Middlewares/Third_Party/FreeRTOS/Source/CMSIS_RTOS_V2/cmsis_os2.c.obj
                0x0000000008002954                osKernelStart
 .text.osThreadNew
                0x000000000800298c       0xbc CMakeFiles/salt-stm32.elf.dir/Middlewares/Third_Party/FreeRTOS/Source/CMSIS_RTOS_V2/cmsis_os2.c.obj
                0x000000000800298c                osThreadNew
 .text.osDelay  0x0000000008002a48       0x1c CMakeFiles/salt-stm32.elf.dir/Middlewares/Third_Party/FreeRTOS/Source/CMSIS_RTOS_V2/cmsis_os2.c.obj
                0x0000000008002a48                osDelay
 .text.vApplicationGetIdleTaskMemory
                0x0000000008002a64       0x18 CMakeFiles/salt-stm32.elf.dir/Middlewares/Third_Party/FreeRTOS/Source/CMSIS_RTOS_V2/cmsis_os2.c.obj
                0x0000000008002a64                vApplicationGetIdleTaskMemory
 .text.vApplicationGetTimerTaskMemory
                0x0000000008002a7c       0x18 CMakeFiles/salt-stm32.elf.dir/Middlewares/Third_Party/FreeRTOS/Source/CMSIS_RTOS_V2/cmsis_os2.c.obj
                0x0000000008002a7c                vApplicationGetTimerTaskMemory
 .text.prvTestWaitCondition
                0x0000000008002a94       0x1a CMakeFiles/salt-stm32.elf.dir/Middlewares/Third_Party/FreeRTOS/Source/event_groups.c.obj
 .text.xEventGroupCreate
                0x0000000008002aae       0x1c CMakeFiles/salt-stm32.elf.dir/Middlewares/Third_Party/FreeRTOS/Source/event_groups.c.obj
                0x0000000008002aae                xEventGroupCreate
 .text.xEventGroupWaitBits
                0x0000000008002aca      0x108 CMakeFiles/salt-stm32.elf.dir/Middlewares/Third_Party/FreeRTOS/Source/event_groups.c.obj
                0x0000000008002aca                xEventGroupWaitBits
 .text.xEventGroupClearBits
                0x0000000008002bd2       0x46 CMakeFiles/salt-stm32.elf.dir/Middlewares/Third_Party/FreeRTOS/Source/event_groups.c.obj
                0x0000000008002bd2                xEventGroupClearBits
 .text.xEventGroupSetBits
                0x0000000008002c18       0x8c CMakeFiles/salt-stm32.elf.dir/Middlewares/Third_Party/FreeRTOS/Source/event_groups.c.obj
                0x0000000008002c18                xEventGroupSetBits
 .text.vEventGroupDelete
                0x0000000008002ca4       0x44 CMakeFiles/salt-stm32.elf.dir/Middlewares/Third_Party/FreeRTOS/Source/event_groups.c.obj
                0x0000000008002ca4                vEventGroupDelete
 .text.vListInitialise
                0x0000000008002ce8       0x16 CMakeFiles/salt-stm32.elf.dir/Middlewares/Third_Party/FreeRTOS/Source/list.c.obj
                0x0000000008002ce8                vListInitialise
 .text.vListInitialiseItem
                0x0000000008002cfe        0x6 CMakeFiles/salt-stm32.elf.dir/Middlewares/Third_Party/FreeRTOS/Source/list.c.obj
                0x0000000008002cfe                vListInitialiseItem
 .text.vListInsertEnd
                0x0000000008002d04       0x16 CMakeFiles/salt-stm32.elf.dir/Middlewares/Third_Party/FreeRTOS/Source/list.c.obj
                0x0000000008002d04                vListInsertEnd
 .text.vListInsert
                0x0000000008002d1a       0x32 CMakeFiles/salt-stm32.elf.dir/Middlewares/Third_Party/FreeRTOS/Source/list.c.obj
                0x0000000008002d1a                vListInsert
 .text.uxListRemove
                0x0000000008002d4c       0x26 CMakeFiles/salt-stm32.elf.dir/Middlewares/Third_Party/FreeRTOS/Source/list.c.obj
                0x0000000008002d4c                uxListRemove
 *fill*         0x0000000008002d72        0x2 
 .text.prvTaskExitError
                0x0000000008002d74       0x40 CMakeFiles/salt-stm32.elf.dir/Middlewares/Third_Party/FreeRTOS/Source/portable/GCC/ARM_CM4F/port.c.obj
 .text.prvPortStartFirstTask
                0x0000000008002db4       0x28 CMakeFiles/salt-stm32.elf.dir/Middlewares/Third_Party/FreeRTOS/Source/portable/GCC/ARM_CM4F/port.c.obj
 .text.vPortEnableVFP
                0x0000000008002ddc       0x14 CMakeFiles/salt-stm32.elf.dir/Middlewares/Third_Party/FreeRTOS/Source/portable/GCC/ARM_CM4F/port.c.obj
 .text.pxPortInitialiseStack
                0x0000000008002df0       0x2c CMakeFiles/salt-stm32.elf.dir/Middlewares/Third_Party/FreeRTOS/Source/portable/GCC/ARM_CM4F/port.c.obj
                0x0000000008002df0                pxPortInitialiseStack
 *fill*         0x0000000008002e1c        0x4 
 .text.SVC_Handler
                0x0000000008002e20       0x24 CMakeFiles/salt-stm32.elf.dir/Middlewares/Third_Party/FreeRTOS/Source/portable/GCC/ARM_CM4F/port.c.obj
                0x0000000008002e20                SVC_Handler
 .text.vPortEnterCritical
                0x0000000008002e44       0x44 CMakeFiles/salt-stm32.elf.dir/Middlewares/Third_Party/FreeRTOS/Source/portable/GCC/ARM_CM4F/port.c.obj
                0x0000000008002e44                vPortEnterCritical
 .text.vPortExitCritical
                0x0000000008002e88       0x2c CMakeFiles/salt-stm32.elf.dir/Middlewares/Third_Party/FreeRTOS/Source/portable/GCC/ARM_CM4F/port.c.obj
                0x0000000008002e88                vPortExitCritical
 *fill*         0x0000000008002eb4        0xc 
 .text.PendSV_Handler
                0x0000000008002ec0       0x64 CMakeFiles/salt-stm32.elf.dir/Middlewares/Third_Party/FreeRTOS/Source/portable/GCC/ARM_CM4F/port.c.obj
                0x0000000008002ec0                PendSV_Handler
 .text.xPortSysTickHandler
                0x0000000008002f24       0x2c CMakeFiles/salt-stm32.elf.dir/Middlewares/Third_Party/FreeRTOS/Source/portable/GCC/ARM_CM4F/port.c.obj
                0x0000000008002f24                xPortSysTickHandler
 .text.vPortSetupTimerInterrupt
                0x0000000008002f50       0x28 CMakeFiles/salt-stm32.elf.dir/Middlewares/Third_Party/FreeRTOS/Source/portable/GCC/ARM_CM4F/port.c.obj
                0x0000000008002f50                vPortSetupTimerInterrupt
 .text.xPortStartScheduler
                0x0000000008002f78      0x118 CMakeFiles/salt-stm32.elf.dir/Middlewares/Third_Party/FreeRTOS/Source/portable/GCC/ARM_CM4F/port.c.obj
                0x0000000008002f78                xPortStartScheduler
 .text.vPortValidateInterruptPriority
                0x0000000008003090       0x5c CMakeFiles/salt-stm32.elf.dir/Middlewares/Third_Party/FreeRTOS/Source/portable/GCC/ARM_CM4F/port.c.obj
                0x0000000008003090                vPortValidateInterruptPriority
 .text.prvHeapInit
                0x00000000080030ec       0x64 CMakeFiles/salt-stm32.elf.dir/Middlewares/Third_Party/FreeRTOS/Source/portable/MemMang/heap_4.c.obj
 .text.prvInsertBlockIntoFreeList
                0x0000000008003150       0x64 CMakeFiles/salt-stm32.elf.dir/Middlewares/Third_Party/FreeRTOS/Source/portable/MemMang/heap_4.c.obj
 .text.pvPortMalloc
                0x00000000080031b4       0xfc CMakeFiles/salt-stm32.elf.dir/Middlewares/Third_Party/FreeRTOS/Source/portable/MemMang/heap_4.c.obj
                0x00000000080031b4                pvPortMalloc
 .text.vPortFree
                0x00000000080032b0       0x7c CMakeFiles/salt-stm32.elf.dir/Middlewares/Third_Party/FreeRTOS/Source/portable/MemMang/heap_4.c.obj
                0x00000000080032b0                vPortFree
 .text.prvIsQueueFull
                0x000000000800332c       0x1e CMakeFiles/salt-stm32.elf.dir/Middlewares/Third_Party/FreeRTOS/Source/queue.c.obj
 .text.prvIsQueueEmpty
                0x000000000800334a       0x1a CMakeFiles/salt-stm32.elf.dir/Middlewares/Third_Party/FreeRTOS/Source/queue.c.obj
 .text.prvCopyDataToQueue
                0x0000000008003364       0x76 CMakeFiles/salt-stm32.elf.dir/Middlewares/Third_Party/FreeRTOS/Source/queue.c.obj
 .text.prvCopyDataFromQueue
                0x00000000080033da       0x24 CMakeFiles/salt-stm32.elf.dir/Middlewares/Third_Party/FreeRTOS/Source/queue.c.obj
 .text.prvUnlockQueue
                0x00000000080033fe       0x6e CMakeFiles/salt-stm32.elf.dir/Middlewares/Third_Party/FreeRTOS/Source/queue.c.obj
 .text.xQueueGenericReset
                0x000000000800346c       0x84 CMakeFiles/salt-stm32.elf.dir/Middlewares/Third_Party/FreeRTOS/Source/queue.c.obj
                0x000000000800346c                xQueueGenericReset
 .text.prvInitialiseNewQueue
                0x00000000080034f0       0x22 CMakeFiles/salt-stm32.elf.dir/Middlewares/Third_Party/FreeRTOS/Source/queue.c.obj
 .text.xQueueGenericCreateStatic
                0x0000000008003512       0x94 CMakeFiles/salt-stm32.elf.dir/Middlewares/Third_Party/FreeRTOS/Source/queue.c.obj
                0x0000000008003512                xQueueGenericCreateStatic
 .text.xQueueGenericSend
                0x00000000080035a6      0x188 CMakeFiles/salt-stm32.elf.dir/Middlewares/Third_Party/FreeRTOS/Source/queue.c.obj
                0x00000000080035a6                xQueueGenericSend
 .text.xQueueGenericSendFromISR
                0x000000000800372e       0xce CMakeFiles/salt-stm32.elf.dir/Middlewares/Third_Party/FreeRTOS/Source/queue.c.obj
                0x000000000800372e                xQueueGenericSendFromISR
 .text.xQueueReceive
                0x00000000080037fc      0x15e CMakeFiles/salt-stm32.elf.dir/Middlewares/Third_Party/FreeRTOS/Source/queue.c.obj
                0x00000000080037fc                xQueueReceive
 *fill*         0x000000000800395a        0x2 
 .text.vQueueAddToRegistry
                0x000000000800395c       0x28 CMakeFiles/salt-stm32.elf.dir/Middlewares/Third_Party/FreeRTOS/Source/queue.c.obj
                0x000000000800395c                vQueueAddToRegistry
 .text.vQueueWaitForMessageRestricted
                0x0000000008003984       0x52 CMakeFiles/salt-stm32.elf.dir/Middlewares/Third_Party/FreeRTOS/Source/queue.c.obj
                0x0000000008003984                vQueueWaitForMessageRestricted
 *fill*         0x00000000080039d6        0x2 
 .text.prvResetNextTaskUnblockTime
                0x00000000080039d8       0x2c CMakeFiles/salt-stm32.elf.dir/Middlewares/Third_Party/FreeRTOS/Source/tasks.c.obj
 .text.prvInitialiseNewTask
                0x0000000008003a04       0xa2 CMakeFiles/salt-stm32.elf.dir/Middlewares/Third_Party/FreeRTOS/Source/tasks.c.obj
 *fill*         0x0000000008003aa6        0x2 
 .text.prvInitialiseTaskLists
                0x0000000008003aa8       0x68 CMakeFiles/salt-stm32.elf.dir/Middlewares/Third_Party/FreeRTOS/Source/tasks.c.obj
 .text.prvAddNewTaskToReadyList
                0x0000000008003b10       0xac CMakeFiles/salt-stm32.elf.dir/Middlewares/Third_Party/FreeRTOS/Source/tasks.c.obj
 .text.prvDeleteTCB
                0x0000000008003bbc       0x38 CMakeFiles/salt-stm32.elf.dir/Middlewares/Third_Party/FreeRTOS/Source/tasks.c.obj
 .text.prvCheckTasksWaitingTermination
                0x0000000008003bf4       0x4c CMakeFiles/salt-stm32.elf.dir/Middlewares/Third_Party/FreeRTOS/Source/tasks.c.obj
 .text.prvIdleTask
                0x0000000008003c40       0x28 CMakeFiles/salt-stm32.elf.dir/Middlewares/Third_Party/FreeRTOS/Source/tasks.c.obj
 .text.prvAddCurrentTaskToDelayedList
                0x0000000008003c68       0x7c CMakeFiles/salt-stm32.elf.dir/Middlewares/Third_Party/FreeRTOS/Source/tasks.c.obj
 .text.xTaskCreateStatic
                0x0000000008003ce4       0x76 CMakeFiles/salt-stm32.elf.dir/Middlewares/Third_Party/FreeRTOS/Source/tasks.c.obj
                0x0000000008003ce4                xTaskCreateStatic
 .text.xTaskCreate
                0x0000000008003d5a       0x68 CMakeFiles/salt-stm32.elf.dir/Middlewares/Third_Party/FreeRTOS/Source/tasks.c.obj
                0x0000000008003d5a                xTaskCreate
 *fill*         0x0000000008003dc2        0x2 
 .text.vTaskStartScheduler
                0x0000000008003dc4       0x9c CMakeFiles/salt-stm32.elf.dir/Middlewares/Third_Party/FreeRTOS/Source/tasks.c.obj
                0x0000000008003dc4                vTaskStartScheduler
 .text.vTaskSuspendAll
                0x0000000008003e60       0x10 CMakeFiles/salt-stm32.elf.dir/Middlewares/Third_Party/FreeRTOS/Source/tasks.c.obj
                0x0000000008003e60                vTaskSuspendAll
 .text.xTaskGetTickCount
                0x0000000008003e70        0xc CMakeFiles/salt-stm32.elf.dir/Middlewares/Third_Party/FreeRTOS/Source/tasks.c.obj
                0x0000000008003e70                xTaskGetTickCount
 .text.xTaskIncrementTick
                0x0000000008003e7c      0x118 CMakeFiles/salt-stm32.elf.dir/Middlewares/Third_Party/FreeRTOS/Source/tasks.c.obj
                0x0000000008003e7c                xTaskIncrementTick
 .text.xTaskResumeAll
                0x0000000008003f94       0xf8 CMakeFiles/salt-stm32.elf.dir/Middlewares/Third_Party/FreeRTOS/Source/tasks.c.obj
                0x0000000008003f94                xTaskResumeAll
 .text.vTaskDelay
                0x000000000800408c       0x4c CMakeFiles/salt-stm32.elf.dir/Middlewares/Third_Party/FreeRTOS/Source/tasks.c.obj
                0x000000000800408c                vTaskDelay
 .text.vTaskSwitchContext
                0x00000000080040d8       0x94 CMakeFiles/salt-stm32.elf.dir/Middlewares/Third_Party/FreeRTOS/Source/tasks.c.obj
                0x00000000080040d8                vTaskSwitchContext
 .text.vTaskPlaceOnEventList
                0x000000000800416c       0x30 CMakeFiles/salt-stm32.elf.dir/Middlewares/Third_Party/FreeRTOS/Source/tasks.c.obj
                0x000000000800416c                vTaskPlaceOnEventList
 .text.vTaskPlaceOnUnorderedEventList
                0x000000000800419c       0x58 CMakeFiles/salt-stm32.elf.dir/Middlewares/Third_Party/FreeRTOS/Source/tasks.c.obj
                0x000000000800419c                vTaskPlaceOnUnorderedEventList
 .text.vTaskPlaceOnEventListRestricted
                0x00000000080041f4       0x38 CMakeFiles/salt-stm32.elf.dir/Middlewares/Third_Party/FreeRTOS/Source/tasks.c.obj
                0x00000000080041f4                vTaskPlaceOnEventListRestricted
 .text.xTaskRemoveFromEventList
                0x000000000800422c       0x8c CMakeFiles/salt-stm32.elf.dir/Middlewares/Third_Party/FreeRTOS/Source/tasks.c.obj
                0x000000000800422c                xTaskRemoveFromEventList
 .text.vTaskRemoveFromUnorderedEventList
                0x00000000080042b8       0x88 CMakeFiles/salt-stm32.elf.dir/Middlewares/Third_Party/FreeRTOS/Source/tasks.c.obj
                0x00000000080042b8                vTaskRemoveFromUnorderedEventList
 .text.vTaskSetTimeOutState
                0x0000000008004340       0x38 CMakeFiles/salt-stm32.elf.dir/Middlewares/Third_Party/FreeRTOS/Source/tasks.c.obj
                0x0000000008004340                vTaskSetTimeOutState
 .text.vTaskInternalSetTimeOutState
                0x0000000008004378       0x18 CMakeFiles/salt-stm32.elf.dir/Middlewares/Third_Party/FreeRTOS/Source/tasks.c.obj
                0x0000000008004378                vTaskInternalSetTimeOutState
 .text.xTaskCheckForTimeOut
                0x0000000008004390       0x84 CMakeFiles/salt-stm32.elf.dir/Middlewares/Third_Party/FreeRTOS/Source/tasks.c.obj
                0x0000000008004390                xTaskCheckForTimeOut
 .text.vTaskMissedYield
                0x0000000008004414        0xc CMakeFiles/salt-stm32.elf.dir/Middlewares/Third_Party/FreeRTOS/Source/tasks.c.obj
                0x0000000008004414                vTaskMissedYield
 .text.xTaskGetSchedulerState
                0x0000000008004420       0x20 CMakeFiles/salt-stm32.elf.dir/Middlewares/Third_Party/FreeRTOS/Source/tasks.c.obj
                0x0000000008004420                xTaskGetSchedulerState
 .text.xTaskPriorityDisinherit
                0x0000000008004440       0x90 CMakeFiles/salt-stm32.elf.dir/Middlewares/Third_Party/FreeRTOS/Source/tasks.c.obj
                0x0000000008004440                xTaskPriorityDisinherit
 .text.uxTaskResetEventItemValue
                0x00000000080044d0       0x18 CMakeFiles/salt-stm32.elf.dir/Middlewares/Third_Party/FreeRTOS/Source/tasks.c.obj
                0x00000000080044d0                uxTaskResetEventItemValue
 .text.prvGetNextExpireTime
                0x00000000080044e8       0x20 CMakeFiles/salt-stm32.elf.dir/Middlewares/Third_Party/FreeRTOS/Source/timers.c.obj
 .text.prvInsertTimerInActiveList
                0x0000000008004508       0x48 CMakeFiles/salt-stm32.elf.dir/Middlewares/Third_Party/FreeRTOS/Source/timers.c.obj
 .text.prvCheckForValidListAndQueue
                0x0000000008004550       0x70 CMakeFiles/salt-stm32.elf.dir/Middlewares/Third_Party/FreeRTOS/Source/timers.c.obj
 .text.xTimerCreateTimerTask
                0x00000000080045c0       0x64 CMakeFiles/salt-stm32.elf.dir/Middlewares/Third_Party/FreeRTOS/Source/timers.c.obj
                0x00000000080045c0                xTimerCreateTimerTask
 .text.xTimerGenericCommand
                0x0000000008004624       0x6c CMakeFiles/salt-stm32.elf.dir/Middlewares/Third_Party/FreeRTOS/Source/timers.c.obj
                0x0000000008004624                xTimerGenericCommand
 .text.prvSwitchTimerLists
                0x0000000008004690       0x7c CMakeFiles/salt-stm32.elf.dir/Middlewares/Third_Party/FreeRTOS/Source/timers.c.obj
 .text.prvSampleTimeNow
                0x000000000800470c       0x2c CMakeFiles/salt-stm32.elf.dir/Middlewares/Third_Party/FreeRTOS/Source/timers.c.obj
 .text.prvProcessExpiredTimer
                0x0000000008004738       0x6c CMakeFiles/salt-stm32.elf.dir/Middlewares/Third_Party/FreeRTOS/Source/timers.c.obj
 .text.prvProcessTimerOrBlockTask
                0x00000000080047a4       0x74 CMakeFiles/salt-stm32.elf.dir/Middlewares/Third_Party/FreeRTOS/Source/timers.c.obj
 .text.prvProcessReceivedCommands
                0x0000000008004818      0x10c CMakeFiles/salt-stm32.elf.dir/Middlewares/Third_Party/FreeRTOS/Source/timers.c.obj
 .text.prvTimerTask
                0x0000000008004924       0x16 CMakeFiles/salt-stm32.elf.dir/Middlewares/Third_Party/FreeRTOS/Source/timers.c.obj
 *fill*         0x000000000800493a        0x2 
 .text.BackoffAlgorithm_GetNextBackoff
                0x000000000800493c       0x70 CMakeFiles/salt-stm32.elf.dir/Utilities/backoff_algorithm/source/backoff_algorithm.c.obj
                0x000000000800493c                BackoffAlgorithm_GetNextBackoff
 .text.BackoffAlgorithm_InitializeParams
                0x00000000080049ac       0x28 CMakeFiles/salt-stm32.elf.dir/Utilities/backoff_algorithm/source/backoff_algorithm.c.obj
                0x00000000080049ac                BackoffAlgorithm_InitializeParams
 .text.calculateElapsedTime
                0x00000000080049d4        0x4 CMakeFiles/salt-stm32.elf.dir/coreMQTT/source/core_mqtt.c.obj
 .text.getAckTypeToSend
                0x00000000080049d8       0x22 CMakeFiles/salt-stm32.elf.dir/coreMQTT/source/core_mqtt.c.obj
 .text.validateSubscribeUnsubscribeParams
                0x00000000080049fa       0x36 CMakeFiles/salt-stm32.elf.dir/coreMQTT/source/core_mqtt.c.obj
 .text.validatePublishParams
                0x0000000008004a30       0x34 CMakeFiles/salt-stm32.elf.dir/coreMQTT/source/core_mqtt.c.obj
 .text.addEncodedStringToVector
                0x0000000008004a64       0x60 CMakeFiles/salt-stm32.elf.dir/coreMQTT/source/core_mqtt.c.obj
 .text.sendMessageVector
                0x0000000008004ac4      0x134 CMakeFiles/salt-stm32.elf.dir/coreMQTT/source/core_mqtt.c.obj
 .text.sendPublishWithoutCopy
                0x0000000008004bf8       0x66 CMakeFiles/salt-stm32.elf.dir/coreMQTT/source/core_mqtt.c.obj
 *fill*         0x0000000008004c5e        0x2 
 .text.sendConnectWithoutCopy
                0x0000000008004c60       0xe4 CMakeFiles/salt-stm32.elf.dir/coreMQTT/source/core_mqtt.c.obj
 .text.recvExact
                0x0000000008004d44       0xe8 CMakeFiles/salt-stm32.elf.dir/coreMQTT/source/core_mqtt.c.obj
 .text.discardPacket
                0x0000000008004e2c       0x8c CMakeFiles/salt-stm32.elf.dir/coreMQTT/source/core_mqtt.c.obj
 .text.receivePacket
                0x0000000008004eb8       0x68 CMakeFiles/salt-stm32.elf.dir/coreMQTT/source/core_mqtt.c.obj
 .text.getAckFromPacketType
                0x0000000008004f20       0x3c CMakeFiles/salt-stm32.elf.dir/coreMQTT/source/core_mqtt.c.obj
 .text.sendBuffer
                0x0000000008004f5c       0xc4 CMakeFiles/salt-stm32.elf.dir/coreMQTT/source/core_mqtt.c.obj
 .text.discardStoredPacket
                0x0000000008005020       0xa8 CMakeFiles/salt-stm32.elf.dir/coreMQTT/source/core_mqtt.c.obj
 .text.receiveConnack
                0x00000000080050c8       0xfc CMakeFiles/salt-stm32.elf.dir/coreMQTT/source/core_mqtt.c.obj
 .text.sendPublishAcks
                0x00000000080051c4       0x88 CMakeFiles/salt-stm32.elf.dir/coreMQTT/source/core_mqtt.c.obj
 .text.handleSessionResumption
                0x000000000800524c       0x9c CMakeFiles/salt-stm32.elf.dir/coreMQTT/source/core_mqtt.c.obj
 .text.handlePublishAcks
                0x00000000080052e8       0xac CMakeFiles/salt-stm32.elf.dir/coreMQTT/source/core_mqtt.c.obj
 .text.handleIncomingAck
                0x0000000008005394       0xf0 CMakeFiles/salt-stm32.elf.dir/coreMQTT/source/core_mqtt.c.obj
 .text.sendSubscribeWithoutCopy
                0x0000000008005484       0xa8 CMakeFiles/salt-stm32.elf.dir/coreMQTT/source/core_mqtt.c.obj
 .text.sendUnsubscribeWithoutCopy
                0x000000000800552c       0x90 CMakeFiles/salt-stm32.elf.dir/coreMQTT/source/core_mqtt.c.obj
 .text.handleIncomingPublish
                0x00000000080055bc       0xec CMakeFiles/salt-stm32.elf.dir/coreMQTT/source/core_mqtt.c.obj
 .text.MQTT_Init
                0x00000000080056a8       0x68 CMakeFiles/salt-stm32.elf.dir/coreMQTT/source/core_mqtt.c.obj
                0x00000000080056a8                MQTT_Init
 .text.MQTT_Connect
                0x0000000008005710       0x86 CMakeFiles/salt-stm32.elf.dir/coreMQTT/source/core_mqtt.c.obj
                0x0000000008005710                MQTT_Connect
 .text.MQTT_Subscribe
                0x0000000008005796       0x42 CMakeFiles/salt-stm32.elf.dir/coreMQTT/source/core_mqtt.c.obj
                0x0000000008005796                MQTT_Subscribe
 .text.MQTT_Publish
                0x00000000080057d8       0x7e CMakeFiles/salt-stm32.elf.dir/coreMQTT/source/core_mqtt.c.obj
                0x00000000080057d8                MQTT_Publish
 .text.MQTT_Ping
                0x0000000008005856       0x54 CMakeFiles/salt-stm32.elf.dir/coreMQTT/source/core_mqtt.c.obj
                0x0000000008005856                MQTT_Ping
 *fill*         0x00000000080058aa        0x2 
 .text.handleKeepAlive
                0x00000000080058ac       0xa0 CMakeFiles/salt-stm32.elf.dir/coreMQTT/source/core_mqtt.c.obj
 .text.receiveSingleIteration
                0x000000000800594c      0x114 CMakeFiles/salt-stm32.elf.dir/coreMQTT/source/core_mqtt.c.obj
 .text.MQTT_Unsubscribe
                0x0000000008005a60       0x42 CMakeFiles/salt-stm32.elf.dir/coreMQTT/source/core_mqtt.c.obj
                0x0000000008005a60                MQTT_Unsubscribe
 .text.MQTT_Disconnect
                0x0000000008005aa2       0x5c CMakeFiles/salt-stm32.elf.dir/coreMQTT/source/core_mqtt.c.obj
                0x0000000008005aa2                MQTT_Disconnect
 .text.MQTT_ProcessLoop
                0x0000000008005afe       0x26 CMakeFiles/salt-stm32.elf.dir/coreMQTT/source/core_mqtt.c.obj
                0x0000000008005afe                MQTT_ProcessLoop
 .text.MQTT_GetPacketId
                0x0000000008005b24       0x1e CMakeFiles/salt-stm32.elf.dir/coreMQTT/source/core_mqtt.c.obj
                0x0000000008005b24                MQTT_GetPacketId
 .text.MQTT_GetSubAckStatusCodes
                0x0000000008005b42       0x44 CMakeFiles/salt-stm32.elf.dir/coreMQTT/source/core_mqtt.c.obj
                0x0000000008005b42                MQTT_GetSubAckStatusCodes
 .text.remainingLengthEncodedSize
                0x0000000008005b86       0x20 CMakeFiles/salt-stm32.elf.dir/coreMQTT/source/core_mqtt_serializer.c.obj
 .text.getRemainingLength
                0x0000000008005ba6       0x72 CMakeFiles/salt-stm32.elf.dir/coreMQTT/source/core_mqtt_serializer.c.obj
 .text.processRemainingLength
                0x0000000008005c18       0x64 CMakeFiles/salt-stm32.elf.dir/coreMQTT/source/core_mqtt_serializer.c.obj
 .text.incomingPacketValid
                0x0000000008005c7c       0x6c CMakeFiles/salt-stm32.elf.dir/coreMQTT/source/core_mqtt_serializer.c.obj
 .text.checkPublishRemainingLength
                0x0000000008005ce8       0x1c CMakeFiles/salt-stm32.elf.dir/coreMQTT/source/core_mqtt_serializer.c.obj
 .text.encodeRemainingLength
                0x0000000008005d04       0x3c CMakeFiles/salt-stm32.elf.dir/coreMQTT/source/core_mqtt_serializer.c.obj
 .text.calculateSubscriptionPacketSize
                0x0000000008005d40       0xc0 CMakeFiles/salt-stm32.elf.dir/coreMQTT/source/core_mqtt_serializer.c.obj
 .text.calculatePublishPacketSize
                0x0000000008005e00       0x90 CMakeFiles/salt-stm32.elf.dir/coreMQTT/source/core_mqtt_serializer.c.obj
 .text.processPublishFlags
                0x0000000008005e90       0x58 CMakeFiles/salt-stm32.elf.dir/coreMQTT/source/core_mqtt_serializer.c.obj
 .text.deserializePublish
                0x0000000008005ee8       0xd8 CMakeFiles/salt-stm32.elf.dir/coreMQTT/source/core_mqtt_serializer.c.obj
 .text.logConnackResponse
                0x0000000008005fc0       0x40 CMakeFiles/salt-stm32.elf.dir/coreMQTT/source/core_mqtt_serializer.c.obj
 .text.deserializeConnack
                0x0000000008006000       0x7c CMakeFiles/salt-stm32.elf.dir/coreMQTT/source/core_mqtt_serializer.c.obj
 .text.readSubackStatus
                0x000000000800607c       0x44 CMakeFiles/salt-stm32.elf.dir/coreMQTT/source/core_mqtt_serializer.c.obj
 .text.deserializeSuback
                0x00000000080060c0       0x5c CMakeFiles/salt-stm32.elf.dir/coreMQTT/source/core_mqtt_serializer.c.obj
 .text.deserializePingresp
                0x000000000800611c       0x2c CMakeFiles/salt-stm32.elf.dir/coreMQTT/source/core_mqtt_serializer.c.obj
 .text.deserializeSimpleAck
                0x0000000008006148       0x54 CMakeFiles/salt-stm32.elf.dir/coreMQTT/source/core_mqtt_serializer.c.obj
 .text.encodeString
                0x000000000800619c       0x38 CMakeFiles/salt-stm32.elf.dir/coreMQTT/source/core_mqtt_serializer.c.obj
 .text.MQTT_SerializePublishHeaderWithoutTopic
                0x00000000080061d4       0x5a CMakeFiles/salt-stm32.elf.dir/coreMQTT/source/core_mqtt_serializer.c.obj
                0x00000000080061d4                MQTT_SerializePublishHeaderWithoutTopic
 *fill*         0x000000000800622e        0x2 
 .text.MQTT_SerializeConnectFixedHeader
                0x0000000008006230       0x74 CMakeFiles/salt-stm32.elf.dir/coreMQTT/source/core_mqtt_serializer.c.obj
                0x0000000008006230                MQTT_SerializeConnectFixedHeader
 .text.MQTT_GetConnectPacketSize
                0x00000000080062a4       0x6c CMakeFiles/salt-stm32.elf.dir/coreMQTT/source/core_mqtt_serializer.c.obj
                0x00000000080062a4                MQTT_GetConnectPacketSize
 .text.MQTT_GetSubscribePacketSize
                0x0000000008006310       0x2e CMakeFiles/salt-stm32.elf.dir/coreMQTT/source/core_mqtt_serializer.c.obj
                0x0000000008006310                MQTT_GetSubscribePacketSize
 .text.MQTT_SerializeSubscribeHeader
                0x000000000800633e       0x1e CMakeFiles/salt-stm32.elf.dir/coreMQTT/source/core_mqtt_serializer.c.obj
                0x000000000800633e                MQTT_SerializeSubscribeHeader
 .text.MQTT_SerializeUnsubscribeHeader
                0x000000000800635c       0x1e CMakeFiles/salt-stm32.elf.dir/coreMQTT/source/core_mqtt_serializer.c.obj
                0x000000000800635c                MQTT_SerializeUnsubscribeHeader
 .text.MQTT_GetUnsubscribePacketSize
                0x000000000800637a       0x2e CMakeFiles/salt-stm32.elf.dir/coreMQTT/source/core_mqtt_serializer.c.obj
                0x000000000800637a                MQTT_GetUnsubscribePacketSize
 .text.MQTT_GetPublishPacketSize
                0x00000000080063a8       0x36 CMakeFiles/salt-stm32.elf.dir/coreMQTT/source/core_mqtt_serializer.c.obj
                0x00000000080063a8                MQTT_GetPublishPacketSize
 .text.MQTT_SerializeAck
                0x00000000080063de       0x56 CMakeFiles/salt-stm32.elf.dir/coreMQTT/source/core_mqtt_serializer.c.obj
                0x00000000080063de                MQTT_SerializeAck
 .text.MQTT_GetDisconnectPacketSize
                0x0000000008006434        0xe CMakeFiles/salt-stm32.elf.dir/coreMQTT/source/core_mqtt_serializer.c.obj
                0x0000000008006434                MQTT_GetDisconnectPacketSize
 .text.MQTT_SerializeDisconnect
                0x0000000008006442       0x2c CMakeFiles/salt-stm32.elf.dir/coreMQTT/source/core_mqtt_serializer.c.obj
                0x0000000008006442                MQTT_SerializeDisconnect
 .text.MQTT_GetPingreqPacketSize
                0x000000000800646e        0xe CMakeFiles/salt-stm32.elf.dir/coreMQTT/source/core_mqtt_serializer.c.obj
                0x000000000800646e                MQTT_GetPingreqPacketSize
 .text.MQTT_SerializePingreq
                0x000000000800647c       0x2c CMakeFiles/salt-stm32.elf.dir/coreMQTT/source/core_mqtt_serializer.c.obj
                0x000000000800647c                MQTT_SerializePingreq
 .text.MQTT_DeserializePublish
                0x00000000080064a8       0x34 CMakeFiles/salt-stm32.elf.dir/coreMQTT/source/core_mqtt_serializer.c.obj
                0x00000000080064a8                MQTT_DeserializePublish
 .text.MQTT_DeserializeAck
                0x00000000080064dc       0x98 CMakeFiles/salt-stm32.elf.dir/coreMQTT/source/core_mqtt_serializer.c.obj
                0x00000000080064dc                MQTT_DeserializeAck
 .text.MQTT_GetIncomingPacketTypeAndLength
                0x0000000008006574       0x68 CMakeFiles/salt-stm32.elf.dir/coreMQTT/source/core_mqtt_serializer.c.obj
                0x0000000008006574                MQTT_GetIncomingPacketTypeAndLength
 .text.MQTT_ProcessIncomingPacketTypeAndLength
                0x00000000080065dc       0x3c CMakeFiles/salt-stm32.elf.dir/coreMQTT/source/core_mqtt_serializer.c.obj
                0x00000000080065dc                MQTT_ProcessIncomingPacketTypeAndLength
 .text.validateTransitionPublish
                0x0000000008006618       0x5e CMakeFiles/salt-stm32.elf.dir/coreMQTT/source/core_mqtt_state.c.obj
 .text.validateTransitionAck
                0x0000000008006676       0x78 CMakeFiles/salt-stm32.elf.dir/coreMQTT/source/core_mqtt_state.c.obj
 .text.isPublishOutgoing
                0x00000000080066ee       0x28 CMakeFiles/salt-stm32.elf.dir/coreMQTT/source/core_mqtt_state.c.obj
 *fill*         0x0000000008006716        0x2 
 .text.compactRecords
                0x0000000008006718       0x74 CMakeFiles/salt-stm32.elf.dir/coreMQTT/source/core_mqtt_state.c.obj
 .text.addRecord
                0x000000000800678c       0x98 CMakeFiles/salt-stm32.elf.dir/coreMQTT/source/core_mqtt_state.c.obj
 .text.findInRecord
                0x0000000008006824       0x50 CMakeFiles/salt-stm32.elf.dir/coreMQTT/source/core_mqtt_state.c.obj
 .text.updateRecord
                0x0000000008006874       0x3c CMakeFiles/salt-stm32.elf.dir/coreMQTT/source/core_mqtt_state.c.obj
 .text.updateStatePublish
                0x00000000080068b0       0xa8 CMakeFiles/salt-stm32.elf.dir/coreMQTT/source/core_mqtt_state.c.obj
 .text.updateStateAck
                0x0000000008006958       0x88 CMakeFiles/salt-stm32.elf.dir/coreMQTT/source/core_mqtt_state.c.obj
 .text.stateSelect
                0x00000000080069e0       0xb0 CMakeFiles/salt-stm32.elf.dir/coreMQTT/source/core_mqtt_state.c.obj
 .text.MQTT_CalculateStateAck
                0x0000000008006a90       0x40 CMakeFiles/salt-stm32.elf.dir/coreMQTT/source/core_mqtt_state.c.obj
                0x0000000008006a90                MQTT_CalculateStateAck
 .text.MQTT_ReserveState
                0x0000000008006ad0       0x2a CMakeFiles/salt-stm32.elf.dir/coreMQTT/source/core_mqtt_state.c.obj
                0x0000000008006ad0                MQTT_ReserveState
 .text.MQTT_CalculateStatePublish
                0x0000000008006afa       0x26 CMakeFiles/salt-stm32.elf.dir/coreMQTT/source/core_mqtt_state.c.obj
                0x0000000008006afa                MQTT_CalculateStatePublish
 .text.MQTT_UpdateStatePublish
                0x0000000008006b20       0xb6 CMakeFiles/salt-stm32.elf.dir/coreMQTT/source/core_mqtt_state.c.obj
                0x0000000008006b20                MQTT_UpdateStatePublish
 .text.MQTT_UpdateStateAck
                0x0000000008006bd6       0xbc CMakeFiles/salt-stm32.elf.dir/coreMQTT/source/core_mqtt_state.c.obj
                0x0000000008006bd6                MQTT_UpdateStateAck
 .text.MQTT_PubrelToResend
                0x0000000008006c92       0x28 CMakeFiles/salt-stm32.elf.dir/coreMQTT/source/core_mqtt_state.c.obj
                0x0000000008006c92                MQTT_PubrelToResend
 .text.prvSetupSocketRecvTimeout
                0x0000000008006cba       0x1e CMakeFiles/salt-stm32.elf.dir/network_transport/sockets_wrapper/cellular/sockets_wrapper.c.obj
 .text.prvSetupSocketSendTimeout
                0x0000000008006cd8       0x1e CMakeFiles/salt-stm32.elf.dir/network_transport/sockets_wrapper/cellular/sockets_wrapper.c.obj
 *fill*         0x0000000008006cf6        0x2 
 .text.prvCellularSocketRegisterCallback
                0x0000000008006cf8       0x70 CMakeFiles/salt-stm32.elf.dir/network_transport/sockets_wrapper/cellular/sockets_wrapper.c.obj
 .text.prvCellularSocketClosedCallback
                0x0000000008006d68       0x1a CMakeFiles/salt-stm32.elf.dir/network_transport/sockets_wrapper/cellular/sockets_wrapper.c.obj
 .text.prvCellularSocketOpenCallback
                0x0000000008006d82       0x28 CMakeFiles/salt-stm32.elf.dir/network_transport/sockets_wrapper/cellular/sockets_wrapper.c.obj
 .text.prvCellularSocketDataReadyCallback
                0x0000000008006daa       0x12 CMakeFiles/salt-stm32.elf.dir/network_transport/sockets_wrapper/cellular/sockets_wrapper.c.obj
 .text.Sockets_Connect
                0x0000000008006dbc      0x194 CMakeFiles/salt-stm32.elf.dir/network_transport/sockets_wrapper/cellular/sockets_wrapper.c.obj
                0x0000000008006dbc                Sockets_Connect
 .text.Sockets_Disconnect
                0x0000000008006f50       0x8c CMakeFiles/salt-stm32.elf.dir/network_transport/sockets_wrapper/cellular/sockets_wrapper.c.obj
                0x0000000008006f50                Sockets_Disconnect
 .text.Plaintext_FreeRTOS_Connect
                0x0000000008006fdc       0x2c CMakeFiles/salt-stm32.elf.dir/network_transport/using_plaintext/using_plaintext.c.obj
                0x0000000008006fdc                Plaintext_FreeRTOS_Connect
 .text.Plaintext_FreeRTOS_Disconnect
                0x0000000008007008       0x24 CMakeFiles/salt-stm32.elf.dir/network_transport/using_plaintext/using_plaintext.c.obj
                0x0000000008007008                Plaintext_FreeRTOS_Disconnect
 .text.Plaintext_FreeRTOS_recv
                0x000000000800702c       0x46 CMakeFiles/salt-stm32.elf.dir/network_transport/using_plaintext/using_plaintext.c.obj
                0x000000000800702c                Plaintext_FreeRTOS_recv
 .text.Plaintext_FreeRTOS_send
                0x0000000008007072       0x38 CMakeFiles/salt-stm32.elf.dir/network_transport/using_plaintext/using_plaintext.c.obj
                0x0000000008007072                Plaintext_FreeRTOS_send
 *fill*         0x00000000080070aa        0x2 
 .text.__udivmoddi4
                0x00000000080070ac      0x2c8 /Applications/ArmGNUToolchain/11.3.rel1/arm-none-eabi/bin/../lib/gcc/arm-none-eabi/11.3.1/thumb/v7e-m+fp/hard/libgcc.a(_udivmoddi4.o)
                0x00000000080070ac                __udivmoddi4
 .text.__assert_func
                0x0000000008007374       0x40 /Applications/ArmGNUToolchain/11.3.rel1/arm-none-eabi/bin/../lib/gcc/arm-none-eabi/11.3.1/../../../../arm-none-eabi/lib/thumb/v7e-m+fp/hard/libg.a(libc_a-assert.o)
                0x0000000008007374                __assert_func
 .text.fiprintf
                0x00000000080073b4       0x28 /Applications/ArmGNUToolchain/11.3.rel1/arm-none-eabi/bin/../lib/gcc/arm-none-eabi/11.3.1/../../../../arm-none-eabi/lib/thumb/v7e-m+fp/hard/libg.a(libc_a-fiprintf.o)
                0x00000000080073b4                fiprintf
 .text.__sprint_r.part.0
                0x00000000080073dc       0x78 /Applications/ArmGNUToolchain/11.3.rel1/arm-none-eabi/bin/../lib/gcc/arm-none-eabi/11.3.1/../../../../arm-none-eabi/lib/thumb/v7e-m+fp/hard/libg.a(libc_a-vfiprintf.o)
 .text._vfiprintf_r
                0x0000000008007454      0xf8c /Applications/ArmGNUToolchain/11.3.rel1/arm-none-eabi/bin/../lib/gcc/arm-none-eabi/11.3.1/../../../../arm-none-eabi/lib/thumb/v7e-m+fp/hard/libg.a(libc_a-vfiprintf.o)
                0x0000000008007454                _vfiprintf_r
 .text.__sbprintf
                0x00000000080083e0       0x80 /Applications/ArmGNUToolchain/11.3.rel1/arm-none-eabi/bin/../lib/gcc/arm-none-eabi/11.3.1/../../../../arm-none-eabi/lib/thumb/v7e-m+fp/hard/libg.a(libc_a-vfiprintf.o)
 .text.__sflush_r
                0x0000000008008460      0x130 /Applications/ArmGNUToolchain/11.3.rel1/arm-none-eabi/bin/../lib/gcc/arm-none-eabi/11.3.1/../../../../arm-none-eabi/lib/thumb/v7e-m+fp/hard/libg.a(libc_a-fflush.o)
                0x0000000008008460                __sflush_r
 .text._fflush_r
                0x0000000008008590       0x54 /Applications/ArmGNUToolchain/11.3.rel1/arm-none-eabi/bin/../lib/gcc/arm-none-eabi/11.3.1/../../../../arm-none-eabi/lib/thumb/v7e-m+fp/hard/libg.a(libc_a-fflush.o)
                0x0000000008008590                _fflush_r
 .text.stdio_exit_handler
                0x00000000080085e4       0x18 /Applications/ArmGNUToolchain/11.3.rel1/arm-none-eabi/bin/../lib/gcc/arm-none-eabi/11.3.1/../../../../arm-none-eabi/lib/thumb/v7e-m+fp/hard/libg.a(libc_a-findfp.o)
 .text.cleanup_stdio
                0x00000000080085fc       0x40 /Applications/ArmGNUToolchain/11.3.rel1/arm-none-eabi/bin/../lib/gcc/arm-none-eabi/11.3.1/../../../../arm-none-eabi/lib/thumb/v7e-m+fp/hard/libg.a(libc_a-findfp.o)
 .text.global_stdio_init.part.0
                0x000000000800863c       0xd4 /Applications/ArmGNUToolchain/11.3.rel1/arm-none-eabi/bin/../lib/gcc/arm-none-eabi/11.3.1/../../../../arm-none-eabi/lib/thumb/v7e-m+fp/hard/libg.a(libc_a-findfp.o)
 .text.__sinit  0x0000000008008710       0x3c /Applications/ArmGNUToolchain/11.3.rel1/arm-none-eabi/bin/../lib/gcc/arm-none-eabi/11.3.1/../../../../arm-none-eabi/lib/thumb/v7e-m+fp/hard/libg.a(libc_a-findfp.o)
                0x0000000008008710                __sinit
 .text.__sfp_lock_acquire
                0x000000000800874c        0xc /Applications/ArmGNUToolchain/11.3.rel1/arm-none-eabi/bin/../lib/gcc/arm-none-eabi/11.3.1/../../../../arm-none-eabi/lib/thumb/v7e-m+fp/hard/libg.a(libc_a-findfp.o)
                0x000000000800874c                __sfp_lock_acquire
 .text.__sfp_lock_release
                0x0000000008008758        0xc /Applications/ArmGNUToolchain/11.3.rel1/arm-none-eabi/bin/../lib/gcc/arm-none-eabi/11.3.1/../../../../arm-none-eabi/lib/thumb/v7e-m+fp/hard/libg.a(libc_a-findfp.o)
                0x0000000008008758                __sfp_lock_release
 .text.__sfvwrite_r
                0x0000000008008764      0x2f4 /Applications/ArmGNUToolchain/11.3.rel1/arm-none-eabi/bin/../lib/gcc/arm-none-eabi/11.3.1/../../../../arm-none-eabi/lib/thumb/v7e-m+fp/hard/libg.a(libc_a-fvwrite.o)
                0x0000000008008764                __sfvwrite_r
 .text._fwalk_sglue
                0x0000000008008a58       0x48 /Applications/ArmGNUToolchain/11.3.rel1/arm-none-eabi/bin/../lib/gcc/arm-none-eabi/11.3.1/../../../../arm-none-eabi/lib/thumb/v7e-m+fp/hard/libg.a(libc_a-fwalk.o)
                0x0000000008008a58                _fwalk_sglue
 .text.__swsetup_r
                0x0000000008008aa0       0xcc /Applications/ArmGNUToolchain/11.3.rel1/arm-none-eabi/bin/../lib/gcc/arm-none-eabi/11.3.1/../../../../arm-none-eabi/lib/thumb/v7e-m+fp/hard/libg.a(libc_a-wsetup.o)
                0x0000000008008aa0                __swsetup_r
 .text.__fputwc
                0x0000000008008b6c       0xac /Applications/ArmGNUToolchain/11.3.rel1/arm-none-eabi/bin/../lib/gcc/arm-none-eabi/11.3.1/../../../../arm-none-eabi/lib/thumb/v7e-m+fp/hard/libg.a(libc_a-fputwc.o)
                0x0000000008008b6c                __fputwc
 .text._fputwc_r
                0x0000000008008c18       0x68 /Applications/ArmGNUToolchain/11.3.rel1/arm-none-eabi/bin/../lib/gcc/arm-none-eabi/11.3.1/../../../../arm-none-eabi/lib/thumb/v7e-m+fp/hard/libg.a(libc_a-fputwc.o)
                0x0000000008008c18                _fputwc_r
 .text.memmove  0x0000000008008c80       0xf8 /Applications/ArmGNUToolchain/11.3.rel1/arm-none-eabi/bin/../lib/gcc/arm-none-eabi/11.3.1/../../../../arm-none-eabi/lib/thumb/v7e-m+fp/hard/libg.a(libc_a-memmove.o)
                0x0000000008008c80                memmove
 .text.memset   0x0000000008008d78       0xa4 /Applications/ArmGNUToolchain/11.3.rel1/arm-none-eabi/bin/../lib/gcc/arm-none-eabi/11.3.1/../../../../arm-none-eabi/lib/thumb/v7e-m+fp/hard/libg.a(libc_a-memset.o)
                0x0000000008008d78                memset
 .text.strncpy  0x0000000008008e1c       0x64 /Applications/ArmGNUToolchain/11.3.rel1/arm-none-eabi/bin/../lib/gcc/arm-none-eabi/11.3.1/../../../../arm-none-eabi/lib/thumb/v7e-m+fp/hard/libg.a(libc_a-strncpy.o)
                0x0000000008008e1c                strncpy
 .text.__locale_mb_cur_max
                0x0000000008008e80        0xc /Applications/ArmGNUToolchain/11.3.rel1/arm-none-eabi/bin/../lib/gcc/arm-none-eabi/11.3.1/../../../../arm-none-eabi/lib/thumb/v7e-m+fp/hard/libg.a(libc_a-locale.o)
                0x0000000008008e80                __locale_mb_cur_max
 .text._localeconv_r
                0x0000000008008e8c        0x8 /Applications/ArmGNUToolchain/11.3.rel1/arm-none-eabi/bin/../lib/gcc/arm-none-eabi/11.3.1/../../../../arm-none-eabi/lib/thumb/v7e-m+fp/hard/libg.a(libc_a-localeconv.o)
                0x0000000008008e8c                _localeconv_r
 .text.__errno  0x0000000008008e94        0xc /Applications/ArmGNUToolchain/11.3.rel1/arm-none-eabi/bin/../lib/gcc/arm-none-eabi/11.3.1/../../../../arm-none-eabi/lib/thumb/v7e-m+fp/hard/libg.a(libc_a-errno.o)
                0x0000000008008e94                __errno
 .text.__libc_init_array
                0x0000000008008ea0       0x48 /Applications/ArmGNUToolchain/11.3.rel1/arm-none-eabi/bin/../lib/gcc/arm-none-eabi/11.3.1/../../../../arm-none-eabi/lib/thumb/v7e-m+fp/hard/libg.a(libc_a-init.o)
                0x0000000008008ea0                __libc_init_array
 .text.__retarget_lock_init_recursive
                0x0000000008008ee8        0x4 /Applications/ArmGNUToolchain/11.3.rel1/arm-none-eabi/bin/../lib/gcc/arm-none-eabi/11.3.1/../../../../arm-none-eabi/lib/thumb/v7e-m+fp/hard/libg.a(libc_a-lock.o)
                0x0000000008008ee8                __retarget_lock_init_recursive
 .text.__retarget_lock_close_recursive
                0x0000000008008eec        0x4 /Applications/ArmGNUToolchain/11.3.rel1/arm-none-eabi/bin/../lib/gcc/arm-none-eabi/11.3.1/../../../../arm-none-eabi/lib/thumb/v7e-m+fp/hard/libg.a(libc_a-lock.o)
                0x0000000008008eec                __retarget_lock_close_recursive
 .text.__retarget_lock_acquire_recursive
                0x0000000008008ef0        0x4 /Applications/ArmGNUToolchain/11.3.rel1/arm-none-eabi/bin/../lib/gcc/arm-none-eabi/11.3.1/../../../../arm-none-eabi/lib/thumb/v7e-m+fp/hard/libg.a(libc_a-lock.o)
                0x0000000008008ef0                __retarget_lock_acquire_recursive
 .text.__retarget_lock_release_recursive
                0x0000000008008ef4        0x4 /Applications/ArmGNUToolchain/11.3.rel1/arm-none-eabi/bin/../lib/gcc/arm-none-eabi/11.3.1/../../../../arm-none-eabi/lib/thumb/v7e-m+fp/hard/libg.a(libc_a-lock.o)
                0x0000000008008ef4                __retarget_lock_release_recursive
 .text._wcrtomb_r
                0x0000000008008ef8       0x4c /Applications/ArmGNUToolchain/11.3.rel1/arm-none-eabi/bin/../lib/gcc/arm-none-eabi/11.3.1/../../../../arm-none-eabi/lib/thumb/v7e-m+fp/hard/libg.a(libc_a-wcrtomb.o)
                0x0000000008008ef8                _wcrtomb_r
 .text._wcsrtombs_r
                0x0000000008008f44       0x18 /Applications/ArmGNUToolchain/11.3.rel1/arm-none-eabi/bin/../lib/gcc/arm-none-eabi/11.3.1/../../../../arm-none-eabi/lib/thumb/v7e-m+fp/hard/libg.a(libc_a-wcsrtombs.o)
                0x0000000008008f44                _wcsrtombs_r
 .text.startup.register_fini
                0x0000000008008f5c       0x14 /Applications/ArmGNUToolchain/11.3.rel1/arm-none-eabi/bin/../lib/gcc/arm-none-eabi/11.3.1/../../../../arm-none-eabi/lib/thumb/v7e-m+fp/hard/libg.a(libc_a-__call_atexit.o)
 .text.abort    0x0000000008008f70       0x10 /Applications/ArmGNUToolchain/11.3.rel1/arm-none-eabi/bin/../lib/gcc/arm-none-eabi/11.3.1/../../../../arm-none-eabi/lib/thumb/v7e-m+fp/hard/libg.a(libc_a-abort.o)
                0x0000000008008f70                abort
 .text.atexit   0x0000000008008f80        0xc /Applications/ArmGNUToolchain/11.3.rel1/arm-none-eabi/bin/../lib/gcc/arm-none-eabi/11.3.1/../../../../arm-none-eabi/lib/thumb/v7e-m+fp/hard/libg.a(libc_a-atexit.o)
                0x0000000008008f80                atexit
 .text._malloc_trim_r
                0x0000000008008f8c       0xa0 /Applications/ArmGNUToolchain/11.3.rel1/arm-none-eabi/bin/../lib/gcc/arm-none-eabi/11.3.1/../../../../arm-none-eabi/lib/thumb/v7e-m+fp/hard/libg.a(libc_a-freer.o)
                0x0000000008008f8c                _malloc_trim_r
 .text._free_r  0x000000000800902c      0x20c /Applications/ArmGNUToolchain/11.3.rel1/arm-none-eabi/bin/../lib/gcc/arm-none-eabi/11.3.1/../../../../arm-none-eabi/lib/thumb/v7e-m+fp/hard/libg.a(libc_a-freer.o)
                0x000000000800902c                _free_r
 .text._malloc_r
                0x0000000008009238      0x560 /Applications/ArmGNUToolchain/11.3.rel1/arm-none-eabi/bin/../lib/gcc/arm-none-eabi/11.3.1/../../../../arm-none-eabi/lib/thumb/v7e-m+fp/hard/libg.a(libc_a-mallocr.o)
                0x0000000008009238                _malloc_r
 .text.__ascii_mbtowc
                0x0000000008009798       0x2c /Applications/ArmGNUToolchain/11.3.rel1/arm-none-eabi/bin/../lib/gcc/arm-none-eabi/11.3.1/../../../../arm-none-eabi/lib/thumb/v7e-m+fp/hard/libg.a(libc_a-mbtowc_r.o)
                0x0000000008009798                __ascii_mbtowc
 .text.__smakebuf_r
                0x00000000080097c4       0xd8 /Applications/ArmGNUToolchain/11.3.rel1/arm-none-eabi/bin/../lib/gcc/arm-none-eabi/11.3.1/../../../../arm-none-eabi/lib/thumb/v7e-m+fp/hard/libg.a(libc_a-makebuf.o)
                0x00000000080097c4                __smakebuf_r
 .text.__malloc_lock
                0x000000000800989c        0xc /Applications/ArmGNUToolchain/11.3.rel1/arm-none-eabi/bin/../lib/gcc/arm-none-eabi/11.3.1/../../../../arm-none-eabi/lib/thumb/v7e-m+fp/hard/libg.a(libc_a-mlock.o)
                0x000000000800989c                __malloc_lock
 .text.__malloc_unlock
                0x00000000080098a8        0xc /Applications/ArmGNUToolchain/11.3.rel1/arm-none-eabi/bin/../lib/gcc/arm-none-eabi/11.3.1/../../../../arm-none-eabi/lib/thumb/v7e-m+fp/hard/libg.a(libc_a-mlock.o)
                0x00000000080098a8                __malloc_unlock
 .text._fclose_r
                0x00000000080098b4       0xc8 /Applications/ArmGNUToolchain/11.3.rel1/arm-none-eabi/bin/../lib/gcc/arm-none-eabi/11.3.1/../../../../arm-none-eabi/lib/thumb/v7e-m+fp/hard/libg.a(libc_a-fclose.o)
                0x00000000080098b4                _fclose_r
 .text._realloc_r
                0x000000000800997c      0x3d8 /Applications/ArmGNUToolchain/11.3.rel1/arm-none-eabi/bin/../lib/gcc/arm-none-eabi/11.3.1/../../../../arm-none-eabi/lib/thumb/v7e-m+fp/hard/libg.a(libc_a-reallocr.o)
                0x000000000800997c                _realloc_r
 .text.__sread  0x0000000008009d54       0x24 /Applications/ArmGNUToolchain/11.3.rel1/arm-none-eabi/bin/../lib/gcc/arm-none-eabi/11.3.1/../../../../arm-none-eabi/lib/thumb/v7e-m+fp/hard/libg.a(libc_a-stdio.o)
                0x0000000008009d54                __sread
 .text.__swrite
                0x0000000008009d78       0x40 /Applications/ArmGNUToolchain/11.3.rel1/arm-none-eabi/bin/../lib/gcc/arm-none-eabi/11.3.1/../../../../arm-none-eabi/lib/thumb/v7e-m+fp/hard/libg.a(libc_a-stdio.o)
                0x0000000008009d78                __swrite
 .text.__sseek  0x0000000008009db8       0x20 /Applications/ArmGNUToolchain/11.3.rel1/arm-none-eabi/bin/../lib/gcc/arm-none-eabi/11.3.1/../../../../arm-none-eabi/lib/thumb/v7e-m+fp/hard/libg.a(libc_a-stdio.o)
                0x0000000008009db8                __sseek
 .text.__sclose
                0x0000000008009dd8        0x8 /Applications/ArmGNUToolchain/11.3.rel1/arm-none-eabi/bin/../lib/gcc/arm-none-eabi/11.3.1/../../../../arm-none-eabi/lib/thumb/v7e-m+fp/hard/libg.a(libc_a-stdio.o)
                0x0000000008009dd8                __sclose
 .text.__ascii_wctomb
                0x0000000008009de0       0x1c /Applications/ArmGNUToolchain/11.3.rel1/arm-none-eabi/bin/../lib/gcc/arm-none-eabi/11.3.1/../../../../arm-none-eabi/lib/thumb/v7e-m+fp/hard/libg.a(libc_a-wctomb_r.o)
                0x0000000008009de0                __ascii_wctomb
 .text.__swbuf_r
                0x0000000008009dfc       0xb0 /Applications/ArmGNUToolchain/11.3.rel1/arm-none-eabi/bin/../lib/gcc/arm-none-eabi/11.3.1/../../../../arm-none-eabi/lib/thumb/v7e-m+fp/hard/libg.a(libc_a-wbuf.o)
                0x0000000008009dfc                __swbuf_r
 .text.raise    0x0000000008009eac       0x5c /Applications/ArmGNUToolchain/11.3.rel1/arm-none-eabi/bin/../lib/gcc/arm-none-eabi/11.3.1/../../../../arm-none-eabi/lib/thumb/v7e-m+fp/hard/libg.a(libc_a-signal.o)
                0x0000000008009eac                raise
 .text._close_r
                0x0000000008009f08       0x24 /Applications/ArmGNUToolchain/11.3.rel1/arm-none-eabi/bin/../lib/gcc/arm-none-eabi/11.3.1/../../../../arm-none-eabi/lib/thumb/v7e-m+fp/hard/libg.a(libc_a-closer.o)
                0x0000000008009f08                _close_r
 .text._fstat_r
                0x0000000008009f2c       0x2c /Applications/ArmGNUToolchain/11.3.rel1/arm-none-eabi/bin/../lib/gcc/arm-none-eabi/11.3.1/../../../../arm-none-eabi/lib/thumb/v7e-m+fp/hard/libg.a(libc_a-fstatr.o)
                0x0000000008009f2c                _fstat_r
 .text._isatty_r
                0x0000000008009f58       0x24 /Applications/ArmGNUToolchain/11.3.rel1/arm-none-eabi/bin/../lib/gcc/arm-none-eabi/11.3.1/../../../../arm-none-eabi/lib/thumb/v7e-m+fp/hard/libg.a(libc_a-isattyr.o)
                0x0000000008009f58                _isatty_r
 .text._lseek_r
                0x0000000008009f7c       0x2c /Applications/ArmGNUToolchain/11.3.rel1/arm-none-eabi/bin/../lib/gcc/arm-none-eabi/11.3.1/../../../../arm-none-eabi/lib/thumb/v7e-m+fp/hard/libg.a(libc_a-lseekr.o)
                0x0000000008009f7c                _lseek_r
 .text._read_r  0x0000000008009fa8       0x2c /Applications/ArmGNUToolchain/11.3.rel1/arm-none-eabi/bin/../lib/gcc/arm-none-eabi/11.3.1/../../../../arm-none-eabi/lib/thumb/v7e-m+fp/hard/libg.a(libc_a-readr.o)
                0x0000000008009fa8                _read_r
 .text._kill_r  0x0000000008009fd4       0x2c /Applications/ArmGNUToolchain/11.3.rel1/arm-none-eabi/bin/../lib/gcc/arm-none-eabi/11.3.1/../../../../arm-none-eabi/lib/thumb/v7e-m+fp/hard/libg.a(libc_a-signalr.o)
                0x0000000008009fd4                _kill_r
 .text._getpid_r
                0x000000000800a000        0x4 /Applications/ArmGNUToolchain/11.3.rel1/arm-none-eabi/bin/../lib/gcc/arm-none-eabi/11.3.1/../../../../arm-none-eabi/lib/thumb/v7e-m+fp/hard/libg.a(libc_a-signalr.o)
                0x000000000800a000                _getpid_r
 .text._sbrk_r  0x000000000800a004       0x24 /Applications/ArmGNUToolchain/11.3.rel1/arm-none-eabi/bin/../lib/gcc/arm-none-eabi/11.3.1/../../../../arm-none-eabi/lib/thumb/v7e-m+fp/hard/libg.a(libc_a-sbrkr.o)
                0x000000000800a004                _sbrk_r
 .text._write_r
                0x000000000800a028       0x2c /Applications/ArmGNUToolchain/11.3.rel1/arm-none-eabi/bin/../lib/gcc/arm-none-eabi/11.3.1/../../../../arm-none-eabi/lib/thumb/v7e-m+fp/hard/libg.a(libc_a-writer.o)
                0x000000000800a028                _write_r
 .text.__libc_fini_array
                0x000000000800a054       0x28 /Applications/ArmGNUToolchain/11.3.rel1/arm-none-eabi/bin/../lib/gcc/arm-none-eabi/11.3.1/../../../../arm-none-eabi/lib/thumb/v7e-m+fp/hard/libg.a(libc_a-fini.o)
                0x000000000800a054                __libc_fini_array
 .text._wcsnrtombs_l
                0x000000000800a07c      0x108 /Applications/ArmGNUToolchain/11.3.rel1/arm-none-eabi/bin/../lib/gcc/arm-none-eabi/11.3.1/../../../../arm-none-eabi/lib/thumb/v7e-m+fp/hard/libg.a(libc_a-wcsnrtombs.o)
                0x000000000800a07c                _wcsnrtombs_l
 .text._wcsnrtombs_r
                0x000000000800a184       0x24 /Applications/ArmGNUToolchain/11.3.rel1/arm-none-eabi/bin/../lib/gcc/arm-none-eabi/11.3.1/../../../../arm-none-eabi/lib/thumb/v7e-m+fp/hard/libg.a(libc_a-wcsnrtombs.o)
                0x000000000800a184                _wcsnrtombs_r
 .text.__register_exitproc
                0x000000000800a1a8       0x88 /Applications/ArmGNUToolchain/11.3.rel1/arm-none-eabi/bin/../lib/gcc/arm-none-eabi/11.3.1/../../../../arm-none-eabi/lib/thumb/v7e-m+fp/hard/libg.a(libc_a-__atexit.o)
                0x000000000800a1a8                __register_exitproc
 *(.glue_7)
 .glue_7        0x000000000800a230        0x0 linker stubs
 *(.glue_7t)
 .glue_7t       0x000000000800a230        0x0 linker stubs
 *(.eh_frame)
 .eh_frame      0x000000000800a230        0x0 /Applications/ArmGNUToolchain/11.3.rel1/arm-none-eabi/bin/../lib/gcc/arm-none-eabi/11.3.1/thumb/v7e-m+fp/hard/crtbegin.o
 *(.init)
 .init          0x000000000800a230        0x4 /Applications/ArmGNUToolchain/11.3.rel1/arm-none-eabi/bin/../lib/gcc/arm-none-eabi/11.3.1/thumb/v7e-m+fp/hard/crti.o
                0x000000000800a230                _init
 .init          0x000000000800a234        0x8 /Applications/ArmGNUToolchain/11.3.rel1/arm-none-eabi/bin/../lib/gcc/arm-none-eabi/11.3.1/thumb/v7e-m+fp/hard/crtn.o
 *(.fini)
 .fini          0x000000000800a23c        0x4 /Applications/ArmGNUToolchain/11.3.rel1/arm-none-eabi/bin/../lib/gcc/arm-none-eabi/11.3.1/thumb/v7e-m+fp/hard/crti.o
                0x000000000800a23c                _fini
 .fini          0x000000000800a240        0x8 /Applications/ArmGNUToolchain/11.3.rel1/arm-none-eabi/bin/../lib/gcc/arm-none-eabi/11.3.1/thumb/v7e-m+fp/hard/crtn.o
                0x000000000800a248                . = ALIGN (0x4)
                0x000000000800a248                _etext = .

.vfp11_veneer   0x000000000800a248        0x0
 .vfp11_veneer  0x000000000800a248        0x0 linker stubs

.v4_bx          0x000000000800a248        0x0
 .v4_bx         0x000000000800a248        0x0 linker stubs

.iplt           0x000000000800a248        0x0
 .iplt          0x000000000800a248        0x0 /Applications/ArmGNUToolchain/11.3.rel1/arm-none-eabi/bin/../lib/gcc/arm-none-eabi/11.3.1/thumb/v7e-m+fp/hard/crtbegin.o

.rodata         0x000000000800a248      0xd3c
                0x000000000800a248                . = ALIGN (0x4)
 *(.rodata)
 .rodata        0x000000000800a248       0x18 CMakeFiles/salt-stm32.elf.dir/coreMQTT/source/core_mqtt_serializer.c.obj
 *(.rodata*)
 .rodata.prvCreateMQTTConnectionWithBroker.str1.4
                0x000000000800a260       0x13 CMakeFiles/salt-stm32.elf.dir/Core/Src/main.c.obj
 *fill*         0x000000000800a273        0x1 
 .rodata.prvMQTTPublishToTopic.str1.4
                0x000000000800a274       0x31 CMakeFiles/salt-stm32.elf.dir/Core/Src/main.c.obj
 *fill*         0x000000000800a2a5        0x3 
 .rodata.prvConnectToServerWithBackoffRetries.str1.4
                0x000000000800a2a8       0x34 CMakeFiles/salt-stm32.elf.dir/Core/Src/main.c.obj
 .rodata.vStartSimpleMQTTDemo.str1.4
                0x000000000800a2dc        0x9 CMakeFiles/salt-stm32.elf.dir/Core/Src/main.c.obj
 *fill*         0x000000000800a2e5        0x3 
 .rodata.str1.4
                0x000000000800a2e8        0xc CMakeFiles/salt-stm32.elf.dir/Core/Src/main.c.obj
 .rodata.defaultTask_attributes
                0x000000000800a2f4       0x24 CMakeFiles/salt-stm32.elf.dir/Core/Src/main.c.obj
                0x000000000800a2f4                defaultTask_attributes
 .rodata.AHBPrescTable
                0x000000000800a318       0x10 CMakeFiles/salt-stm32.elf.dir/Core/Src/system_stm32f4xx.c.obj
                0x000000000800a318                AHBPrescTable
 .rodata.APBPrescTable
                0x000000000800a328        0x8 CMakeFiles/salt-stm32.elf.dir/Core/Src/system_stm32f4xx.c.obj
                0x000000000800a328                APBPrescTable
 .rodata.xPercTable.1
                0x000000000800a330       0x20 CMakeFiles/salt-stm32.elf.dir/FreeRTOS-Plus-TCP/source/FreeRTOS_Sockets.c.obj
 .rodata.vTaskStartScheduler.str1.4
                0x000000000800a350        0x5 CMakeFiles/salt-stm32.elf.dir/Middlewares/Third_Party/FreeRTOS/Source/tasks.c.obj
 *fill*         0x000000000800a355        0x3 
 .rodata.prvCheckForValidListAndQueue.str1.4
                0x000000000800a358        0x5 CMakeFiles/salt-stm32.elf.dir/Middlewares/Third_Party/FreeRTOS/Source/timers.c.obj
 *fill*         0x000000000800a35d        0x3 
 .rodata.xTimerCreateTimerTask.str1.4
                0x000000000800a360        0x8 CMakeFiles/salt-stm32.elf.dir/Middlewares/Third_Party/FreeRTOS/Source/timers.c.obj
 .rodata.BackoffAlgorithm_GetNextBackoff.str1.4
                0x000000000800a368       0x99 CMakeFiles/salt-stm32.elf.dir/Utilities/backoff_algorithm/source/backoff_algorithm.c.obj
 *fill*         0x000000000800a401        0x3 
 .rodata.BackoffAlgorithm_InitializeParams.str1.4
                0x000000000800a404       0x11 CMakeFiles/salt-stm32.elf.dir/Utilities/backoff_algorithm/source/backoff_algorithm.c.obj
 *fill*         0x000000000800a415        0x3 
 .rodata.__FUNCTION__.0
                0x000000000800a418       0x22 CMakeFiles/salt-stm32.elf.dir/Utilities/backoff_algorithm/source/backoff_algorithm.c.obj
 *fill*         0x000000000800a43a        0x2 
 .rodata.__FUNCTION__.1
                0x000000000800a43c       0x20 CMakeFiles/salt-stm32.elf.dir/Utilities/backoff_algorithm/source/backoff_algorithm.c.obj
 .rodata.addEncodedStringToVector.str1.4
                0x000000000800a45c       0x76 CMakeFiles/salt-stm32.elf.dir/coreMQTT/source/core_mqtt.c.obj
 *fill*         0x000000000800a4d2        0x2 
 .rodata.sendMessageVector.str1.4
                0x000000000800a4d4       0x95 CMakeFiles/salt-stm32.elf.dir/coreMQTT/source/core_mqtt.c.obj
                                         0xa9 (size before relaxing)
 *fill*         0x000000000800a569        0x3 
 .rodata.sendConnectWithoutCopy.str1.4
                0x000000000800a56c       0x27 CMakeFiles/salt-stm32.elf.dir/coreMQTT/source/core_mqtt.c.obj
 *fill*         0x000000000800a593        0x1 
 .rodata.recvExact.str1.4
                0x000000000800a594       0xa8 CMakeFiles/salt-stm32.elf.dir/coreMQTT/source/core_mqtt.c.obj
 .rodata.getAckFromPacketType.str1.4
                0x000000000800a63c       0x27 CMakeFiles/salt-stm32.elf.dir/coreMQTT/source/core_mqtt.c.obj
 *fill*         0x000000000800a663        0x1 
 .rodata.sendBuffer.str1.4
                0x000000000800a664        0xf CMakeFiles/salt-stm32.elf.dir/coreMQTT/source/core_mqtt.c.obj
 *fill*         0x000000000800a673        0x1 
 .rodata.discardStoredPacket.str1.4
                0x000000000800a674       0x42 CMakeFiles/salt-stm32.elf.dir/coreMQTT/source/core_mqtt.c.obj
 *fill*         0x000000000800a6b6        0x2 
 .rodata.receiveConnack.str1.4
                0x000000000800a6b8       0x18 CMakeFiles/salt-stm32.elf.dir/coreMQTT/source/core_mqtt.c.obj
 .rodata.handlePublishAcks.str1.4
                0x000000000800a6d0       0x1e CMakeFiles/salt-stm32.elf.dir/coreMQTT/source/core_mqtt.c.obj
 *fill*         0x000000000800a6ee        0x2 
 .rodata.__FUNCTION__.10
                0x000000000800a6f0       0x15 CMakeFiles/salt-stm32.elf.dir/coreMQTT/source/core_mqtt.c.obj
 *fill*         0x000000000800a705        0x3 
 .rodata.__FUNCTION__.11
                0x000000000800a708       0x10 CMakeFiles/salt-stm32.elf.dir/coreMQTT/source/core_mqtt.c.obj
 .rodata.__FUNCTION__.12
                0x000000000800a718       0x18 CMakeFiles/salt-stm32.elf.dir/coreMQTT/source/core_mqtt.c.obj
 .rodata.__FUNCTION__.13
                0x000000000800a730        0xa CMakeFiles/salt-stm32.elf.dir/coreMQTT/source/core_mqtt.c.obj
 *fill*         0x000000000800a73a        0x2 
 .rodata.__FUNCTION__.14
                0x000000000800a73c        0xe CMakeFiles/salt-stm32.elf.dir/coreMQTT/source/core_mqtt.c.obj
 *fill*         0x000000000800a74a        0x2 
 .rodata.__FUNCTION__.15
                0x000000000800a74c        0xe CMakeFiles/salt-stm32.elf.dir/coreMQTT/source/core_mqtt.c.obj
 *fill*         0x000000000800a75a        0x2 
 .rodata.__FUNCTION__.16
                0x000000000800a75c        0xf CMakeFiles/salt-stm32.elf.dir/coreMQTT/source/core_mqtt.c.obj
 *fill*         0x000000000800a76b        0x1 
 .rodata.__FUNCTION__.17
                0x000000000800a76c       0x12 CMakeFiles/salt-stm32.elf.dir/coreMQTT/source/core_mqtt.c.obj
 *fill*         0x000000000800a77e        0x2 
 .rodata.__FUNCTION__.18
                0x000000000800a780       0x19 CMakeFiles/salt-stm32.elf.dir/coreMQTT/source/core_mqtt.c.obj
 *fill*         0x000000000800a799        0x3 
 .rodata.__FUNCTION__.19
                0x000000000800a79c       0x17 CMakeFiles/salt-stm32.elf.dir/coreMQTT/source/core_mqtt.c.obj
 *fill*         0x000000000800a7b3        0x1 
 .rodata.__FUNCTION__.3
                0x000000000800a7b4       0x12 CMakeFiles/salt-stm32.elf.dir/coreMQTT/source/core_mqtt.c.obj
 *fill*         0x000000000800a7c6        0x2 
 .rodata.__FUNCTION__.4
                0x000000000800a7c8       0x12 CMakeFiles/salt-stm32.elf.dir/coreMQTT/source/core_mqtt.c.obj
 *fill*         0x000000000800a7da        0x2 
 .rodata.__FUNCTION__.5
                0x000000000800a7dc       0x16 CMakeFiles/salt-stm32.elf.dir/coreMQTT/source/core_mqtt.c.obj
 *fill*         0x000000000800a7f2        0x2 
 .rodata.__FUNCTION__.6
                0x000000000800a7f4       0x14 CMakeFiles/salt-stm32.elf.dir/coreMQTT/source/core_mqtt.c.obj
 .rodata.__FUNCTION__.7
                0x000000000800a808       0x10 CMakeFiles/salt-stm32.elf.dir/coreMQTT/source/core_mqtt.c.obj
 .rodata.__FUNCTION__.8
                0x000000000800a818       0x17 CMakeFiles/salt-stm32.elf.dir/coreMQTT/source/core_mqtt.c.obj
 *fill*         0x000000000800a82f        0x1 
 .rodata.__FUNCTION__.9
                0x000000000800a830        0xb CMakeFiles/salt-stm32.elf.dir/coreMQTT/source/core_mqtt.c.obj
 *fill*         0x000000000800a83b        0x1 
 .rodata.encodeRemainingLength.str1.4
                0x000000000800a83c       0x71 CMakeFiles/salt-stm32.elf.dir/coreMQTT/source/core_mqtt_serializer.c.obj
 *fill*         0x000000000800a8ad        0x3 
 .rodata.calculateSubscriptionPacketSize.str1.4
                0x000000000800a8b0       0x64 CMakeFiles/salt-stm32.elf.dir/coreMQTT/source/core_mqtt_serializer.c.obj
 .rodata.calculatePublishPacketSize.str1.4
                0x000000000800a914       0x15 CMakeFiles/salt-stm32.elf.dir/coreMQTT/source/core_mqtt_serializer.c.obj