Archive member included to satisfy reference by file (symbol)

/Applications/ArmGNUToolchain/11.3.rel1/arm-none-eabi/bin/../lib/gcc/arm-none-eabi/11.3.1/thumb/v7e-m+fp/hard/libgcc.a(_aeabi_uldivmod.o)
                              CMakeFiles/salt-stm32.elf.dir/Drivers/STM32F4xx_HAL_Driver/Src/stm32f4xx_hal_rcc.c.obj (__aeabi_uldivmod)
/Applications/ArmGNUToolchain/11.3.rel1/arm-none-eabi/bin/../lib/gcc/arm-none-eabi/11.3.1/thumb/v7e-m+fp/hard/libgcc.a(_udivmoddi4.o)
                              /Applications/ArmGNUToolchain/11.3.rel1/arm-none-eabi/bin/../lib/gcc/arm-none-eabi/11.3.1/thumb/v7e-m+fp/hard/libgcc.a(_aeabi_uldivmod.o) (__udivmoddi4)
/Applications/ArmGNUToolchain/11.3.rel1/arm-none-eabi/bin/../lib/gcc/arm-none-eabi/11.3.1/thumb/v7e-m+fp/hard/libgcc.a(_dvmd_tls.o)
                              /Applications/ArmGNUToolchain/11.3.rel1/arm-none-eabi/bin/../lib/gcc/arm-none-eabi/11.3.1/thumb/v7e-m+fp/hard/libgcc.a(_aeabi_uldivmod.o) (__aeabi_ldiv0)
/Applications/ArmGNUToolchain/11.3.rel1/arm-none-eabi/bin/../lib/gcc/arm-none-eabi/11.3.1/../../../../arm-none-eabi/lib/thumb/v7e-m+fp/hard/libg.a(libc_a-exit.o)
                              /Applications/ArmGNUToolchain/11.3.rel1/arm-none-eabi/bin/../lib/gcc/arm-none-eabi/11.3.1/../../../../arm-none-eabi/lib/thumb/v7e-m+fp/hard/crt0.o (exit)
/Applications/ArmGNUToolchain/11.3.rel1/arm-none-eabi/bin/../lib/gcc/arm-none-eabi/11.3.1/../../../../arm-none-eabi/lib/thumb/v7e-m+fp/hard/libg.a(libc_a-findfp.o)
                              /Applications/ArmGNUToolchain/11.3.rel1/arm-none-eabi/bin/../lib/gcc/arm-none-eabi/11.3.1/../../../../arm-none-eabi/lib/thumb/v7e-m+fp/hard/libg.a(libc_a-exit.o) (__stdio_exit_handler)
/Applications/ArmGNUToolchain/11.3.rel1/arm-none-eabi/bin/../lib/gcc/arm-none-eabi/11.3.1/../../../../arm-none-eabi/lib/thumb/v7e-m+fp/hard/libg.a(libc_a-fwalk.o)
                              /Applications/ArmGNUToolchain/11.3.rel1/arm-none-eabi/bin/../lib/gcc/arm-none-eabi/11.3.1/../../../../arm-none-eabi/lib/thumb/v7e-m+fp/hard/libg.a(libc_a-findfp.o) (_fwalk_sglue)
/Applications/ArmGNUToolchain/11.3.rel1/arm-none-eabi/bin/../lib/gcc/arm-none-eabi/11.3.1/../../../../arm-none-eabi/lib/thumb/v7e-m+fp/hard/libg.a(libc_a-memset.o)
                              /Applications/ArmGNUToolchain/11.3.rel1/arm-none-eabi/bin/../lib/gcc/arm-none-eabi/11.3.1/../../../../arm-none-eabi/lib/thumb/v7e-m+fp/hard/crt0.o (memset)
/Applications/ArmGNUToolchain/11.3.rel1/arm-none-eabi/bin/../lib/gcc/arm-none-eabi/11.3.1/../../../../arm-none-eabi/lib/thumb/v7e-m+fp/hard/libg.a(libc_a-impure.o)
                              /Applications/ArmGNUToolchain/11.3.rel1/arm-none-eabi/bin/../lib/gcc/arm-none-eabi/11.3.1/../../../../arm-none-eabi/lib/thumb/v7e-m+fp/hard/libg.a(libc_a-findfp.o) (_impure_data)
/Applications/ArmGNUToolchain/11.3.rel1/arm-none-eabi/bin/../lib/gcc/arm-none-eabi/11.3.1/../../../../arm-none-eabi/lib/thumb/v7e-m+fp/hard/libg.a(libc_a-errno.o)
                              CMakeFiles/salt-stm32.elf.dir/Core/Src/syscalls.c.obj (__errno)
/Applications/ArmGNUToolchain/11.3.rel1/arm-none-eabi/bin/../lib/gcc/arm-none-eabi/11.3.1/../../../../arm-none-eabi/lib/thumb/v7e-m+fp/hard/libg.a(libc_a-init.o)
                              /Applications/ArmGNUToolchain/11.3.rel1/arm-none-eabi/bin/../lib/gcc/arm-none-eabi/11.3.1/../../../../arm-none-eabi/lib/thumb/v7e-m+fp/hard/crt0.o (__libc_init_array)
/Applications/ArmGNUToolchain/11.3.rel1/arm-none-eabi/bin/../lib/gcc/arm-none-eabi/11.3.1/../../../../arm-none-eabi/lib/thumb/v7e-m+fp/hard/libg.a(libc_a-lock.o)
                              /Applications/ArmGNUToolchain/11.3.rel1/arm-none-eabi/bin/../lib/gcc/arm-none-eabi/11.3.1/../../../../arm-none-eabi/lib/thumb/v7e-m+fp/hard/libg.a(libc_a-findfp.o) (__retarget_lock_init_recursive)
/Applications/ArmGNUToolchain/11.3.rel1/arm-none-eabi/bin/../lib/gcc/arm-none-eabi/11.3.1/../../../../arm-none-eabi/lib/thumb/v7e-m+fp/hard/libg.a(libc_a-memcpy.o)
                              CMakeFiles/salt-stm32.elf.dir/Middlewares/Third_Party/FreeRTOS/Source/CMSIS_RTOS_V2/cmsis_os2.c.obj (memcpy)
/Applications/ArmGNUToolchain/11.3.rel1/arm-none-eabi/bin/../lib/gcc/arm-none-eabi/11.3.1/../../../../arm-none-eabi/lib/thumb/v7e-m+fp/hard/libg.a(libc_a-__call_atexit.o)
                              /Applications/ArmGNUToolchain/11.3.rel1/arm-none-eabi/bin/../lib/gcc/arm-none-eabi/11.3.1/../../../../arm-none-eabi/lib/thumb/v7e-m+fp/hard/libg.a(libc_a-exit.o) (__call_exitprocs)
/Applications/ArmGNUToolchain/11.3.rel1/arm-none-eabi/bin/../lib/gcc/arm-none-eabi/11.3.1/../../../../arm-none-eabi/lib/thumb/v7e-m+fp/hard/libg.a(libc_a-atexit.o)
                              /Applications/ArmGNUToolchain/11.3.rel1/arm-none-eabi/bin/../lib/gcc/arm-none-eabi/11.3.1/../../../../arm-none-eabi/lib/thumb/v7e-m+fp/hard/libg.a(libc_a-__call_atexit.o) (atexit)
[...]
Memory Configuration

Name             Origin             Length             Attributes
CCMRAM           0x0000000010000000 0x0000000000010000 xrw
RAM              0x0000000020000000 0x0000000000030000 xrw
FLASH            0x0000000008000000 0x0000000000200000 xr
*default*        0x0000000000000000 0xffffffffffffffff

Linker script and memory map

LOAD /Applications/ArmGNUToolchain/11.3.rel1/arm-none-eabi/bin/../lib/gcc/arm-none-eabi/11.3.1/thumb/v7e-m+fp/hard/crti.o
LOAD /Applications/ArmGNUToolchain/11.3.rel1/arm-none-eabi/bin/../lib/gcc/arm-none-eabi/11.3.1/thumb/v7e-m+fp/hard/crtbegin.o
LOAD /Applications/ArmGNUToolchain/11.3.rel1/arm-none-eabi/bin/../lib/gcc/arm-none-eabi/11.3.1/../../../../arm-none-eabi/lib/thumb/v7e-m+fp/hard/crt0.o
LOAD CMakeFiles/salt-stm32.elf.dir/Core/Src/freertos.c.obj
LOAD CMakeFiles/salt-stm32.elf.dir/Core/Src/main.c.obj
LOAD CMakeFiles/salt-stm32.elf.dir/Core/Src/stm32f4xx_hal_msp.c.obj
LOAD CMakeFiles/salt-stm32.elf.dir/Core/Src/stm32f4xx_it.c.obj
LOAD CMakeFiles/salt-stm32.elf.dir/Core/Src/syscalls.c.obj
LOAD CMakeFiles/salt-stm32.elf.dir/Core/Src/sysmem.c.obj
LOAD CMakeFiles/salt-stm32.elf.dir/Core/Src/system_stm32f4xx.c.obj
LOAD CMakeFiles/salt-stm32.elf.dir/Core/Startup/startup_stm32f429zitx.s.obj
LOAD CMakeFiles/salt-stm32.elf.dir/Drivers/STM32F4xx_HAL_Driver/Src/stm32f4xx_hal.c.obj
LOAD CMakeFiles/salt-stm32.elf.dir/Drivers/STM32F4xx_HAL_Driver/Src/stm32f4xx_hal_cortex.c.obj
LOAD CMakeFiles/salt-stm32.elf.dir/Drivers/STM32F4xx_HAL_Driver/Src/stm32f4xx_hal_dma.c.obj
LOAD CMakeFiles/salt-stm32.elf.dir/Drivers/STM32F4xx_HAL_Driver/Src/stm32f4xx_hal_dma_ex.c.obj
LOAD CMakeFiles/salt-stm32.elf.dir/Drivers/STM32F4xx_HAL_Driver/Src/stm32f4xx_hal_eth.c.obj
LOAD CMakeFiles/salt-stm32.elf.dir/Drivers/STM32F4xx_HAL_Driver/Src/stm32f4xx_hal_exti.c.obj
LOAD CMakeFiles/salt-stm32.elf.dir/Drivers/STM32F4xx_HAL_Driver/Src/stm32f4xx_hal_flash.c.obj
LOAD CMakeFiles/salt-stm32.elf.dir/Drivers/STM32F4xx_HAL_Driver/Src/stm32f4xx_hal_flash_ex.c.obj
LOAD CMakeFiles/salt-stm32.elf.dir/Drivers/STM32F4xx_HAL_Driver/Src/stm32f4xx_hal_flash_ramfunc.c.obj
LOAD CMakeFiles/salt-stm32.elf.dir/Drivers/STM32F4xx_HAL_Driver/Src/stm32f4xx_hal_gpio.c.obj
LOAD CMakeFiles/salt-stm32.elf.dir/Drivers/STM32F4xx_HAL_Driver/Src/stm32f4xx_hal_pcd.c.obj
LOAD CMakeFiles/salt-stm32.elf.dir/Drivers/STM32F4xx_HAL_Driver/Src/stm32f4xx_hal_pcd_ex.c.obj
LOAD CMakeFiles/salt-stm32.elf.dir/Drivers/STM32F4xx_HAL_Driver/Src/stm32f4xx_hal_pwr.c.obj
LOAD CMakeFiles/salt-stm32.elf.dir/Drivers/STM32F4xx_HAL_Driver/Src/stm32f4xx_hal_pwr_ex.c.obj
LOAD CMakeFiles/salt-stm32.elf.dir/Drivers/STM32F4xx_HAL_Driver/Src/stm32f4xx_hal_rcc.c.obj
LOAD CMakeFiles/salt-stm32.elf.dir/Drivers/STM32F4xx_HAL_Driver/Src/stm32f4xx_hal_rcc_ex.c.obj
LOAD CMakeFiles/salt-stm32.elf.dir/Drivers/STM32F4xx_HAL_Driver/Src/stm32f4xx_hal_tim.c.obj
LOAD CMakeFiles/salt-stm32.elf.dir/Drivers/STM32F4xx_HAL_Driver/Src/stm32f4xx_hal_tim_ex.c.obj
LOAD CMakeFiles/salt-stm32.elf.dir/Drivers/STM32F4xx_HAL_Driver/Src/stm32f4xx_hal_uart.c.obj
LOAD CMakeFiles/salt-stm32.elf.dir/Drivers/STM32F4xx_HAL_Driver/Src/stm32f4xx_ll_usb.c.obj
LOAD CMakeFiles/salt-stm32.elf.dir/Middlewares/Third_Party/FreeRTOS/Source/CMSIS_RTOS_V2/cmsis_os2.c.obj
LOAD CMakeFiles/salt-stm32.elf.dir/Middlewares/Third_Party/FreeRTOS/Source/croutine.c.obj
LOAD CMakeFiles/salt-stm32.elf.dir/Middlewares/Third_Party/FreeRTOS/Source/event_groups.c.obj
LOAD CMakeFiles/salt-stm32.elf.dir/Middlewares/Third_Party/FreeRTOS/Source/list.c.obj
LOAD CMakeFiles/salt-stm32.elf.dir/Middlewares/Third_Party/FreeRTOS/Source/portable/GCC/ARM_CM4F/port.c.obj
LOAD CMakeFiles/salt-stm32.elf.dir/Middlewares/Third_Party/FreeRTOS/Source/portable/MemMang/heap_4.c.obj
LOAD CMakeFiles/salt-stm32.elf.dir/Middlewares/Third_Party/FreeRTOS/Source/queue.c.obj
LOAD CMakeFiles/salt-stm32.elf.dir/Middlewares/Third_Party/FreeRTOS/Source/stream_buffer.c.obj
LOAD CMakeFiles/salt-stm32.elf.dir/Middlewares/Third_Party/FreeRTOS/Source/tasks.c.obj
LOAD CMakeFiles/salt-stm32.elf.dir/Middlewares/Third_Party/FreeRTOS/Source/timers.c.obj
START GROUP
LOAD /Applications/ArmGNUToolchain/11.3.rel1/arm-none-eabi/bin/../lib/gcc/arm-none-eabi/11.3.1/thumb/v7e-m+fp/hard/libgcc.a
LOAD /Applications/ArmGNUToolchain/11.3.rel1/arm-none-eabi/bin/../lib/gcc/arm-none-eabi/11.3.1/../../../../arm-none-eabi/lib/thumb/v7e-m+fp/hard/libg.a
LOAD /Applications/ArmGNUToolchain/11.3.rel1/arm-none-eabi/bin/../lib/gcc/arm-none-eabi/11.3.1/../../../../arm-none-eabi/lib/thumb/v7e-m+fp/hard/libc.a
END GROUP
LOAD /Applications/ArmGNUToolchain/11.3.rel1/arm-none-eabi/bin/../lib/gcc/arm-none-eabi/11.3.1/thumb/v7e-m+fp/hard/crtend.o
LOAD /Applications/ArmGNUToolchain/11.3.rel1/arm-none-eabi/bin/../lib/gcc/arm-none-eabi/11.3.1/thumb/v7e-m+fp/hard/crtn.o
                0x0000000020030000                _estack = (ORIGIN (RAM) + LENGTH (RAM))
                0x0000000000000200                _Min_Heap_Size = 0x200
                0x0000000000000400                _Min_Stack_Size = 0x400

.isr_vector     0x0000000008000000      0x1ac
                0x0000000008000000                . = ALIGN (0x4)
 *(.isr_vector)
 .isr_vector    0x0000000008000000      0x1ac CMakeFiles/salt-stm32.elf.dir/Core/Startup/startup_stm32f429zitx.s.obj
                0x0000000008000000                g_pfnVectors
                0x00000000080001ac                . = ALIGN (0x4)

.text           0x00000000080001b0     0x42b0
                0x00000000080001b0                . = ALIGN (0x4)
 *(.text)
 .text          0x00000000080001b0       0x30 /Applications/ArmGNUToolchain/11.3.rel1/arm-none-eabi/bin/../lib/gcc/arm-none-eabi/11.3.1/thumb/v7e-m+fp/hard/libgcc.a(_aeabi_uldivmod.o)
                0x00000000080001b0                __aeabi_uldivmod
 .text          0x00000000080001e0        0x4 /Applications/ArmGNUToolchain/11.3.rel1/arm-none-eabi/bin/../lib/gcc/arm-none-eabi/11.3.1/thumb/v7e-m+fp/hard/libgcc.a(_dvmd_tls.o)
                0x00000000080001e0                __aeabi_ldiv0
                0x00000000080001e0                __aeabi_idiv0
 .text          0x00000000080001e4      0x134 /Applications/ArmGNUToolchain/11.3.rel1/arm-none-eabi/bin/../lib/gcc/arm-none-eabi/11.3.1/../../../../arm-none-eabi/lib/thumb/v7e-m+fp/hard/libg.a(libc_a-memcpy.o)
                0x00000000080001e4                memcpy
 *(.text*)
 .text.deregister_tm_clones
                0x0000000008000318       0x1c /Applications/ArmGNUToolchain/11.3.rel1/arm-none-eabi/bin/../lib/gcc/arm-none-eabi/11.3.1/thumb/v7e-m+fp/hard/crtbegin.o
 .text.register_tm_clones
                0x0000000008000334       0x24 /Applications/ArmGNUToolchain/11.3.rel1/arm-none-eabi/bin/../lib/gcc/arm-none-eabi/11.3.1/thumb/v7e-m+fp/hard/crtbegin.o
 .text.__do_global_dtors_aux
                0x0000000008000358       0x28 /Applications/ArmGNUToolchain/11.3.rel1/arm-none-eabi/bin/../lib/gcc/arm-none-eabi/11.3.1/thumb/v7e-m+fp/hard/crtbegin.o
 .text.frame_dummy
                0x0000000008000380       0x24 /Applications/ArmGNUToolchain/11.3.rel1/arm-none-eabi/bin/../lib/gcc/arm-none-eabi/11.3.1/thumb/v7e-m+fp/hard/crtbegin.o
 .text.prvMQTTProcessIncomingPublish
                0x00000000080003a4       0x16 CMakeFiles/salt-stm32.elf.dir/Core/Src/main.c.obj
 *fill*         0x00000000080003ba        0x2 
 .text.prvGetTimeMs
                0x00000000080003bc       0x14 CMakeFiles/salt-stm32.elf.dir/Core/Src/main.c.obj
 .text.prvConnectToServerWithBackoffRetries
                0x00000000080003d0       0xac CMakeFiles/salt-stm32.elf.dir/Core/Src/main.c.obj
 .text.prvCreateMQTTConnectionWithBroker
                0x000000000800047c       0x9c CMakeFiles/salt-stm32.elf.dir/Core/Src/main.c.obj
 .text.prvUpdateSubAckStatus
                0x0000000008000518       0x48 CMakeFiles/salt-stm32.elf.dir/Core/Src/main.c.obj
 .text.prvMQTTProcessResponse
                0x0000000008000560       0x58 CMakeFiles/salt-stm32.elf.dir/Core/Src/main.c.obj
 .text.prvEventCallback
                0x00000000080005b8       0x1e CMakeFiles/salt-stm32.elf.dir/Core/Src/main.c.obj
 *fill*         0x00000000080005d6        0x2 
 .text.prvMQTTSubscribeWithBackoffRetries
                0x00000000080005d8      0x12c CMakeFiles/salt-stm32.elf.dir/Core/Src/main.c.obj
 .text.prvMQTTPublishToTopic
                0x0000000008000704       0x4c CMakeFiles/salt-stm32.elf.dir/Core/Src/main.c.obj
 .text.prvMQTTUnsubscribeFromTopic
                0x0000000008000750       0x60 CMakeFiles/salt-stm32.elf.dir/Core/Src/main.c.obj
 .text.prvMQTTDemoTask
                0x00000000080007b0       0xf0 CMakeFiles/salt-stm32.elf.dir/Core/Src/main.c.obj
 .text.MX_GPIO_Init
                0x00000000080008a0      0x108 CMakeFiles/salt-stm32.elf.dir/Core/Src/main.c.obj
 .text.StartDefaultTask
                0x00000000080009a8        0xa CMakeFiles/salt-stm32.elf.dir/Core/Src/main.c.obj
                0x00000000080009a8                StartDefaultTask
 *fill*         0x00000000080009b2        0x2 
 .text.vStartSimpleMQTTDemo
                0x00000000080009b4       0x24 CMakeFiles/salt-stm32.elf.dir/Core/Src/main.c.obj
                0x00000000080009b4                vStartSimpleMQTTDemo
 .text.Error_Handler
                0x00000000080009d8        0x4 CMakeFiles/salt-stm32.elf.dir/Core/Src/main.c.obj
                0x00000000080009d8                Error_Handler
 .text.MX_ETH_Init
                0x00000000080009dc       0x6c CMakeFiles/salt-stm32.elf.dir/Core/Src/main.c.obj
 .text.MX_USART3_UART_Init
                0x0000000008000a48       0x34 CMakeFiles/salt-stm32.elf.dir/Core/Src/main.c.obj
 .text.MX_USB_OTG_FS_PCD_Init
                0x0000000008000a7c       0x34 CMakeFiles/salt-stm32.elf.dir/Core/Src/main.c.obj
 .text.SystemClock_Config
                0x0000000008000ab0       0xa8 CMakeFiles/salt-stm32.elf.dir/Core/Src/main.c.obj
                0x0000000008000ab0                SystemClock_Config
 .text.main     0x0000000008000b58       0x44 CMakeFiles/salt-stm32.elf.dir/Core/Src/main.c.obj
                0x0000000008000b58                main
 .text.HAL_MspInit
                0x0000000008000b9c       0x44 CMakeFiles/salt-stm32.elf.dir/Core/Src/stm32f4xx_hal_msp.c.obj
                0x0000000008000b9c                HAL_MspInit
 .text.HAL_ETH_MspInit
                0x0000000008000be0      0x11c CMakeFiles/salt-stm32.elf.dir/Core/Src/stm32f4xx_hal_msp.c.obj
                0x0000000008000be0                HAL_ETH_MspInit
 .text.HAL_UART_MspInit
                0x0000000008000cfc       0x70 CMakeFiles/salt-stm32.elf.dir/Core/Src/stm32f4xx_hal_msp.c.obj
                0x0000000008000cfc                HAL_UART_MspInit
 .text.HAL_PCD_MspInit
                0x0000000008000d6c       0x88 CMakeFiles/salt-stm32.elf.dir/Core/Src/stm32f4xx_hal_msp.c.obj
                0x0000000008000d6c                HAL_PCD_MspInit
 .text.NMI_Handler
                0x0000000008000df4        0x2 CMakeFiles/salt-stm32.elf.dir/Core/Src/stm32f4xx_it.c.obj
                0x0000000008000df4                NMI_Handler
 .text.HardFault_Handler
                0x0000000008000df6        0x2 CMakeFiles/salt-stm32.elf.dir/Core/Src/stm32f4xx_it.c.obj
                0x0000000008000df6                HardFault_Handler
 .text.MemManage_Handler
                0x0000000008000df8        0x2 CMakeFiles/salt-stm32.elf.dir/Core/Src/stm32f4xx_it.c.obj
                0x0000000008000df8                MemManage_Handler
 .text.BusFault_Handler
                0x0000000008000dfa        0x2 CMakeFiles/salt-stm32.elf.dir/Core/Src/stm32f4xx_it.c.obj
                0x0000000008000dfa                BusFault_Handler
 .text.UsageFault_Handler
                0x0000000008000dfc        0x2 CMakeFiles/salt-stm32.elf.dir/Core/Src/stm32f4xx_it.c.obj
                0x0000000008000dfc                UsageFault_Handler
 .text.DebugMon_Handler
                0x0000000008000dfe        0x2 CMakeFiles/salt-stm32.elf.dir/Core/Src/stm32f4xx_it.c.obj
                0x0000000008000dfe                DebugMon_Handler
 .text.SysTick_Handler
                0x0000000008000e00       0x16 CMakeFiles/salt-stm32.elf.dir/Core/Src/stm32f4xx_it.c.obj
                0x0000000008000e00                SysTick_Handler
 *fill*         0x0000000008000e16        0x2 
 .text.SystemInit
                0x0000000008000e18       0x14 CMakeFiles/salt-stm32.elf.dir/Core/Src/system_stm32f4xx.c.obj
                0x0000000008000e18                SystemInit
 .text.Reset_Handler
                0x0000000008000e2c       0x50 CMakeFiles/salt-stm32.elf.dir/Core/Startup/startup_stm32f429zitx.s.obj
                0x0000000008000e2c                Reset_Handler
 .text.Default_Handler
                0x0000000008000e7c        0x2 CMakeFiles/salt-stm32.elf.dir/Core/Startup/startup_stm32f429zitx.s.obj
                0x0000000008000e7c                DMA1_Stream3_IRQHandler
                0x0000000008000e7c                HASH_RNG_IRQHandler
                0x0000000008000e7c                EXTI2_IRQHandler
                0x0000000008000e7c                TIM8_CC_IRQHandler
                0x0000000008000e7c                UART8_IRQHandler
                0x0000000008000e7c                SPI4_IRQHandler
                0x0000000008000e7c                TIM1_CC_IRQHandler
                0x0000000008000e7c                DMA2_Stream5_IRQHandler
                0x0000000008000e7c                DMA1_Stream5_IRQHandler
                0x0000000008000e7c                PVD_IRQHandler
                0x0000000008000e7c                SDIO_IRQHandler
                0x0000000008000e7c                TAMP_STAMP_IRQHandler
                0x0000000008000e7c                CAN2_RX1_IRQHandler
                0x0000000008000e7c                EXTI3_IRQHandler
                0x0000000008000e7c                TIM8_TRG_COM_TIM14_IRQHandler
                0x0000000008000e7c                TIM1_UP_TIM10_IRQHandler
                0x0000000008000e7c                TIM8_UP_TIM13_IRQHandler
                0x0000000008000e7c                I2C3_ER_IRQHandler
                0x0000000008000e7c                EXTI0_IRQHandler
                0x0000000008000e7c                I2C2_EV_IRQHandler
                0x0000000008000e7c                DMA1_Stream2_IRQHandler
                0x0000000008000e7c                CAN1_RX0_IRQHandler
                0x0000000008000e7c                FPU_IRQHandler
                0x0000000008000e7c                OTG_HS_WKUP_IRQHandler
                0x0000000008000e7c                LTDC_ER_IRQHandler
                0x0000000008000e7c                CAN2_SCE_IRQHandler
                0x0000000008000e7c                DMA2_Stream2_IRQHandler
                0x0000000008000e7c                SPI1_IRQHandler
                0x0000000008000e7c                TIM6_DAC_IRQHandler
                0x0000000008000e7c                TIM1_BRK_TIM9_IRQHandler
                0x0000000008000e7c                DCMI_IRQHandler
                0x0000000008000e7c                CAN2_RX0_IRQHandler
                0x0000000008000e7c                DMA2_Stream3_IRQHandler
                0x0000000008000e7c                USART6_IRQHandler
                0x0000000008000e7c                USART3_IRQHandler
                0x0000000008000e7c                CAN1_RX1_IRQHandler
                0x0000000008000e7c                UART5_IRQHandler
                0x0000000008000e7c                DMA2_Stream0_IRQHandler
                0x0000000008000e7c                TIM4_IRQHandler
                0x0000000008000e7c                I2C1_EV_IRQHandler
                0x0000000008000e7c                DMA1_Stream6_IRQHandler
                0x0000000008000e7c                DMA1_Stream1_IRQHandler
                0x0000000008000e7c                UART4_IRQHandler
                0x0000000008000e7c                TIM3_IRQHandler
                0x0000000008000e7c                RCC_IRQHandler
                0x0000000008000e7c                TIM8_BRK_TIM12_IRQHandler
                0x0000000008000e7c                Default_Handler
                0x0000000008000e7c                EXTI15_10_IRQHandler
                0x0000000008000e7c                ADC_IRQHandler
                0x0000000008000e7c                DMA1_Stream7_IRQHandler
                0x0000000008000e7c                SPI5_IRQHandler
                0x0000000008000e7c                TIM7_IRQHandler
                0x0000000008000e7c                CAN2_TX_IRQHandler
                0x0000000008000e7c                TIM5_IRQHandler
                0x0000000008000e7c                DMA2_Stream7_IRQHandler
                0x0000000008000e7c                I2C3_EV_IRQHandler
                0x0000000008000e7c                EXTI9_5_IRQHandler
                0x0000000008000e7c                RTC_WKUP_IRQHandler
                0x0000000008000e7c                LTDC_IRQHandler
                0x0000000008000e7c                ETH_WKUP_IRQHandler
                0x0000000008000e7c                SPI2_IRQHandler
                0x0000000008000e7c                OTG_HS_EP1_IN_IRQHandler
                0x0000000008000e7c                DMA1_Stream0_IRQHandler
                0x0000000008000e7c                CAN1_TX_IRQHandler
                0x0000000008000e7c                EXTI4_IRQHandler
                0x0000000008000e7c                ETH_IRQHandler
                0x0000000008000e7c                OTG_HS_EP1_OUT_IRQHandler
                0x0000000008000e7c                WWDG_IRQHandler
                0x0000000008000e7c                SPI6_IRQHandler
                0x0000000008000e7c                TIM2_IRQHandler
                0x0000000008000e7c                OTG_FS_WKUP_IRQHandler
                0x0000000008000e7c                TIM1_TRG_COM_TIM11_IRQHandler
                0x0000000008000e7c                OTG_HS_IRQHandler
                0x0000000008000e7c                DMA2D_IRQHandler
                0x0000000008000e7c                EXTI1_IRQHandler
                0x0000000008000e7c                UART7_IRQHandler
                0x0000000008000e7c                USART2_IRQHandler
                0x0000000008000e7c                I2C2_ER_IRQHandler
                0x0000000008000e7c                DMA2_Stream1_IRQHandler
                0x0000000008000e7c                CAN1_SCE_IRQHandler
                0x0000000008000e7c                FLASH_IRQHandler
                0x0000000008000e7c                DMA2_Stream4_IRQHandler
                0x0000000008000e7c                USART1_IRQHandler
                0x0000000008000e7c                OTG_FS_IRQHandler
                0x0000000008000e7c                SPI3_IRQHandler
                0x0000000008000e7c                DMA1_Stream4_IRQHandler
                0x0000000008000e7c                I2C1_ER_IRQHandler
                0x0000000008000e7c                FMC_IRQHandler
                0x0000000008000e7c                DMA2_Stream6_IRQHandler
                0x0000000008000e7c                SAI1_IRQHandler
                0x0000000008000e7c                RTC_Alarm_IRQHandler
 *fill*         0x0000000008000e7e        0x2 
 .text.HAL_InitTick
                0x0000000008000e80       0x4c CMakeFiles/salt-stm32.elf.dir/Drivers/STM32F4xx_HAL_Driver/Src/stm32f4xx_hal.c.obj
                0x0000000008000e80                HAL_InitTick
 .text.HAL_Init
                0x0000000008000ecc       0x34 CMakeFiles/salt-stm32.elf.dir/Drivers/STM32F4xx_HAL_Driver/Src/stm32f4xx_hal.c.obj
                0x0000000008000ecc                HAL_Init
 .text.HAL_IncTick
                0x0000000008000f00       0x18 CMakeFiles/salt-stm32.elf.dir/Drivers/STM32F4xx_HAL_Driver/Src/stm32f4xx_hal.c.obj
                0x0000000008000f00                HAL_IncTick
 .text.HAL_GetTick
                0x0000000008000f18        0xc CMakeFiles/salt-stm32.elf.dir/Drivers/STM32F4xx_HAL_Driver/Src/stm32f4xx_hal.c.obj
                0x0000000008000f18                HAL_GetTick
 .text.HAL_Delay
                0x0000000008000f24       0x28 CMakeFiles/salt-stm32.elf.dir/Drivers/STM32F4xx_HAL_Driver/Src/stm32f4xx_hal.c.obj
                0x0000000008000f24                HAL_Delay
 .text.HAL_NVIC_SetPriorityGrouping
                0x0000000008000f4c       0x24 CMakeFiles/salt-stm32.elf.dir/Drivers/STM32F4xx_HAL_Driver/Src/stm32f4xx_hal_cortex.c.obj
                0x0000000008000f4c                HAL_NVIC_SetPriorityGrouping
 .text.HAL_NVIC_SetPriority
                0x0000000008000f70       0x70 CMakeFiles/salt-stm32.elf.dir/Drivers/STM32F4xx_HAL_Driver/Src/stm32f4xx_hal_cortex.c.obj
                0x0000000008000f70                HAL_NVIC_SetPriority
 .text.HAL_SYSTICK_Config
                0x0000000008000fe0       0x28 CMakeFiles/salt-stm32.elf.dir/Drivers/STM32F4xx_HAL_Driver/Src/stm32f4xx_hal_cortex.c.obj
                0x0000000008000fe0                HAL_SYSTICK_Config
 .text.ETH_MACAddressConfig
                0x0000000008001008       0x30 CMakeFiles/salt-stm32.elf.dir/Drivers/STM32F4xx_HAL_Driver/Src/stm32f4xx_hal_eth.c.obj
 .text.ETH_DMATxDescListInit
                0x0000000008001038       0x6e CMakeFiles/salt-stm32.elf.dir/Drivers/STM32F4xx_HAL_Driver/Src/stm32f4xx_hal_eth.c.obj
 .text.ETH_DMARxDescListInit
                0x00000000080010a6       0x84 CMakeFiles/salt-stm32.elf.dir/Drivers/STM32F4xx_HAL_Driver/Src/stm32f4xx_hal_eth.c.obj
 *fill*         0x000000000800112a        0x2 
 .text.ETH_SetMACConfig
                0x000000000800112c       0xfc CMakeFiles/salt-stm32.elf.dir/Drivers/STM32F4xx_HAL_Driver/Src/stm32f4xx_hal_eth.c.obj
 .text.ETH_SetDMAConfig
                0x0000000008001228       0xc0 CMakeFiles/salt-stm32.elf.dir/Drivers/STM32F4xx_HAL_Driver/Src/stm32f4xx_hal_eth.c.obj
 .text.ETH_MACDMAConfig
                0x00000000080012e8       0xa2 CMakeFiles/salt-stm32.elf.dir/Drivers/STM32F4xx_HAL_Driver/Src/stm32f4xx_hal_eth.c.obj
 *fill*         0x000000000800138a        0x2 
 .text.HAL_ETH_Init
                0x000000000800138c       0xc0 CMakeFiles/salt-stm32.elf.dir/Drivers/STM32F4xx_HAL_Driver/Src/stm32f4xx_hal_eth.c.obj
                0x000000000800138c                HAL_ETH_Init
 .text.HAL_GPIO_Init
                0x000000000800144c      0x208 CMakeFiles/salt-stm32.elf.dir/Drivers/STM32F4xx_HAL_Driver/Src/stm32f4xx_hal_gpio.c.obj
                0x000000000800144c                HAL_GPIO_Init
 .text.HAL_GPIO_WritePin
                0x0000000008001654        0xc CMakeFiles/salt-stm32.elf.dir/Drivers/STM32F4xx_HAL_Driver/Src/stm32f4xx_hal_gpio.c.obj
                0x0000000008001654                HAL_GPIO_WritePin
 .text.HAL_PCD_Init
                0x0000000008001660      0x12e CMakeFiles/salt-stm32.elf.dir/Drivers/STM32F4xx_HAL_Driver/Src/stm32f4xx_hal_pcd.c.obj
                0x0000000008001660                HAL_PCD_Init
 *fill*         0x000000000800178e        0x2 
 .text.HAL_RCC_OscConfig
                0x0000000008001790      0x3f8 CMakeFiles/salt-stm32.elf.dir/Drivers/STM32F4xx_HAL_Driver/Src/stm32f4xx_hal_rcc.c.obj
                0x0000000008001790                HAL_RCC_OscConfig
 .text.HAL_RCC_GetSysClockFreq
                0x0000000008001b88       0xdc CMakeFiles/salt-stm32.elf.dir/Drivers/STM32F4xx_HAL_Driver/Src/stm32f4xx_hal_rcc.c.obj
                0x0000000008001b88                HAL_RCC_GetSysClockFreq
 .text.HAL_RCC_ClockConfig
                0x0000000008001c64      0x160 CMakeFiles/salt-stm32.elf.dir/Drivers/STM32F4xx_HAL_Driver/Src/stm32f4xx_hal_rcc.c.obj
                0x0000000008001c64                HAL_RCC_ClockConfig
 .text.HAL_RCC_GetHCLKFreq
                0x0000000008001dc4        0xc CMakeFiles/salt-stm32.elf.dir/Drivers/STM32F4xx_HAL_Driver/Src/stm32f4xx_hal_rcc.c.obj
                0x0000000008001dc4                HAL_RCC_GetHCLKFreq
 .text.HAL_RCC_GetPCLK1Freq
                0x0000000008001dd0       0x20 CMakeFiles/salt-stm32.elf.dir/Drivers/STM32F4xx_HAL_Driver/Src/stm32f4xx_hal_rcc.c.obj
                0x0000000008001dd0                HAL_RCC_GetPCLK1Freq
 .text.HAL_RCC_GetPCLK2Freq
                0x0000000008001df0       0x20 CMakeFiles/salt-stm32.elf.dir/Drivers/STM32F4xx_HAL_Driver/Src/stm32f4xx_hal_rcc.c.obj
                0x0000000008001df0                HAL_RCC_GetPCLK2Freq
 .text.UART_SetConfig
                0x0000000008001e10      0x110 CMakeFiles/salt-stm32.elf.dir/Drivers/STM32F4xx_HAL_Driver/Src/stm32f4xx_hal_uart.c.obj
 .text.HAL_UART_Init
                0x0000000008001f20       0x5e CMakeFiles/salt-stm32.elf.dir/Drivers/STM32F4xx_HAL_Driver/Src/stm32f4xx_hal_uart.c.obj
                0x0000000008001f20                HAL_UART_Init
 *fill*         0x0000000008001f7e        0x2 
 .text.USB_CoreReset
                0x0000000008001f80       0x50 CMakeFiles/salt-stm32.elf.dir/Drivers/STM32F4xx_HAL_Driver/Src/stm32f4xx_ll_usb.c.obj
 .text.USB_CoreInit
                0x0000000008001fd0       0x8a CMakeFiles/salt-stm32.elf.dir/Drivers/STM32F4xx_HAL_Driver/Src/stm32f4xx_ll_usb.c.obj
                0x0000000008001fd0                USB_CoreInit
 .text.USB_DisableGlobalInt
                0x000000000800205a        0xc CMakeFiles/salt-stm32.elf.dir/Drivers/STM32F4xx_HAL_Driver/Src/stm32f4xx_ll_usb.c.obj
                0x000000000800205a                USB_DisableGlobalInt
 *fill*         0x0000000008002066        0x2 
 .text.USB_FlushTxFifo
                0x0000000008002068       0x50 CMakeFiles/salt-stm32.elf.dir/Drivers/STM32F4xx_HAL_Driver/Src/stm32f4xx_ll_usb.c.obj
                0x0000000008002068                USB_FlushTxFifo
 .text.USB_FlushRxFifo
                0x00000000080020b8       0x4c CMakeFiles/salt-stm32.elf.dir/Drivers/STM32F4xx_HAL_Driver/Src/stm32f4xx_ll_usb.c.obj
                0x00000000080020b8                USB_FlushRxFifo
 .text.USB_SetDevSpeed
                0x0000000008002104        0xe CMakeFiles/salt-stm32.elf.dir/Drivers/STM32F4xx_HAL_Driver/Src/stm32f4xx_ll_usb.c.obj
                0x0000000008002104                USB_SetDevSpeed
 *fill*         0x0000000008002112        0x2 
 .text.USB_DevInit
                0x0000000008002114      0x190 CMakeFiles/salt-stm32.elf.dir/Drivers/STM32F4xx_HAL_Driver/Src/stm32f4xx_ll_usb.c.obj
                0x0000000008002114                USB_DevInit
 .text.USB_DevDisconnect
                0x00000000080022a4       0x1c CMakeFiles/salt-stm32.elf.dir/Drivers/STM32F4xx_HAL_Driver/Src/stm32f4xx_ll_usb.c.obj
                0x00000000080022a4                USB_DevDisconnect
 .text.USB_GetMode
                0x00000000080022c0        0x8 CMakeFiles/salt-stm32.elf.dir/Drivers/STM32F4xx_HAL_Driver/Src/stm32f4xx_ll_usb.c.obj
                0x00000000080022c0                USB_GetMode
 .text.USB_SetCurrentMode
                0x00000000080022c8       0x62 CMakeFiles/salt-stm32.elf.dir/Drivers/STM32F4xx_HAL_Driver/Src/stm32f4xx_ll_usb.c.obj
                0x00000000080022c8                USB_SetCurrentMode
 *fill*         0x000000000800232a        0x2 
 .text.osKernelInitialize
                0x000000000800232c       0x24 CMakeFiles/salt-stm32.elf.dir/Middlewares/Third_Party/FreeRTOS/Source/CMSIS_RTOS_V2/cmsis_os2.c.obj
                0x000000000800232c                osKernelInitialize
 .text.osKernelStart
                0x0000000008002350       0x38 CMakeFiles/salt-stm32.elf.dir/Middlewares/Third_Party/FreeRTOS/Source/CMSIS_RTOS_V2/cmsis_os2.c.obj
                0x0000000008002350                osKernelStart
 .text.osThreadNew
                0x0000000008002388       0xbc CMakeFiles/salt-stm32.elf.dir/Middlewares/Third_Party/FreeRTOS/Source/CMSIS_RTOS_V2/cmsis_os2.c.obj
                0x0000000008002388                osThreadNew
 .text.osDelay  0x0000000008002444       0x1c CMakeFiles/salt-stm32.elf.dir/Middlewares/Third_Party/FreeRTOS/Source/CMSIS_RTOS_V2/cmsis_os2.c.obj
                0x0000000008002444                osDelay
 .text.vApplicationGetIdleTaskMemory
                0x0000000008002460       0x18 CMakeFiles/salt-stm32.elf.dir/Middlewares/Third_Party/FreeRTOS/Source/CMSIS_RTOS_V2/cmsis_os2.c.obj
                0x0000000008002460                vApplicationGetIdleTaskMemory
 .text.vApplicationGetTimerTaskMemory
                0x0000000008002478       0x18 CMakeFiles/salt-stm32.elf.dir/Middlewares/Third_Party/FreeRTOS/Source/CMSIS_RTOS_V2/cmsis_os2.c.obj
                0x0000000008002478                vApplicationGetTimerTaskMemory
 .text.vListInitialise
                0x0000000008002490       0x16 CMakeFiles/salt-stm32.elf.dir/Middlewares/Third_Party/FreeRTOS/Source/list.c.obj
                0x0000000008002490                vListInitialise
 .text.vListInitialiseItem
                0x00000000080024a6        0x6 CMakeFiles/salt-stm32.elf.dir/Middlewares/Third_Party/FreeRTOS/Source/list.c.obj
                0x00000000080024a6                vListInitialiseItem
 .text.vListInsertEnd
                0x00000000080024ac       0x16 CMakeFiles/salt-stm32.elf.dir/Middlewares/Third_Party/FreeRTOS/Source/list.c.obj
                0x00000000080024ac                vListInsertEnd
 .text.vListInsert
                0x00000000080024c2       0x32 CMakeFiles/salt-stm32.elf.dir/Middlewares/Third_Party/FreeRTOS/Source/list.c.obj
                0x00000000080024c2                vListInsert
 .text.uxListRemove
                0x00000000080024f4       0x26 CMakeFiles/salt-stm32.elf.dir/Middlewares/Third_Party/FreeRTOS/Source/list.c.obj
                0x00000000080024f4                uxListRemove
 *fill*         0x000000000800251a        0x2 
 .text.prvTaskExitError
                0x000000000800251c       0x40 CMakeFiles/salt-stm32.elf.dir/Middlewares/Third_Party/FreeRTOS/Source/portable/GCC/ARM_CM4F/port.c.obj
 .text.prvPortStartFirstTask
                0x000000000800255c       0x28 CMakeFiles/salt-stm32.elf.dir/Middlewares/Third_Party/FreeRTOS/Source/portable/GCC/ARM_CM4F/port.c.obj
 .text.vPortEnableVFP
                0x0000000008002584       0x14 CMakeFiles/salt-stm32.elf.dir/Middlewares/Third_Party/FreeRTOS/Source/portable/GCC/ARM_CM4F/port.c.obj
 .text.pxPortInitialiseStack
                0x0000000008002598       0x2c CMakeFiles/salt-stm32.elf.dir/Middlewares/Third_Party/FreeRTOS/Source/portable/GCC/ARM_CM4F/port.c.obj
                0x0000000008002598                pxPortInitialiseStack
 *fill*         0x00000000080025c4        0xc 
 .text.SVC_Handler
                0x00000000080025d0       0x24 CMakeFiles/salt-stm32.elf.dir/Middlewares/Third_Party/FreeRTOS/Source/portable/GCC/ARM_CM4F/port.c.obj
                0x00000000080025d0                SVC_Handler
 .text.vPortEnterCritical
                0x00000000080025f4       0x44 CMakeFiles/salt-stm32.elf.dir/Middlewares/Third_Party/FreeRTOS/Source/portable/GCC/ARM_CM4F/port.c.obj
                0x00000000080025f4                vPortEnterCritical
 .text.vPortExitCritical
                0x0000000008002638       0x2c CMakeFiles/salt-stm32.elf.dir/Middlewares/Third_Party/FreeRTOS/Source/portable/GCC/ARM_CM4F/port.c.obj
                0x0000000008002638                vPortExitCritical
 *fill*         0x0000000008002664        0xc 
 .text.PendSV_Handler
                0x0000000008002670       0x64 CMakeFiles/salt-stm32.elf.dir/Middlewares/Third_Party/FreeRTOS/Source/portable/GCC/ARM_CM4F/port.c.obj
                0x0000000008002670                PendSV_Handler
 .text.xPortSysTickHandler
                0x00000000080026d4       0x2c CMakeFiles/salt-stm32.elf.dir/Middlewares/Third_Party/FreeRTOS/Source/portable/GCC/ARM_CM4F/port.c.obj
                0x00000000080026d4                xPortSysTickHandler
 .text.vPortSetupTimerInterrupt
                0x0000000008002700       0x28 CMakeFiles/salt-stm32.elf.dir/Middlewares/Third_Party/FreeRTOS/Source/portable/GCC/ARM_CM4F/port.c.obj
                0x0000000008002700                vPortSetupTimerInterrupt
 .text.xPortStartScheduler
                0x0000000008002728      0x118 CMakeFiles/salt-stm32.elf.dir/Middlewares/Third_Party/FreeRTOS/Source/portable/GCC/ARM_CM4F/port.c.obj
                0x0000000008002728                xPortStartScheduler
 .text.vPortValidateInterruptPriority
                0x0000000008002840       0x5c CMakeFiles/salt-stm32.elf.dir/Middlewares/Third_Party/FreeRTOS/Source/portable/GCC/ARM_CM4F/port.c.obj
                0x0000000008002840                vPortValidateInterruptPriority
 .text.prvHeapInit
                0x000000000800289c       0x64 CMakeFiles/salt-stm32.elf.dir/Middlewares/Third_Party/FreeRTOS/Source/portable/MemMang/heap_4.c.obj
 .text.prvInsertBlockIntoFreeList
                0x0000000008002900       0x64 CMakeFiles/salt-stm32.elf.dir/Middlewares/Third_Party/FreeRTOS/Source/portable/MemMang/heap_4.c.obj
 .text.pvPortMalloc
                0x0000000008002964       0xfc CMakeFiles/salt-stm32.elf.dir/Middlewares/Third_Party/FreeRTOS/Source/portable/MemMang/heap_4.c.obj
                0x0000000008002964                pvPortMalloc
 .text.vPortFree
                0x0000000008002a60       0x7c CMakeFiles/salt-stm32.elf.dir/Middlewares/Third_Party/FreeRTOS/Source/portable/MemMang/heap_4.c.obj
                0x0000000008002a60                vPortFree
 .text.prvIsQueueFull
                0x0000000008002adc       0x1e CMakeFiles/salt-stm32.elf.dir/Middlewares/Third_Party/FreeRTOS/Source/queue.c.obj
 .text.prvIsQueueEmpty
                0x0000000008002afa       0x1a CMakeFiles/salt-stm32.elf.dir/Middlewares/Third_Party/FreeRTOS/Source/queue.c.obj
 .text.prvCopyDataToQueue
                0x0000000008002b14       0x76 CMakeFiles/salt-stm32.elf.dir/Middlewares/Third_Party/FreeRTOS/Source/queue.c.obj
 .text.prvCopyDataFromQueue
                0x0000000008002b8a       0x24 CMakeFiles/salt-stm32.elf.dir/Middlewares/Third_Party/FreeRTOS/Source/queue.c.obj
 .text.prvUnlockQueue
                0x0000000008002bae       0x6e CMakeFiles/salt-stm32.elf.dir/Middlewares/Third_Party/FreeRTOS/Source/queue.c.obj
 .text.xQueueGenericReset
                0x0000000008002c1c       0x84 CMakeFiles/salt-stm32.elf.dir/Middlewares/Third_Party/FreeRTOS/Source/queue.c.obj
                0x0000000008002c1c                xQueueGenericReset
 .text.prvInitialiseNewQueue
                0x0000000008002ca0       0x22 CMakeFiles/salt-stm32.elf.dir/Middlewares/Third_Party/FreeRTOS/Source/queue.c.obj
 .text.xQueueGenericCreateStatic
                0x0000000008002cc2       0x94 CMakeFiles/salt-stm32.elf.dir/Middlewares/Third_Party/FreeRTOS/Source/queue.c.obj
                0x0000000008002cc2                xQueueGenericCreateStatic
 .text.xQueueGenericSend
                0x0000000008002d56      0x188 CMakeFiles/salt-stm32.elf.dir/Middlewares/Third_Party/FreeRTOS/Source/queue.c.obj
                0x0000000008002d56                xQueueGenericSend
 .text.xQueueGenericSendFromISR
                0x0000000008002ede       0xce CMakeFiles/salt-stm32.elf.dir/Middlewares/Third_Party/FreeRTOS/Source/queue.c.obj
                0x0000000008002ede                xQueueGenericSendFromISR
 .text.xQueueReceive
                0x0000000008002fac      0x15e CMakeFiles/salt-stm32.elf.dir/Middlewares/Third_Party/FreeRTOS/Source/queue.c.obj
                0x0000000008002fac                xQueueReceive
 *fill*         0x000000000800310a        0x2 
 .text.vQueueAddToRegistry
                0x000000000800310c       0x28 CMakeFiles/salt-stm32.elf.dir/Middlewares/Third_Party/FreeRTOS/Source/queue.c.obj
                0x000000000800310c                vQueueAddToRegistry
 .text.vQueueWaitForMessageRestricted
                0x0000000008003134       0x52 CMakeFiles/salt-stm32.elf.dir/Middlewares/Third_Party/FreeRTOS/Source/queue.c.obj
                0x0000000008003134                vQueueWaitForMessageRestricted
 *fill*         0x0000000008003186        0x2 
 .text.prvResetNextTaskUnblockTime
                0x0000000008003188       0x2c CMakeFiles/salt-stm32.elf.dir/Middlewares/Third_Party/FreeRTOS/Source/tasks.c.obj
 .text.prvInitialiseNewTask
                0x00000000080031b4       0xa2 CMakeFiles/salt-stm32.elf.dir/Middlewares/Third_Party/FreeRTOS/Source/tasks.c.obj
 *fill*         0x0000000008003256        0x2 
 .text.prvInitialiseTaskLists
                0x0000000008003258       0x68 CMakeFiles/salt-stm32.elf.dir/Middlewares/Third_Party/FreeRTOS/Source/tasks.c.obj
 .text.prvAddNewTaskToReadyList
                0x00000000080032c0       0xac CMakeFiles/salt-stm32.elf.dir/Middlewares/Third_Party/FreeRTOS/Source/tasks.c.obj
 .text.prvDeleteTCB
                0x000000000800336c       0x38 CMakeFiles/salt-stm32.elf.dir/Middlewares/Third_Party/FreeRTOS/Source/tasks.c.obj
 .text.prvCheckTasksWaitingTermination
                0x00000000080033a4       0x4c CMakeFiles/salt-stm32.elf.dir/Middlewares/Third_Party/FreeRTOS/Source/tasks.c.obj
 .text.prvIdleTask
                0x00000000080033f0       0x28 CMakeFiles/salt-stm32.elf.dir/Middlewares/Third_Party/FreeRTOS/Source/tasks.c.obj
 .text.prvAddCurrentTaskToDelayedList
                0x0000000008003418       0x7c CMakeFiles/salt-stm32.elf.dir/Middlewares/Third_Party/FreeRTOS/Source/tasks.c.obj
 .text.xTaskCreateStatic
                0x0000000008003494       0x76 CMakeFiles/salt-stm32.elf.dir/Middlewares/Third_Party/FreeRTOS/Source/tasks.c.obj
                0x0000000008003494                xTaskCreateStatic
 .text.xTaskCreate
                0x000000000800350a       0x68 CMakeFiles/salt-stm32.elf.dir/Middlewares/Third_Party/FreeRTOS/Source/tasks.c.obj
                0x000000000800350a                xTaskCreate
 *fill*         0x0000000008003572        0x2 
 .text.vTaskStartScheduler
                0x0000000008003574       0x9c CMakeFiles/salt-stm32.elf.dir/Middlewares/Third_Party/FreeRTOS/Source/tasks.c.obj
                0x0000000008003574                vTaskStartScheduler
 .text.vTaskSuspendAll
                0x0000000008003610       0x10 CMakeFiles/salt-stm32.elf.dir/Middlewares/Third_Party/FreeRTOS/Source/tasks.c.obj
                0x0000000008003610                vTaskSuspendAll
 .text.xTaskGetTickCount
                0x0000000008003620        0xc CMakeFiles/salt-stm32.elf.dir/Middlewares/Third_Party/FreeRTOS/Source/tasks.c.obj
                0x0000000008003620                xTaskGetTickCount
 .text.xTaskIncrementTick
                0x000000000800362c      0x118 CMakeFiles/salt-stm32.elf.dir/Middlewares/Third_Party/FreeRTOS/Source/tasks.c.obj
                0x000000000800362c                xTaskIncrementTick
 .text.xTaskResumeAll
                0x0000000008003744       0xf8 CMakeFiles/salt-stm32.elf.dir/Middlewares/Third_Party/FreeRTOS/Source/tasks.c.obj
                0x0000000008003744                xTaskResumeAll
 .text.vTaskDelay
                0x000000000800383c       0x4c CMakeFiles/salt-stm32.elf.dir/Middlewares/Third_Party/FreeRTOS/Source/tasks.c.obj
                0x000000000800383c                vTaskDelay
 .text.vTaskSwitchContext
                0x0000000008003888       0x94 CMakeFiles/salt-stm32.elf.dir/Middlewares/Third_Party/FreeRTOS/Source/tasks.c.obj
                0x0000000008003888                vTaskSwitchContext
 .text.vTaskPlaceOnEventList
                0x000000000800391c       0x30 CMakeFiles/salt-stm32.elf.dir/Middlewares/Third_Party/FreeRTOS/Source/tasks.c.obj
                0x000000000800391c                vTaskPlaceOnEventList
 .text.vTaskPlaceOnEventListRestricted
                0x000000000800394c       0x38 CMakeFiles/salt-stm32.elf.dir/Middlewares/Third_Party/FreeRTOS/Source/tasks.c.obj
                0x000000000800394c                vTaskPlaceOnEventListRestricted
 .text.xTaskRemoveFromEventList
                0x0000000008003984       0x8c CMakeFiles/salt-stm32.elf.dir/Middlewares/Third_Party/FreeRTOS/Source/tasks.c.obj
                0x0000000008003984                xTaskRemoveFromEventList
 .text.vTaskInternalSetTimeOutState
                0x0000000008003a10       0x18 CMakeFiles/salt-stm32.elf.dir/Middlewares/Third_Party/FreeRTOS/Source/tasks.c.obj
                0x0000000008003a10                vTaskInternalSetTimeOutState
 .text.xTaskCheckForTimeOut
                0x0000000008003a28       0x84 CMakeFiles/salt-stm32.elf.dir/Middlewares/Third_Party/FreeRTOS/Source/tasks.c.obj
                0x0000000008003a28                xTaskCheckForTimeOut
 .text.vTaskMissedYield
                0x0000000008003aac        0xc CMakeFiles/salt-stm32.elf.dir/Middlewares/Third_Party/FreeRTOS/Source/tasks.c.obj
                0x0000000008003aac                vTaskMissedYield
 .text.xTaskGetSchedulerState
                0x0000000008003ab8       0x20 CMakeFiles/salt-stm32.elf.dir/Middlewares/Third_Party/FreeRTOS/Source/tasks.c.obj
                0x0000000008003ab8                xTaskGetSchedulerState
 .text.xTaskPriorityDisinherit
                0x0000000008003ad8       0x90 CMakeFiles/salt-stm32.elf.dir/Middlewares/Third_Party/FreeRTOS/Source/tasks.c.obj
                0x0000000008003ad8                xTaskPriorityDisinherit
 .text.prvGetNextExpireTime
                0x0000000008003b68       0x20 CMakeFiles/salt-stm32.elf.dir/Middlewares/Third_Party/FreeRTOS/Source/timers.c.obj
 .text.prvInsertTimerInActiveList
                0x0000000008003b88       0x48 CMakeFiles/salt-stm32.elf.dir/Middlewares/Third_Party/FreeRTOS/Source/timers.c.obj
 .text.prvCheckForValidListAndQueue
                0x0000000008003bd0       0x70 CMakeFiles/salt-stm32.elf.dir/Middlewares/Third_Party/FreeRTOS/Source/timers.c.obj
 .text.xTimerCreateTimerTask
                0x0000000008003c40       0x64 CMakeFiles/salt-stm32.elf.dir/Middlewares/Third_Party/FreeRTOS/Source/timers.c.obj
                0x0000000008003c40                xTimerCreateTimerTask
 .text.xTimerGenericCommand
                0x0000000008003ca4       0x6c CMakeFiles/salt-stm32.elf.dir/Middlewares/Third_Party/FreeRTOS/Source/timers.c.obj
                0x0000000008003ca4                xTimerGenericCommand
 .text.prvSwitchTimerLists
                0x0000000008003d10       0x7c CMakeFiles/salt-stm32.elf.dir/Middlewares/Third_Party/FreeRTOS/Source/timers.c.obj
 .text.prvSampleTimeNow
                0x0000000008003d8c       0x2c CMakeFiles/salt-stm32.elf.dir/Middlewares/Third_Party/FreeRTOS/Source/timers.c.obj
 .text.prvProcessExpiredTimer
                0x0000000008003db8       0x6c CMakeFiles/salt-stm32.elf.dir/Middlewares/Third_Party/FreeRTOS/Source/timers.c.obj
 .text.prvProcessTimerOrBlockTask
                0x0000000008003e24       0x74 CMakeFiles/salt-stm32.elf.dir/Middlewares/Third_Party/FreeRTOS/Source/timers.c.obj
 .text.prvProcessReceivedCommands
                0x0000000008003e98      0x10c CMakeFiles/salt-stm32.elf.dir/Middlewares/Third_Party/FreeRTOS/Source/timers.c.obj
 .text.prvTimerTask
                0x0000000008003fa4       0x16 CMakeFiles/salt-stm32.elf.dir/Middlewares/Third_Party/FreeRTOS/Source/timers.c.obj
 *fill*         0x0000000008003fba        0x2 
 .text.__udivmoddi4
                0x0000000008003fbc      0x2c8 /Applications/ArmGNUToolchain/11.3.rel1/arm-none-eabi/bin/../lib/gcc/arm-none-eabi/11.3.1/thumb/v7e-m+fp/hard/libgcc.a(_udivmoddi4.o)
                0x0000000008003fbc                __udivmoddi4
 .text.memset   0x0000000008004284       0xa4 /Applications/ArmGNUToolchain/11.3.rel1/arm-none-eabi/bin/../lib/gcc/arm-none-eabi/11.3.1/../../../../arm-none-eabi/lib/thumb/v7e-m+fp/hard/libg.a(libc_a-memset.o)
                0x0000000008004284                memset
 .text.__libc_init_array
                0x0000000008004328       0x48 /Applications/ArmGNUToolchain/11.3.rel1/arm-none-eabi/bin/../lib/gcc/arm-none-eabi/11.3.1/../../../../arm-none-eabi/lib/thumb/v7e-m+fp/hard/libg.a(libc_a-init.o)
                0x0000000008004328                __libc_init_array
 .text.__retarget_lock_acquire_recursive
                0x0000000008004370        0x4 /Applications/ArmGNUToolchain/11.3.rel1/arm-none-eabi/bin/../lib/gcc/arm-none-eabi/11.3.1/../../../../arm-none-eabi/lib/thumb/v7e-m+fp/hard/libg.a(libc_a-lock.o)
                0x0000000008004370                __retarget_lock_acquire_recursive
 .text.__retarget_lock_release_recursive
                0x0000000008004374        0x4 /Applications/ArmGNUToolchain/11.3.rel1/arm-none-eabi/bin/../lib/gcc/arm-none-eabi/11.3.1/../../../../arm-none-eabi/lib/thumb/v7e-m+fp/hard/libg.a(libc_a-lock.o)
                0x0000000008004374                __retarget_lock_release_recursive
 .text.startup.register_fini
                0x0000000008004378       0x14 /Applications/ArmGNUToolchain/11.3.rel1/arm-none-eabi/bin/../lib/gcc/arm-none-eabi/11.3.1/../../../../arm-none-eabi/lib/thumb/v7e-m+fp/hard/libg.a(libc_a-__call_atexit.o)
 .text.atexit   0x000000000800438c        0xc /Applications/ArmGNUToolchain/11.3.rel1/arm-none-eabi/bin/../lib/gcc/arm-none-eabi/11.3.1/../../../../arm-none-eabi/lib/thumb/v7e-m+fp/hard/libg.a(libc_a-atexit.o)
                0x000000000800438c                atexit
 .text.__libc_fini_array
                0x0000000008004398       0x28 /Applications/ArmGNUToolchain/11.3.rel1/arm-none-eabi/bin/../lib/gcc/arm-none-eabi/11.3.1/../../../../arm-none-eabi/lib/thumb/v7e-m+fp/hard/libg.a(libc_a-fini.o)
                0x0000000008004398                __libc_fini_array
 .text.__register_exitproc
                0x00000000080043c0       0x88 /Applications/ArmGNUToolchain/11.3.rel1/arm-none-eabi/bin/../lib/gcc/arm-none-eabi/11.3.1/../../../../arm-none-eabi/lib/thumb/v7e-m+fp/hard/libg.a(libc_a-__atexit.o)
                0x00000000080043c0                __register_exitproc
 *(.glue_7)
 .glue_7        0x0000000008004448        0x0 linker stubs
 *(.glue_7t)
 .glue_7t       0x0000000008004448        0x0 linker stubs
 *(.eh_frame)
 .eh_frame      0x0000000008004448        0x0 /Applications/ArmGNUToolchain/11.3.rel1/arm-none-eabi/bin/../lib/gcc/arm-none-eabi/11.3.1/thumb/v7e-m+fp/hard/crtbegin.o
 *(.init)
 .init          0x0000000008004448        0x4 /Applications/ArmGNUToolchain/11.3.rel1/arm-none-eabi/bin/../lib/gcc/arm-none-eabi/11.3.1/thumb/v7e-m+fp/hard/crti.o
                0x0000000008004448                _init
 .init          0x000000000800444c        0x8 /Applications/ArmGNUToolchain/11.3.rel1/arm-none-eabi/bin/../lib/gcc/arm-none-eabi/11.3.1/thumb/v7e-m+fp/hard/crtn.o
 *(.fini)
 .fini          0x0000000008004454        0x4 /Applications/ArmGNUToolchain/11.3.rel1/arm-none-eabi/bin/../lib/gcc/arm-none-eabi/11.3.1/thumb/v7e-m+fp/hard/crti.o
                0x0000000008004454                _fini
 .fini          0x0000000008004458        0x8 /Applications/ArmGNUToolchain/11.3.rel1/arm-none-eabi/bin/../lib/gcc/arm-none-eabi/11.3.1/thumb/v7e-m+fp/hard/crtn.o
                0x0000000008004460                . = ALIGN (0x4)
                0x0000000008004460                _etext = .

.vfp11_veneer   0x0000000008004460        0x0
 .vfp11_veneer  0x0000000008004460        0x0 linker stubs

.v4_bx          0x0000000008004460        0x0
 .v4_bx         0x0000000008004460        0x0 linker stubs

.iplt           0x0000000008004460        0x0
 .iplt          0x0000000008004460        0x0 /Applications/ArmGNUToolchain/11.3.rel1/arm-none-eabi/bin/../lib/gcc/arm-none-eabi/11.3.1/thumb/v7e-m+fp/hard/crtbegin.o

.rodata         0x0000000008004460      0x1f4
                0x0000000008004460                . = ALIGN (0x4)
 *(.rodata)
 *(.rodata*)
 .rodata.prvConnectToServerWithBackoffRetries.str1.4
                0x0000000008004460       0x9f CMakeFiles/salt-stm32.elf.dir/Core/Src/main.c.obj
 *fill*         0x00000000080044ff        0x1 
 .rodata.prvCreateMQTTConnectionWithBroker.str1.4
                0x0000000008004500       0x13 CMakeFiles/salt-stm32.elf.dir/Core/Src/main.c.obj
 *fill*         0x0000000008004513        0x1 
 .rodata.prvMQTTSubscribeWithBackoffRetries.str1.4
                0x0000000008004514       0x76 CMakeFiles/salt-stm32.elf.dir/Core/Src/main.c.obj
 *fill*         0x000000000800458a        0x2 
 .rodata.prvMQTTPublishToTopic.str1.4
                0x000000000800458c        0xd CMakeFiles/salt-stm32.elf.dir/Core/Src/main.c.obj
 *fill*         0x0000000008004599        0x3 
 .rodata.vStartSimpleMQTTDemo.str1.4
                0x000000000800459c        0x9 CMakeFiles/salt-stm32.elf.dir/Core/Src/main.c.obj
 *fill*         0x00000000080045a5        0x3 
 .rodata.str1.4
                0x00000000080045a8        0xc CMakeFiles/salt-stm32.elf.dir/Core/Src/main.c.obj
 .rodata.__FUNCTION__.1
                0x00000000080045b4       0x23 CMakeFiles/salt-stm32.elf.dir/Core/Src/main.c.obj
 *fill*         0x00000000080045d7        0x1 
 .rodata.__FUNCTION__.2
                0x00000000080045d8       0x25 CMakeFiles/salt-stm32.elf.dir/Core/Src/main.c.obj
 *fill*         0x00000000080045fd        0x3 
 .rodata.defaultTask_attributes
                0x0000000008004600       0x24 CMakeFiles/salt-stm32.elf.dir/Core/Src/main.c.obj
                0x0000000008004600                defaultTask_attributes
 .rodata.AHBPrescTable
                0x0000000008004624       0x10 CMakeFiles/salt-stm32.elf.dir/Core/Src/system_stm32f4xx.c.obj
                0x0000000008004624                AHBPrescTable
 .rodata.APBPrescTable
                0x0000000008004634        0x8 CMakeFiles/salt-stm32.elf.dir/Core/Src/system_stm32f4xx.c.obj
                0x0000000008004634                APBPrescTable
 .rodata.vTaskStartScheduler.str1.4
                0x000000000800463c        0x5 CMakeFiles/salt-stm32.elf.dir/Middlewares/Third_Party/FreeRTOS/Source/tasks.c.obj
 *fill*         0x0000000008004641        0x3 
 .rodata.prvCheckForValidListAndQueue.str1.4
                0x0000000008004644        0x5 CMakeFiles/salt-stm32.elf.dir/Middlewares/Third_Party/FreeRTOS/Source/timers.c.obj
 *fill*         0x0000000008004649        0x3 
 .rodata.xTimerCreateTimerTask.str1.4
                0x000000000800464c        0x8 CMakeFiles/salt-stm32.elf.dir/Middlewares/Third_Party/FreeRTOS/Source/timers.c.obj
                0x0000000008004654                . = ALIGN (0x4)

.ARM.extab      0x0000000008004654        0x0
                0x0000000008004654                . = ALIGN (0x4)
 *(.ARM.extab* .gnu.linkonce.armextab.*)
                0x0000000008004654                . = ALIGN (0x4)

.ARM            0x0000000008004654        0x8
                0x0000000008004654                . = ALIGN (0x4)
                0x0000000008004654                __exidx_start = .
 *(.ARM.exidx*)
 .ARM.exidx.text.__udivmoddi4
                0x0000000008004654        0x8 /Applications/ArmGNUToolchain/11.3.rel1/arm-none-eabi/bin/../lib/gcc/arm-none-eabi/11.3.1/thumb/v7e-m+fp/hard/libgcc.a(_udivmoddi4.o)
                0x000000000800465c                __exidx_end = .
                0x000000000800465c                . = ALIGN (0x4)

.rel.dyn        0x000000000800465c        0x0
 .rel.iplt      0x000000000800465c        0x0 /Applications/ArmGNUToolchain/11.3.rel1/arm-none-eabi/bin/../lib/gcc/arm-none-eabi/11.3.1/thumb/v7e-m+fp/hard/crtbegin.o

.preinit_array  0x000000000800465c        0x0
                0x000000000800465c                . = ALIGN (0x4)
                0x000000000800465c                PROVIDE (__preinit_array_start = .)
 *(.preinit_array*)
                0x000000000800465c                PROVIDE (__preinit_array_end = .)
                0x000000000800465c                . = ALIGN (0x4)

.init_array     0x000000000800465c        0x8
                0x000000000800465c                . = ALIGN (0x4)
                0x000000000800465c                PROVIDE (__init_array_start = .)
 *(SORT_BY_NAME(.init_array.*))
 .init_array.00000
                0x000000000800465c        0x4 /Applications/ArmGNUToolchain/11.3.rel1/arm-none-eabi/bin/../lib/gcc/arm-none-eabi/11.3.1/../../../../arm-none-eabi/lib/thumb/v7e-m+fp/hard/libg.a(libc_a-__call_atexit.o)
 *(.init_array*)
 .init_array    0x0000000008004660        0x4 /Applications/ArmGNUToolchain/11.3.rel1/arm-none-eabi/bin/../lib/gcc/arm-none-eabi/11.3.1/thumb/v7e-m+fp/hard/crtbegin.o
                0x0000000008004664                PROVIDE (__init_array_end = .)
                0x0000000008004664                . = ALIGN (0x4)

.fini_array     0x0000000008004664        0x4
                0x0000000008004664                . = ALIGN (0x4)
                0x0000000008004664                PROVIDE (__fini_array_start = .)
 *(SORT_BY_NAME(.fini_array.*))
 *(.fini_array*)
 .fini_array    0x0000000008004664        0x4 /Applications/ArmGNUToolchain/11.3.rel1/arm-none-eabi/bin/../lib/gcc/arm-none-eabi/11.3.1/thumb/v7e-m+fp/hard/crtbegin.o
                0x0000000008004668                PROVIDE (__fini_array_end = .)
                0x0000000008004668                . = ALIGN (0x4)
                0x0000000008004668                _sidata = LOADADDR (.data)

.data           0x0000000020000000       0x24 load address 0x0000000008004668
                0x0000000020000000                . = ALIGN (0x4)
                0x0000000020000000                _sdata = .
 *(.data)
 *(.data*)
 .data.xBuffer  0x0000000020000000        0x8 CMakeFiles/salt-stm32.elf.dir/Core/Src/main.c.obj
 .data.xTopicFilterContext
                0x0000000020000008        0x8 CMakeFiles/salt-stm32.elf.dir/Core/Src/main.c.obj
 .data.SystemCoreClock
                0x0000000020000010        0x4 CMakeFiles/salt-stm32.elf.dir/Core/Src/system_stm32f4xx.c.obj
                0x0000000020000010                SystemCoreClock
 .data.uwTickFreq
                0x0000000020000014        0x1 CMakeFiles/salt-stm32.elf.dir/Drivers/STM32F4xx_HAL_Driver/Src/stm32f4xx_hal.c.obj
                0x0000000020000014                uwTickFreq
 *fill*         0x0000000020000015        0x3 
 .data.uwTickPrio
                0x0000000020000018        0x4 CMakeFiles/salt-stm32.elf.dir/Drivers/STM32F4xx_HAL_Driver/Src/stm32f4xx_hal.c.obj
                0x0000000020000018                uwTickPrio
 .data.uxCriticalNesting
                0x000000002000001c        0x4 CMakeFiles/salt-stm32.elf.dir/Middlewares/Third_Party/FreeRTOS/Source/portable/GCC/ARM_CM4F/port.c.obj
 .data.__atexit_recursive_mutex
                0x0000000020000020        0x4 /Applications/ArmGNUToolchain/11.3.rel1/arm-none-eabi/bin/../lib/gcc/arm-none-eabi/11.3.1/../../../../arm-none-eabi/lib/thumb/v7e-m+fp/hard/libg.a(libc_a-__call_atexit.o)
                0x0000000020000020                __atexit_recursive_mutex
 *(.RamFunc)
 *(.RamFunc*)
                0x0000000020000024                . = ALIGN (0x4)
                0x0000000020000024                _edata = .
                0x000000000800468c                _siccmram = LOADADDR (.ccmram)

.tm_clone_table
                0x0000000020000024        0x0 load address 0x000000000800468c
 .tm_clone_table
                0x0000000020000024        0x0 /Applications/ArmGNUToolchain/11.3.rel1/arm-none-eabi/bin/../lib/gcc/arm-none-eabi/11.3.1/thumb/v7e-m+fp/hard/crtbegin.o
 .tm_clone_table
                0x0000000020000024        0x0 /Applications/ArmGNUToolchain/11.3.rel1/arm-none-eabi/bin/../lib/gcc/arm-none-eabi/11.3.1/thumb/v7e-m+fp/hard/crtend.o

.igot.plt       0x0000000020000024        0x0 load address 0x000000000800468c
 .igot.plt      0x0000000020000024        0x0 /Applications/ArmGNUToolchain/11.3.rel1/arm-none-eabi/bin/../lib/gcc/arm-none-eabi/11.3.1/thumb/v7e-m+fp/hard/crtbegin.o

.ccmram         0x0000000010000000        0x0 load address 0x000000000800468c
                0x0000000010000000                . = ALIGN (0x4)
                0x0000000010000000                _sccmram = .
 *(.ccmram)
 *(.ccmram*)
                0x0000000010000000                . = ALIGN (0x4)
                0x0000000010000000                _eccmram = .
                0x0000000010000000                . = ALIGN (0x4)

.bss            0x0000000020000024     0x5488
                0x0000000020000024                _sbss = .
                0x0000000020000024                __bss_start__ = _sbss
 *(.bss)
 *(.bss*)
 .bss.completed.1
                0x0000000020000024        0x1 /Applications/ArmGNUToolchain/11.3.rel1/arm-none-eabi/bin/../lib/gcc/arm-none-eabi/11.3.1/thumb/v7e-m+fp/hard/crtbegin.o
 *fill*         0x0000000020000025        0x3 
 .bss.object.0  0x0000000020000028       0x18 /Applications/ArmGNUToolchain/11.3.rel1/arm-none-eabi/bin/../lib/gcc/arm-none-eabi/11.3.1/thumb/v7e-m+fp/hard/crtbegin.o
 .bss.DMARxDscrTab
                0x0000000020000040       0xa0 CMakeFiles/salt-stm32.elf.dir/Core/Src/main.c.obj
                0x0000000020000040                DMARxDscrTab
 .bss.DMATxDscrTab
                0x00000000200000e0       0xa0 CMakeFiles/salt-stm32.elf.dir/Core/Src/main.c.obj
                0x00000000200000e0                DMATxDscrTab
 .bss.MACAddr.0
                0x0000000020000180        0x6 CMakeFiles/salt-stm32.elf.dir/Core/Src/main.c.obj
 *fill*         0x0000000020000186        0x2 
 .bss.TxConfig  0x0000000020000188       0x38 CMakeFiles/salt-stm32.elf.dir/Core/Src/main.c.obj
                0x0000000020000188                TxConfig
 .bss.defaultTaskHandle
                0x00000000200001c0        0x4 CMakeFiles/salt-stm32.elf.dir/Core/Src/main.c.obj
                0x00000000200001c0                defaultTaskHandle
 .bss.heth      0x00000000200001c4       0xb0 CMakeFiles/salt-stm32.elf.dir/Core/Src/main.c.obj
                0x00000000200001c4                heth
 .bss.hpcd_USB_OTG_FS
                0x0000000020000274      0x50c CMakeFiles/salt-stm32.elf.dir/Core/Src/main.c.obj
                0x0000000020000274                hpcd_USB_OTG_FS
 .bss.huart3    0x0000000020000780       0x44 CMakeFiles/salt-stm32.elf.dir/Core/Src/main.c.obj
                0x0000000020000780                huart3
 .bss.ucSharedBuffer
                0x00000000200007c4      0x1f4 CMakeFiles/salt-stm32.elf.dir/Core/Src/main.c.obj
 .bss.ulGlobalEntryTimeMs
                0x00000000200009b8        0x4 CMakeFiles/salt-stm32.elf.dir/Core/Src/main.c.obj
 .bss.usSubscribePacketIdentifier
                0x00000000200009bc        0x2 CMakeFiles/salt-stm32.elf.dir/Core/Src/main.c.obj
 .bss.usUnsubscribePacketIdentifier
                0x00000000200009be        0x2 CMakeFiles/salt-stm32.elf.dir/Core/Src/main.c.obj
 .bss.uwTick    0x00000000200009c0        0x4 CMakeFiles/salt-stm32.elf.dir/Drivers/STM32F4xx_HAL_Driver/Src/stm32f4xx_hal.c.obj
                0x00000000200009c0                uwTick
 .bss.Idle_Stack.2
                0x00000000200009c4      0x200 CMakeFiles/salt-stm32.elf.dir/Middlewares/Third_Party/FreeRTOS/Source/CMSIS_RTOS_V2/cmsis_os2.c.obj
 .bss.Idle_TCB.3
                0x0000000020000bc4       0x5c CMakeFiles/salt-stm32.elf.dir/Middlewares/Third_Party/FreeRTOS/Source/CMSIS_RTOS_V2/cmsis_os2.c.obj
 .bss.KernelState
                0x0000000020000c20        0x4 CMakeFiles/salt-stm32.elf.dir/Middlewares/Third_Party/FreeRTOS/Source/CMSIS_RTOS_V2/cmsis_os2.c.obj
 .bss.Timer_Stack.0
                0x0000000020000c24      0x400 CMakeFiles/salt-stm32.elf.dir/Middlewares/Third_Party/FreeRTOS/Source/CMSIS_RTOS_V2/cmsis_os2.c.obj
 .bss.Timer_TCB.1
                0x0000000020001024       0x5c CMakeFiles/salt-stm32.elf.dir/Middlewares/Third_Party/FreeRTOS/Source/CMSIS_RTOS_V2/cmsis_os2.c.obj
 .bss.ucMaxSysCallPriority
                0x0000000020001080        0x1 CMakeFiles/salt-stm32.elf.dir/Middlewares/Third_Party/FreeRTOS/Source/portable/GCC/ARM_CM4F/port.c.obj
 *fill*         0x0000000020001081        0x3 
 .bss.ulMaxPRIGROUPValue
                0x0000000020001084        0x4 CMakeFiles/salt-stm32.elf.dir/Middlewares/Third_Party/FreeRTOS/Source/portable/GCC/ARM_CM4F/port.c.obj
 .bss.pxEnd     0x0000000020001088        0x4 CMakeFiles/salt-stm32.elf.dir/Middlewares/Third_Party/FreeRTOS/Source/portable/MemMang/heap_4.c.obj
 .bss.ucHeap    0x000000002000108c     0x3c00 CMakeFiles/salt-stm32.elf.dir/Middlewares/Third_Party/FreeRTOS/Source/portable/MemMang/heap_4.c.obj
 .bss.xBlockAllocatedBit
                0x0000000020004c8c        0x4 CMakeFiles/salt-stm32.elf.dir/Middlewares/Third_Party/FreeRTOS/Source/portable/MemMang/heap_4.c.obj
 .bss.xFreeBytesRemaining
                0x0000000020004c90        0x4 CMakeFiles/salt-stm32.elf.dir/Middlewares/Third_Party/FreeRTOS/Source/portable/MemMang/heap_4.c.obj
 .bss.xMinimumEverFreeBytesRemaining
                0x0000000020004c94        0x4 CMakeFiles/salt-stm32.elf.dir/Middlewares/Third_Party/FreeRTOS/Source/portable/MemMang/heap_4.c.obj
 .bss.xNumberOfSuccessfulAllocations
                0x0000000020004c98        0x4 CMakeFiles/salt-stm32.elf.dir/Middlewares/Third_Party/FreeRTOS/Source/portable/MemMang/heap_4.c.obj
 .bss.xNumberOfSuccessfulFrees
                0x0000000020004c9c        0x4 CMakeFiles/salt-stm32.elf.dir/Middlewares/Third_Party/FreeRTOS/Source/portable/MemMang/heap_4.c.obj
 .bss.xStart    0x0000000020004ca0        0x8 CMakeFiles/salt-stm32.elf.dir/Middlewares/Third_Party/FreeRTOS/Source/portable/MemMang/heap_4.c.obj
 .bss.xQueueRegistry
                0x0000000020004ca8       0x40 CMakeFiles/salt-stm32.elf.dir/Middlewares/Third_Party/FreeRTOS/Source/queue.c.obj
                0x0000000020004ca8                xQueueRegistry
 .bss.pxCurrentTCB
                0x0000000020004ce8        0x4 CMakeFiles/salt-stm32.elf.dir/Middlewares/Third_Party/FreeRTOS/Source/tasks.c.obj
                0x0000000020004ce8                pxCurrentTCB
 .bss.pxDelayedTaskList
                0x0000000020004cec        0x4 CMakeFiles/salt-stm32.elf.dir/Middlewares/Third_Party/FreeRTOS/Source/tasks.c.obj
 .bss.pxOverflowDelayedTaskList
                0x0000000020004cf0        0x4 CMakeFiles/salt-stm32.elf.dir/Middlewares/Third_Party/FreeRTOS/Source/tasks.c.obj
 .bss.pxReadyTasksLists
                0x0000000020004cf4      0x460 CMakeFiles/salt-stm32.elf.dir/Middlewares/Third_Party/FreeRTOS/Source/tasks.c.obj
 .bss.uxCurrentNumberOfTasks
                0x0000000020005154        0x4 CMakeFiles/salt-stm32.elf.dir/Middlewares/Third_Party/FreeRTOS/Source/tasks.c.obj
 .bss.uxDeletedTasksWaitingCleanUp
                0x0000000020005158        0x4 CMakeFiles/salt-stm32.elf.dir/Middlewares/Third_Party/FreeRTOS/Source/tasks.c.obj
 .bss.uxSchedulerSuspended
                0x000000002000515c        0x4 CMakeFiles/salt-stm32.elf.dir/Middlewares/Third_Party/FreeRTOS/Source/tasks.c.obj
 .bss.uxTaskNumber
                0x0000000020005160        0x4 CMakeFiles/salt-stm32.elf.dir/Middlewares/Third_Party/FreeRTOS/Source/tasks.c.obj
 .bss.uxTopReadyPriority
                0x0000000020005164        0x4 CMakeFiles/salt-stm32.elf.dir/Middlewares/Third_Party/FreeRTOS/Source/tasks.c.obj
 .bss.xDelayedTaskList1
                0x0000000020005168       0x14 CMakeFiles/salt-stm32.elf.dir/Middlewares/Third_Party/FreeRTOS/Source/tasks.c.obj
 .bss.xDelayedTaskList2
                0x000000002000517c       0x14 CMakeFiles/salt-stm32.elf.dir/Middlewares/Third_Party/FreeRTOS/Source/tasks.c.obj
 .bss.xIdleTaskHandle
                0x0000000020005190        0x4 CMakeFiles/salt-stm32.elf.dir/Middlewares/Third_Party/FreeRTOS/Source/tasks.c.obj
 .bss.xNextTaskUnblockTime
                0x0000000020005194        0x4 CMakeFiles/salt-stm32.elf.dir/Middlewares/Third_Party/FreeRTOS/Source/tasks.c.obj
 .bss.xNumOfOverflows
                0x0000000020005198        0x4 CMakeFiles/salt-stm32.elf.dir/Middlewares/Third_Party/FreeRTOS/Source/tasks.c.obj
 .bss.xPendedTicks
                0x000000002000519c        0x4 CMakeFiles/salt-stm32.elf.dir/Middlewares/Third_Party/FreeRTOS/Source/tasks.c.obj
 .bss.xPendingReadyList
                0x00000000200051a0       0x14 CMakeFiles/salt-stm32.elf.dir/Middlewares/Third_Party/FreeRTOS/Source/tasks.c.obj
 .bss.xSchedulerRunning
                0x00000000200051b4        0x4 CMakeFiles/salt-stm32.elf.dir/Middlewares/Third_Party/FreeRTOS/Source/tasks.c.obj
 .bss.xSuspendedTaskList
                0x00000000200051b8       0x14 CMakeFiles/salt-stm32.elf.dir/Middlewares/Third_Party/FreeRTOS/Source/tasks.c.obj
 .bss.xTasksWaitingTermination
                0x00000000200051cc       0x14 CMakeFiles/salt-stm32.elf.dir/Middlewares/Third_Party/FreeRTOS/Source/tasks.c.obj
 .bss.xTickCount
                0x00000000200051e0        0x4 CMakeFiles/salt-stm32.elf.dir/Middlewares/Third_Party/FreeRTOS/Source/tasks.c.obj
 .bss.xYieldPending
                0x00000000200051e4        0x4 CMakeFiles/salt-stm32.elf.dir/Middlewares/Third_Party/FreeRTOS/Source/tasks.c.obj
 .bss.pxCurrentTimerList
                0x00000000200051e8        0x4 CMakeFiles/salt-stm32.elf.dir/Middlewares/Third_Party/FreeRTOS/Source/timers.c.obj
 .bss.pxOverflowTimerList
                0x00000000200051ec        0x4 CMakeFiles/salt-stm32.elf.dir/Middlewares/Third_Party/FreeRTOS/Source/timers.c.obj
 .bss.ucStaticTimerQueueStorage.1
                0x00000000200051f0       0xa0 CMakeFiles/salt-stm32.elf.dir/Middlewares/Third_Party/FreeRTOS/Source/timers.c.obj
 .bss.xActiveTimerList1
                0x0000000020005290       0x14 CMakeFiles/salt-stm32.elf.dir/Middlewares/Third_Party/FreeRTOS/Source/timers.c.obj
 .bss.xActiveTimerList2
                0x00000000200052a4       0x14 CMakeFiles/salt-stm32.elf.dir/Middlewares/Third_Party/FreeRTOS/Source/timers.c.obj
 .bss.xLastTime.2
                0x00000000200052b8        0x4 CMakeFiles/salt-stm32.elf.dir/Middlewares/Third_Party/FreeRTOS/Source/timers.c.obj
 .bss.xStaticTimerQueue.0
                0x00000000200052bc       0x50 CMakeFiles/salt-stm32.elf.dir/Middlewares/Third_Party/FreeRTOS/Source/timers.c.obj
 .bss.xTimerQueue
                0x000000002000530c        0x4 CMakeFiles/salt-stm32.elf.dir/Middlewares/Third_Party/FreeRTOS/Source/timers.c.obj
 .bss.xTimerTaskHandle
                0x0000000020005310        0x4 CMakeFiles/salt-stm32.elf.dir/Middlewares/Third_Party/FreeRTOS/Source/timers.c.obj
 .bss.__lock___atexit_recursive_mutex
                0x0000000020005314        0x1 /Applications/ArmGNUToolchain/11.3.rel1/arm-none-eabi/bin/../lib/gcc/arm-none-eabi/11.3.1/../../../../arm-none-eabi/lib/thumb/v7e-m+fp/hard/libg.a(libc_a-lock.o)
                0x0000000020005314                __lock___atexit_recursive_mutex
 *fill*         0x0000000020005315        0x3 
 .bss.__atexit  0x0000000020005318        0x4 /Applications/ArmGNUToolchain/11.3.rel1/arm-none-eabi/bin/../lib/gcc/arm-none-eabi/11.3.1/../../../../arm-none-eabi/lib/thumb/v7e-m+fp/hard/libg.a(libc_a-__call_atexit.o)
                0x0000000020005318                __atexit
 .bss.__atexit0
                0x000000002000531c      0x190 /Applications/ArmGNUToolchain/11.3.rel1/arm-none-eabi/bin/../lib/gcc/arm-none-eabi/11.3.1/../../../../arm-none-eabi/lib/thumb/v7e-m+fp/hard/libg.a(libc_a-__atexit.o)
                0x000000002000531c                __atexit0
 *(COMMON)
                0x00000000200054ac                . = ALIGN (0x4)
                0x00000000200054ac                _ebss = .
                0x00000000200054ac                __bss_end__ = _ebss

._user_heap_stack
                0x00000000200054ac      0x604
                0x00000000200054b0                . = ALIGN (0x8)
 *fill*         0x00000000200054ac        0x4 
                [!provide]                        PROVIDE (end = .)
                0x00000000200054b0                PROVIDE (_end = .)
                0x00000000200056b0                . = (. + _Min_Heap_Size)
 *fill*         0x00000000200054b0      0x200 
                0x0000000020005ab0                . = (. + _Min_Stack_Size)
 *fill*         0x00000000200056b0      0x400 
                0x0000000020005ab0                . = ALIGN (0x8)

/DISCARD/
 libc.a(*)
 libm.a(*)
 libgcc.a(*)

.ARM.attributes
                0x0000000000000000       0x30
 *(.ARM.attributes)
 .ARM.attributes
                0x0000000000000000       0x1e /Applications/ArmGNUToolchain/11.3.rel1/arm-none-eabi/bin/../lib/gcc/arm-none-eabi/11.3.1/thumb/v7e-m+fp/hard/crti.o
 .ARM.attributes
                0x000000000000001e       0x34 /Applications/ArmGNUToolchain/11.3.rel1/arm-none-eabi/bin/../lib/gcc/arm-none-eabi/11.3.1/thumb/v7e-m+fp/hard/crtbegin.o
 .ARM.attributes
                0x0000000000000052       0x34 CMakeFiles/salt-stm32.elf.dir/Core/Src/main.c.obj
 .ARM.attributes
                0x0000000000000086       0x34 CMakeFiles/salt-stm32.elf.dir/Core/Src/stm32f4xx_hal_msp.c.obj
 .ARM.attributes
                0x00000000000000ba       0x34 CMakeFiles/salt-stm32.elf.dir/Core/Src/stm32f4xx_it.c.obj
 .ARM.attributes
                0x00000000000000ee       0x34 CMakeFiles/salt-stm32.elf.dir/Core/Src/system_stm32f4xx.c.obj
 .ARM.attributes
                0x0000000000000122       0x21 CMakeFiles/salt-stm32.elf.dir/Core/Startup/startup_stm32f429zitx.s.obj
 .ARM.attributes
                0x0000000000000143       0x34 CMakeFiles/salt-stm32.elf.dir/Drivers/STM32F4xx_HAL_Driver/Src/stm32f4xx_hal.c.obj
 .ARM.attributes
                0x0000000000000177       0x34 CMakeFiles/salt-stm32.elf.dir/Drivers/STM32F4xx_HAL_Driver/Src/stm32f4xx_hal_cortex.c.obj
 .ARM.attributes
                0x00000000000001ab       0x34 CMakeFiles/salt-stm32.elf.dir/Drivers/STM32F4xx_HAL_Driver/Src/stm32f4xx_hal_eth.c.obj
 .ARM.attributes
                0x00000000000001df       0x34 CMakeFiles/salt-stm32.elf.dir/Drivers/STM32F4xx_HAL_Driver/Src/stm32f4xx_hal_gpio.c.obj
 .ARM.attributes
                0x0000000000000213       0x34 CMakeFiles/salt-stm32.elf.dir/Drivers/STM32F4xx_HAL_Driver/Src/stm32f4xx_hal_pcd.c.obj
 .ARM.attributes
                0x0000000000000247       0x34 CMakeFiles/salt-stm32.elf.dir/Drivers/STM32F4xx_HAL_Driver/Src/stm32f4xx_hal_rcc.c.obj
 .ARM.attributes
                0x000000000000027b       0x34 CMakeFiles/salt-stm32.elf.dir/Drivers/STM32F4xx_HAL_Driver/Src/stm32f4xx_hal_uart.c.obj
 .ARM.attributes
                0x00000000000002af       0x34 CMakeFiles/salt-stm32.elf.dir/Drivers/STM32F4xx_HAL_Driver/Src/stm32f4xx_ll_usb.c.obj
 .ARM.attributes
                0x00000000000002e3       0x34 CMakeFiles/salt-stm32.elf.dir/Middlewares/Third_Party/FreeRTOS/Source/CMSIS_RTOS_V2/cmsis_os2.c.obj
 .ARM.attributes
                0x0000000000000317       0x34 CMakeFiles/salt-stm32.elf.dir/Middlewares/Third_Party/FreeRTOS/Source/list.c.obj
 .ARM.attributes
                0x000000000000034b       0x34 CMakeFiles/salt-stm32.elf.dir/Middlewares/Third_Party/FreeRTOS/Source/portable/GCC/ARM_CM4F/port.c.obj
 .ARM.attributes
                0x000000000000037f       0x34 CMakeFiles/salt-stm32.elf.dir/Middlewares/Third_Party/FreeRTOS/Source/portable/MemMang/heap_4.c.obj
 .ARM.attributes
                0x00000000000003b3       0x34 CMakeFiles/salt-stm32.elf.dir/Middlewares/Third_Party/FreeRTOS/Source/queue.c.obj
 .ARM.attributes
                0x00000000000003e7       0x34 CMakeFiles/salt-stm32.elf.dir/Middlewares/Third_Party/FreeRTOS/Source/tasks.c.obj
 .ARM.attributes
                0x000000000000041b       0x34 CMakeFiles/salt-stm32.elf.dir/Middlewares/Third_Party/FreeRTOS/Source/timers.c.obj
 .ARM.attributes
                0x000000000000044f       0x1e /Applications/ArmGNUToolchain/11.3.rel1/arm-none-eabi/bin/../lib/gcc/arm-none-eabi/11.3.1/thumb/v7e-m+fp/hard/libgcc.a(_aeabi_uldivmod.o)
 .ARM.attributes
                0x000000000000046d       0x34 /Applications/ArmGNUToolchain/11.3.rel1/arm-none-eabi/bin/../lib/gcc/arm-none-eabi/11.3.1/thumb/v7e-m+fp/hard/libgcc.a(_udivmoddi4.o)
 .ARM.attributes
                0x00000000000004a1       0x1e /Applications/ArmGNUToolchain/11.3.rel1/arm-none-eabi/bin/../lib/gcc/arm-none-eabi/11.3.1/thumb/v7e-m+fp/hard/libgcc.a(_dvmd_tls.o)
 .ARM.attributes
                0x00000000000004bf       0x34 /Applications/ArmGNUToolchain/11.3.rel1/arm-none-eabi/bin/../lib/gcc/arm-none-eabi/11.3.1/../../../../arm-none-eabi/lib/thumb/v7e-m+fp/hard/libg.a(libc_a-memset.o)
 .ARM.attributes
                0x00000000000004f3       0x34 /Applications/ArmGNUToolchain/11.3.rel1/arm-none-eabi/bin/../lib/gcc/arm-none-eabi/11.3.1/../../../../arm-none-eabi/lib/thumb/v7e-m+fp/hard/libg.a(libc_a-init.o)
 .ARM.attributes
                0x0000000000000527       0x34 /Applications/ArmGNUToolchain/11.3.rel1/arm-none-eabi/bin/../lib/gcc/arm-none-eabi/11.3.1/../../../../arm-none-eabi/lib/thumb/v7e-m+fp/hard/libg.a(libc_a-lock.o)
 .ARM.attributes
                0x000000000000055b       0x1c /Applications/ArmGNUToolchain/11.3.rel1/arm-none-eabi/bin/../lib/gcc/arm-none-eabi/11.3.1/../../../../arm-none-eabi/lib/thumb/v7e-m+fp/hard/libg.a(libc_a-memcpy.o)
 .ARM.attributes
                0x0000000000000577       0x34 /Applications/ArmGNUToolchain/11.3.rel1/arm-none-eabi/bin/../lib/gcc/arm-none-eabi/11.3.1/../../../../arm-none-eabi/lib/thumb/v7e-m+fp/hard/libg.a(libc_a-__call_atexit.o)
 .ARM.attributes
                0x00000000000005ab       0x34 /Applications/ArmGNUToolchain/11.3.rel1/arm-none-eabi/bin/../lib/gcc/arm-none-eabi/11.3.1/../../../../arm-none-eabi/lib/thumb/v7e-m+fp/hard/libg.a(libc_a-atexit.o)
 .ARM.attributes
                0x00000000000005df       0x34 /Applications/ArmGNUToolchain/11.3.rel1/arm-none-eabi/bin/../lib/gcc/arm-none-eabi/11.3.1/../../../../arm-none-eabi/lib/thumb/v7e-m+fp/hard/libg.a(libc_a-fini.o)
 .ARM.attributes
                0x0000000000000613       0x34 /Applications/ArmGNUToolchain/11.3.rel1/arm-none-eabi/bin/../lib/gcc/arm-none-eabi/11.3.1/../../../../arm-none-eabi/lib/thumb/v7e-m+fp/hard/libg.a(libc_a-__atexit.o)
 .ARM.attributes
                0x0000000000000647       0x34 /Applications/ArmGNUToolchain/11.3.rel1/arm-none-eabi/bin/../lib/gcc/arm-none-eabi/11.3.1/thumb/v7e-m+fp/hard/crtend.o
 .ARM.attributes
                0x000000000000067b       0x1e /Applications/ArmGNUToolchain/11.3.rel1/arm-none-eabi/bin/../lib/gcc/arm-none-eabi/11.3.1/thumb/v7e-m+fp/hard/crtn.o
OUTPUT(salt-stm32.elf elf32-littlearm)
LOAD linker stubs
LOAD /Applications/ArmGNUToolchain/11.3.rel1/arm-none-eabi/bin/../lib/gcc/arm-none-eabi/11.3.1/../../../../arm-none-eabi/lib/thumb/v7e-m+fp/hard/libc.a
LOAD /Applications/ArmGNUToolchain/11.3.rel1/arm-none-eabi/bin/../lib/gcc/arm-none-eabi/11.3.1/../../../../arm-none-eabi/lib/thumb/v7e-m+fp/hard/libm.a
LOAD /Applications/ArmGNUToolchain/11.3.rel1/arm-none-eabi/bin/../lib/gcc/arm-none-eabi/11.3.1/thumb/v7e-m+fp/hard/libgcc.a

.comment        0x0000000000000000       0x33
 .comment       0x0000000000000000       0x33 /Applications/ArmGNUToolchain/11.3.rel1/arm-none-eabi/bin/../lib/gcc/arm-none-eabi/11.3.1/thumb/v7e-m+fp/hard/crtbegin.o
                                         0x34 (size before relaxing)
 .comment       0x0000000000000033       0x34 CMakeFiles/salt-stm32.elf.dir/Core/Src/main.c.obj
 .comment       0x0000000000000033       0x34 CMakeFiles/salt-stm32.elf.dir/Core/Src/stm32f4xx_hal_msp.c.obj
 .comment       0x0000000000000033       0x34 CMakeFiles/salt-stm32.elf.dir/Core/Src/stm32f4xx_it.c.obj
 .comment       0x0000000000000033       0x34 CMakeFiles/salt-stm32.elf.dir/Core/Src/system_stm32f4xx.c.obj
 .comment       0x0000000000000033       0x34 CMakeFiles/salt-stm32.elf.dir/Drivers/STM32F4xx_HAL_Driver/Src/stm32f4xx_hal.c.obj
 .comment       0x0000000000000033       0x34 CMakeFiles/salt-stm32.elf.dir/Drivers/STM32F4xx_HAL_Driver/Src/stm32f4xx_hal_cortex.c.obj
 .comment       0x0000000000000033       0x34 CMakeFiles/salt-stm32.elf.dir/Drivers/STM32F4xx_HAL_Driver/Src/stm32f4xx_hal_eth.c.obj
 .comment       0x0000000000000033       0x34 CMakeFiles/salt-stm32.elf.dir/Drivers/STM32F4xx_HAL_Driver/Src/stm32f4xx_hal_gpio.c.obj
 .comment       0x0000000000000033       0x34 CMakeFiles/salt-stm32.elf.dir/Drivers/STM32F4xx_HAL_Driver/Src/stm32f4xx_hal_pcd.c.obj
 .comment       0x0000000000000033       0x34 CMakeFiles/salt-stm32.elf.dir/Drivers/STM32F4xx_HAL_Driver/Src/stm32f4xx_hal_rcc.c.obj
 .comment       0x0000000000000033       0x34 CMakeFiles/salt-stm32.elf.dir/Drivers/STM32F4xx_HAL_Driver/Src/stm32f4xx_hal_uart.c.obj
 .comment       0x0000000000000033       0x34 CMakeFiles/salt-stm32.elf.dir/Drivers/STM32F4xx_HAL_Driver/Src/stm32f4xx_ll_usb.c.obj
 .comment       0x0000000000000033       0x34 CMakeFiles/salt-stm32.elf.dir/Middlewares/Third_Party/FreeRTOS/Source/CMSIS_RTOS_V2/cmsis_os2.c.obj
 .comment       0x0000000000000033       0x34 CMakeFiles/salt-stm32.elf.dir/Middlewares/Third_Party/FreeRTOS/Source/list.c.obj
 .comment       0x0000000000000033       0x34 CMakeFiles/salt-stm32.elf.dir/Middlewares/Third_Party/FreeRTOS/Source/portable/GCC/ARM_CM4F/port.c.obj
 .comment       0x0000000000000033       0x34 CMakeFiles/salt-stm32.elf.dir/Middlewares/Third_Party/FreeRTOS/Source/portable/MemMang/heap_4.c.obj
 .comment       0x0000000000000033       0x34 CMakeFiles/salt-stm32.elf.dir/Middlewares/Third_Party/FreeRTOS/Source/queue.c.obj
 .comment       0x0000000000000033       0x34 CMakeFiles/salt-stm32.elf.dir/Middlewares/Third_Party/FreeRTOS/Source/tasks.c.obj
 .comment       0x0000000000000033       0x34 CMakeFiles/salt-stm32.elf.dir/Middlewares/Third_Party/FreeRTOS/Source/timers.c.obj
 .comment       0x0000000000000033       0x34 /Applications/ArmGNUToolchain/11.3.rel1/arm-none-eabi/bin/../lib/gcc/arm-none-eabi/11.3.1/thumb/v7e-m+fp/hard/libgcc.a(_udivmoddi4.o)
 .comment       0x0000000000000033       0x34 /Applications/ArmGNUToolchain/11.3.rel1/arm-none-eabi/bin/../lib/gcc/arm-none-eabi/11.3.1/../../../../arm-none-eabi/lib/thumb/v7e-m+fp/hard/libg.a(libc_a-memset.o)
 .comment       0x0000000000000033       0x34 /Applications/ArmGNUToolchain/11.3.rel1/arm-none-eabi/bin/../lib/gcc/arm-none-eabi/11.3.1/../../../../arm-none-eabi/lib/thumb/v7e-m+fp/hard/libg.a(libc_a-init.o)
 .comment       0x0000000000000033       0x34 /Applications/ArmGNUToolchain/11.3.rel1/arm-none-eabi/bin/../lib/gcc/arm-none-eabi/11.3.1/../../../../arm-none-eabi/lib/thumb/v7e-m+fp/hard/libg.a(libc_a-lock.o)
 .comment       0x0000000000000033       0x34 /Applications/ArmGNUToolchain/11.3.rel1/arm-none-eabi/bin/../lib/gcc/arm-none-eabi/11.3.1/../../../../arm-none-eabi/lib/thumb/v7e-m+fp/hard/libg.a(libc_a-__call_atexit.o)
 .comment       0x0000000000000033       0x34 /Applications/ArmGNUToolchain/11.3.rel1/arm-none-eabi/bin/../lib/gcc/arm-none-eabi/11.3.1/../../../../arm-none-eabi/lib/thumb/v7e-m+fp/hard/libg.a(libc_a-atexit.o)
 .comment       0x0000000000000033       0x34 /Applications/ArmGNUToolchain/11.3.rel1/arm-none-eabi/bin/../lib/gcc/arm-none-eabi/11.3.1/../../../../arm-none-eabi/lib/thumb/v7e-m+fp/hard/libg.a(libc_a-fini.o)
 .comment       0x0000000000000033       0x34 /Applications/ArmGNUToolchain/11.3.rel1/arm-none-eabi/bin/../lib/gcc/arm-none-eabi/11.3.1/../../../../arm-none-eabi/lib/thumb/v7e-m+fp/hard/libg.a(libc_a-__atexit.o)
 .comment       0x0000000000000033       0x34 /Applications/ArmGNUToolchain/11.3.rel1/arm-none-eabi/bin/../lib/gcc/arm-none-eabi/11.3.1/thumb/v7e-m+fp/hard/crtend.o

.debug_info     0x0000000000000000    0x20595
 .debug_info    0x0000000000000000     0x367a CMakeFiles/salt-stm32.elf.dir/Core/Src/main.c.obj
 .debug_info    0x000000000000367a     0x1b7e CMakeFiles/salt-stm32.elf.dir/Core/Src/stm32f4xx_hal_msp.c.obj
 .debug_info    0x00000000000051f8      0x12f CMakeFiles/salt-stm32.elf.dir/Core/Src/stm32f4xx_it.c.obj
 .debug_info    0x0000000000005327      0x53c CMakeFiles/salt-stm32.elf.dir/Core/Src/system_stm32f4xx.c.obj
 .debug_info    0x0000000000005863       0x23 CMakeFiles/salt-stm32.elf.dir/Core/Startup/startup_stm32f429zitx.s.obj
 .debug_info    0x0000000000005886      0xa55 CMakeFiles/salt-stm32.elf.dir/Drivers/STM32F4xx_HAL_Driver/Src/stm32f4xx_hal.c.obj
 .debug_info    0x00000000000062db      0xfc2 CMakeFiles/salt-stm32.elf.dir/Drivers/STM32F4xx_HAL_Driver/Src/stm32f4xx_hal_cortex.c.obj
 .debug_info    0x000000000000729d     0x267a CMakeFiles/salt-stm32.elf.dir/Drivers/STM32F4xx_HAL_Driver/Src/stm32f4xx_hal_eth.c.obj
 .debug_info    0x0000000000009917      0x715 CMakeFiles/salt-stm32.elf.dir/Drivers/STM32F4xx_HAL_Driver/Src/stm32f4xx_hal_gpio.c.obj
 .debug_info    0x000000000000a02c     0x1bf8 CMakeFiles/salt-stm32.elf.dir/Drivers/STM32F4xx_HAL_Driver/Src/stm32f4xx_hal_pcd.c.obj
 .debug_info    0x000000000000bc24      0xa80 CMakeFiles/salt-stm32.elf.dir/Drivers/STM32F4xx_HAL_Driver/Src/stm32f4xx_hal_rcc.c.obj
 .debug_info    0x000000000000c6a4     0x4085 CMakeFiles/salt-stm32.elf.dir/Drivers/STM32F4xx_HAL_Driver/Src/stm32f4xx_hal_uart.c.obj
 .debug_info    0x0000000000010729     0x1de4 CMakeFiles/salt-stm32.elf.dir/Drivers/STM32F4xx_HAL_Driver/Src/stm32f4xx_ll_usb.c.obj
 .debug_info    0x000000000001250d     0x4d3d CMakeFiles/salt-stm32.elf.dir/Middlewares/Third_Party/FreeRTOS/Source/CMSIS_RTOS_V2/cmsis_os2.c.obj
 .debug_info    0x000000000001724a      0x2b8 CMakeFiles/salt-stm32.elf.dir/Middlewares/Third_Party/FreeRTOS/Source/list.c.obj
 .debug_info    0x0000000000017502      0x553 CMakeFiles/salt-stm32.elf.dir/Middlewares/Third_Party/FreeRTOS/Source/portable/GCC/ARM_CM4F/port.c.obj
 .debug_info    0x0000000000017a55      0x59a CMakeFiles/salt-stm32.elf.dir/Middlewares/Third_Party/FreeRTOS/Source/portable/MemMang/heap_4.c.obj
 .debug_info    0x0000000000017fef     0x276e CMakeFiles/salt-stm32.elf.dir/Middlewares/Third_Party/FreeRTOS/Source/queue.c.obj
 .debug_info    0x000000000001a75d     0x306a CMakeFiles/salt-stm32.elf.dir/Middlewares/Third_Party/FreeRTOS/Source/tasks.c.obj
 .debug_info    0x000000000001d7c7     0x1ae9 CMakeFiles/salt-stm32.elf.dir/Middlewares/Third_Party/FreeRTOS/Source/timers.c.obj
 .debug_info    0x000000000001f2b0       0x24 /Applications/ArmGNUToolchain/11.3.rel1/arm-none-eabi/bin/../lib/gcc/arm-none-eabi/11.3.1/thumb/v7e-m+fp/hard/libgcc.a(_aeabi_uldivmod.o)
 .debug_info    0x000000000001f2d4      0x6e3 /Applications/ArmGNUToolchain/11.3.rel1/arm-none-eabi/bin/../lib/gcc/arm-none-eabi/11.3.1/thumb/v7e-m+fp/hard/libgcc.a(_udivmoddi4.o)
 .debug_info    0x000000000001f9b7       0x24 /Applications/ArmGNUToolchain/11.3.rel1/arm-none-eabi/bin/../lib/gcc/arm-none-eabi/11.3.1/thumb/v7e-m+fp/hard/libgcc.a(_dvmd_tls.o)
 .debug_info    0x000000000001f9db      0x135 /Applications/ArmGNUToolchain/11.3.rel1/arm-none-eabi/bin/../lib/gcc/arm-none-eabi/11.3.1/../../../../arm-none-eabi/lib/thumb/v7e-m+fp/hard/libg.a(libc_a-memset.o)
 .debug_info    0x000000000001fb10      0x10b /Applications/ArmGNUToolchain/11.3.rel1/arm-none-eabi/bin/../lib/gcc/arm-none-eabi/11.3.1/../../../../arm-none-eabi/lib/thumb/v7e-m+fp/hard/libg.a(libc_a-init.o)
 .debug_info    0x000000000001fc1b      0x20a /Applications/ArmGNUToolchain/11.3.rel1/arm-none-eabi/bin/../lib/gcc/arm-none-eabi/11.3.1/../../../../arm-none-eabi/lib/thumb/v7e-m+fp/hard/libg.a(libc_a-lock.o)
 .debug_info    0x000000000001fe25       0x25 /Applications/ArmGNUToolchain/11.3.rel1/arm-none-eabi/bin/../lib/gcc/arm-none-eabi/11.3.1/../../../../arm-none-eabi/lib/thumb/v7e-m+fp/hard/libg.a(libc_a-memcpy.o)
 .debug_info    0x000000000001fe4a      0x2dd /Applications/ArmGNUToolchain/11.3.rel1/arm-none-eabi/bin/../lib/gcc/arm-none-eabi/11.3.1/../../../../arm-none-eabi/lib/thumb/v7e-m+fp/hard/libg.a(libc_a-__call_atexit.o)
 .debug_info    0x0000000000020127      0x118 /Applications/ArmGNUToolchain/11.3.rel1/arm-none-eabi/bin/../lib/gcc/arm-none-eabi/11.3.1/../../../../arm-none-eabi/lib/thumb/v7e-m+fp/hard/libg.a(libc_a-atexit.o)
 .debug_info    0x000000000002023f       0xf7 /Applications/ArmGNUToolchain/11.3.rel1/arm-none-eabi/bin/../lib/gcc/arm-none-eabi/11.3.1/../../../../arm-none-eabi/lib/thumb/v7e-m+fp/hard/libg.a(libc_a-fini.o)
 .debug_info    0x0000000000020336      0x25f /Applications/ArmGNUToolchain/11.3.rel1/arm-none-eabi/bin/../lib/gcc/arm-none-eabi/11.3.1/../../../../arm-none-eabi/lib/thumb/v7e-m+fp/hard/libg.a(libc_a-__atexit.o)

.debug_abbrev   0x0000000000000000     0x3f4b
 .debug_abbrev  0x0000000000000000      0x437 CMakeFiles/salt-stm32.elf.dir/Core/Src/main.c.obj
 .debug_abbrev  0x0000000000000437      0x288 CMakeFiles/salt-stm32.elf.dir/Core/Src/stm32f4xx_hal_msp.c.obj
 .debug_abbrev  0x00000000000006bf       0xa0 CMakeFiles/salt-stm32.elf.dir/Core/Src/stm32f4xx_it.c.obj
 .debug_abbrev  0x000000000000075f      0x11e CMakeFiles/salt-stm32.elf.dir/Core/Src/system_stm32f4xx.c.obj
 .debug_abbrev  0x000000000000087d       0x12 CMakeFiles/salt-stm32.elf.dir/Core/Startup/startup_stm32f429zitx.s.obj
 .debug_abbrev  0x000000000000088f      0x23f CMakeFiles/salt-stm32.elf.dir/Drivers/STM32F4xx_HAL_Driver/Src/stm32f4xx_hal.c.obj
 .debug_abbrev  0x0000000000000ace      0x376 CMakeFiles/salt-stm32.elf.dir/Drivers/STM32F4xx_HAL_Driver/Src/stm32f4xx_hal_cortex.c.obj
 .debug_abbrev  0x0000000000000e44      0x2ed CMakeFiles/salt-stm32.elf.dir/Drivers/STM32F4xx_HAL_Driver/Src/stm32f4xx_hal_eth.c.obj
 .debug_abbrev  0x0000000000001131      0x202 CMakeFiles/salt-stm32.elf.dir/Drivers/STM32F4xx_HAL_Driver/Src/stm32f4xx_hal_gpio.c.obj
 .debug_abbrev  0x0000000000001333      0x2f2 CMakeFiles/salt-stm32.elf.dir/Drivers/STM32F4xx_HAL_Driver/Src/stm32f4xx_hal_pcd.c.obj
 .debug_abbrev  0x0000000000001625      0x2c6 CMakeFiles/salt-stm32.elf.dir/Drivers/STM32F4xx_HAL_Driver/Src/stm32f4xx_hal_rcc.c.obj
 .debug_abbrev  0x00000000000018eb      0x32f CMakeFiles/salt-stm32.elf.dir/Drivers/STM32F4xx_HAL_Driver/Src/stm32f4xx_hal_uart.c.obj
 .debug_abbrev  0x0000000000001c1a      0x322 CMakeFiles/salt-stm32.elf.dir/Drivers/STM32F4xx_HAL_Driver/Src/stm32f4xx_ll_usb.c.obj
 .debug_abbrev  0x0000000000001f3c      0x5b3 CMakeFiles/salt-stm32.elf.dir/Middlewares/Third_Party/FreeRTOS/Source/CMSIS_RTOS_V2/cmsis_os2.c.obj
 .debug_abbrev  0x00000000000024ef      0x10a CMakeFiles/salt-stm32.elf.dir/Middlewares/Third_Party/FreeRTOS/Source/list.c.obj
 .debug_abbrev  0x00000000000025f9      0x293 CMakeFiles/salt-stm32.elf.dir/Middlewares/Third_Party/FreeRTOS/Source/portable/GCC/ARM_CM4F/port.c.obj
 .debug_abbrev  0x000000000000288c      0x263 CMakeFiles/salt-stm32.elf.dir/Middlewares/Third_Party/FreeRTOS/Source/portable/MemMang/heap_4.c.obj
 .debug_abbrev  0x0000000000002aef      0x3ea CMakeFiles/salt-stm32.elf.dir/Middlewares/Third_Party/FreeRTOS/Source/queue.c.obj
 .debug_abbrev  0x0000000000002ed9      0x394 CMakeFiles/salt-stm32.elf.dir/Middlewares/Third_Party/FreeRTOS/Source/tasks.c.obj
 .debug_abbrev  0x000000000000326d      0x381 CMakeFiles/salt-stm32.elf.dir/Middlewares/Third_Party/FreeRTOS/Source/timers.c.obj
 .debug_abbrev  0x00000000000035ee       0x14 /Applications/ArmGNUToolchain/11.3.rel1/arm-none-eabi/bin/../lib/gcc/arm-none-eabi/11.3.1/thumb/v7e-m+fp/hard/libgcc.a(_aeabi_uldivmod.o)
 .debug_abbrev  0x0000000000003602      0x16a /Applications/ArmGNUToolchain/11.3.rel1/arm-none-eabi/bin/../lib/gcc/arm-none-eabi/11.3.1/thumb/v7e-m+fp/hard/libgcc.a(_udivmoddi4.o)
 .debug_abbrev  0x000000000000376c       0x14 /Applications/ArmGNUToolchain/11.3.rel1/arm-none-eabi/bin/../lib/gcc/arm-none-eabi/11.3.1/thumb/v7e-m+fp/hard/libgcc.a(_dvmd_tls.o)
 .debug_abbrev  0x0000000000003780       0xb7 /Applications/ArmGNUToolchain/11.3.rel1/arm-none-eabi/bin/../lib/gcc/arm-none-eabi/11.3.1/../../../../arm-none-eabi/lib/thumb/v7e-m+fp/hard/libg.a(libc_a-memset.o)
 .debug_abbrev  0x0000000000003837       0xc9 /Applications/ArmGNUToolchain/11.3.rel1/arm-none-eabi/bin/../lib/gcc/arm-none-eabi/11.3.1/../../../../arm-none-eabi/lib/thumb/v7e-m+fp/hard/libg.a(libc_a-init.o)
 .debug_abbrev  0x0000000000003900      0x115 /Applications/ArmGNUToolchain/11.3.rel1/arm-none-eabi/bin/../lib/gcc/arm-none-eabi/11.3.1/../../../../arm-none-eabi/lib/thumb/v7e-m+fp/hard/libg.a(libc_a-lock.o)
 .debug_abbrev  0x0000000000003a15       0x14 /Applications/ArmGNUToolchain/11.3.rel1/arm-none-eabi/bin/../lib/gcc/arm-none-eabi/11.3.1/../../../../arm-none-eabi/lib/thumb/v7e-m+fp/hard/libg.a(libc_a-memcpy.o)
 .debug_abbrev  0x0000000000003a29      0x20c /Applications/ArmGNUToolchain/11.3.rel1/arm-none-eabi/bin/../lib/gcc/arm-none-eabi/11.3.1/../../../../arm-none-eabi/lib/thumb/v7e-m+fp/hard/libg.a(libc_a-__call_atexit.o)
 .debug_abbrev  0x0000000000003c35       0xc1 /Applications/ArmGNUToolchain/11.3.rel1/arm-none-eabi/bin/../lib/gcc/arm-none-eabi/11.3.1/../../../../arm-none-eabi/lib/thumb/v7e-m+fp/hard/libg.a(libc_a-atexit.o)
 .debug_abbrev  0x0000000000003cf6       0xcc /Applications/ArmGNUToolchain/11.3.rel1/arm-none-eabi/bin/../lib/gcc/arm-none-eabi/11.3.1/../../../../arm-none-eabi/lib/thumb/v7e-m+fp/hard/libg.a(libc_a-fini.o)
 .debug_abbrev  0x0000000000003dc2      0x189 /Applications/ArmGNUToolchain/11.3.rel1/arm-none-eabi/bin/../lib/gcc/arm-none-eabi/11.3.1/../../../../arm-none-eabi/lib/thumb/v7e-m+fp/hard/libg.a(libc_a-__atexit.o)

.debug_loclists
                0x0000000000000000     0xe51d
 .debug_loclists
                0x0000000000000000      0x401 CMakeFiles/salt-stm32.elf.dir/Core/Src/main.c.obj
 .debug_loclists
                0x0000000000000401      0x100 CMakeFiles/salt-stm32.elf.dir/Core/Src/stm32f4xx_hal_msp.c.obj
 .debug_loclists
                0x0000000000000501       0xdb CMakeFiles/salt-stm32.elf.dir/Core/Src/system_stm32f4xx.c.obj
 .debug_loclists
                0x00000000000005dc       0xc9 CMakeFiles/salt-stm32.elf.dir/Drivers/STM32F4xx_HAL_Driver/Src/stm32f4xx_hal.c.obj
 .debug_loclists
                0x00000000000006a5      0x4db CMakeFiles/salt-stm32.elf.dir/Drivers/STM32F4xx_HAL_Driver/Src/stm32f4xx_hal_cortex.c.obj
 .debug_loclists
                0x0000000000000b80      0xf9d CMakeFiles/salt-stm32.elf.dir/Drivers/STM32F4xx_HAL_Driver/Src/stm32f4xx_hal_eth.c.obj
 .debug_loclists
                0x0000000000001b1d      0x356 CMakeFiles/salt-stm32.elf.dir/Drivers/STM32F4xx_HAL_Driver/Src/stm32f4xx_hal_gpio.c.obj
 .debug_loclists
                0x0000000000001e73      0xcbb CMakeFiles/salt-stm32.elf.dir/Drivers/STM32F4xx_HAL_Driver/Src/stm32f4xx_hal_pcd.c.obj
 .debug_loclists
                0x0000000000002b2e      0x3a9 CMakeFiles/salt-stm32.elf.dir/Drivers/STM32F4xx_HAL_Driver/Src/stm32f4xx_hal_rcc.c.obj
 .debug_loclists
                0x0000000000002ed7     0x2b7a CMakeFiles/salt-stm32.elf.dir/Drivers/STM32F4xx_HAL_Driver/Src/stm32f4xx_hal_uart.c.obj
 .debug_loclists
                0x0000000000005a51     0x165e CMakeFiles/salt-stm32.elf.dir/Drivers/STM32F4xx_HAL_Driver/Src/stm32f4xx_ll_usb.c.obj
 .debug_loclists
                0x00000000000070af     0x3127 CMakeFiles/salt-stm32.elf.dir/Middlewares/Third_Party/FreeRTOS/Source/CMSIS_RTOS_V2/cmsis_os2.c.obj
 .debug_loclists
                0x000000000000a1d6       0x6f CMakeFiles/salt-stm32.elf.dir/Middlewares/Third_Party/FreeRTOS/Source/list.c.obj
 .debug_loclists
                0x000000000000a245       0xbb CMakeFiles/salt-stm32.elf.dir/Middlewares/Third_Party/FreeRTOS/Source/portable/GCC/ARM_CM4F/port.c.obj
 .debug_loclists
                0x000000000000a300      0x295 CMakeFiles/salt-stm32.elf.dir/Middlewares/Third_Party/FreeRTOS/Source/portable/MemMang/heap_4.c.obj
 .debug_loclists
                0x000000000000a595      0xfbc CMakeFiles/salt-stm32.elf.dir/Middlewares/Third_Party/FreeRTOS/Source/queue.c.obj
 .debug_loclists
                0x000000000000b551     0x161e CMakeFiles/salt-stm32.elf.dir/Middlewares/Third_Party/FreeRTOS/Source/tasks.c.obj
 .debug_loclists
                0x000000000000cb6f      0xa2f CMakeFiles/salt-stm32.elf.dir/Middlewares/Third_Party/FreeRTOS/Source/timers.c.obj
 .debug_loclists
                0x000000000000d59e      0xb0f /Applications/ArmGNUToolchain/11.3.rel1/arm-none-eabi/bin/../lib/gcc/arm-none-eabi/11.3.1/thumb/v7e-m+fp/hard/libgcc.a(_udivmoddi4.o)
 .debug_loclists
                0x000000000000e0ad      0x1a5 /Applications/ArmGNUToolchain/11.3.rel1/arm-none-eabi/bin/../lib/gcc/arm-none-eabi/11.3.1/../../../../arm-none-eabi/lib/thumb/v7e-m+fp/hard/libg.a(libc_a-memset.o)
 .debug_loclists
                0x000000000000e252       0x7a /Applications/ArmGNUToolchain/11.3.rel1/arm-none-eabi/bin/../lib/gcc/arm-none-eabi/11.3.1/../../../../arm-none-eabi/lib/thumb/v7e-m+fp/hard/libg.a(libc_a-init.o)
 .debug_loclists
                0x000000000000e2cc       0x23 /Applications/ArmGNUToolchain/11.3.rel1/arm-none-eabi/bin/../lib/gcc/arm-none-eabi/11.3.1/../../../../arm-none-eabi/lib/thumb/v7e-m+fp/hard/libg.a(libc_a-lock.o)
 .debug_loclists
                0x000000000000e2ef      0x12a /Applications/ArmGNUToolchain/11.3.rel1/arm-none-eabi/bin/../lib/gcc/arm-none-eabi/11.3.1/../../../../arm-none-eabi/lib/thumb/v7e-m+fp/hard/libg.a(libc_a-__call_atexit.o)
 .debug_loclists
                0x000000000000e419       0x2a /Applications/ArmGNUToolchain/11.3.rel1/arm-none-eabi/bin/../lib/gcc/arm-none-eabi/11.3.1/../../../../arm-none-eabi/lib/thumb/v7e-m+fp/hard/libg.a(libc_a-atexit.o)
 .debug_loclists
                0x000000000000e443       0x4c /Applications/ArmGNUToolchain/11.3.rel1/arm-none-eabi/bin/../lib/gcc/arm-none-eabi/11.3.1/../../../../arm-none-eabi/lib/thumb/v7e-m+fp/hard/libg.a(libc_a-fini.o)
 .debug_loclists
                0x000000000000e48f       0x8e /Applications/ArmGNUToolchain/11.3.rel1/arm-none-eabi/bin/../lib/gcc/arm-none-eabi/11.3.1/../../../../arm-none-eabi/lib/thumb/v7e-m+fp/hard/libg.a(libc_a-__atexit.o)

.debug_aranges  0x0000000000000000     0x1468
 .debug_aranges
                0x0000000000000000       0xb8 CMakeFiles/salt-stm32.elf.dir/Core/Src/main.c.obj
 .debug_aranges
                0x00000000000000b8       0x50 CMakeFiles/salt-stm32.elf.dir/Core/Src/stm32f4xx_hal_msp.c.obj
 .debug_aranges
                0x0000000000000108       0x50 CMakeFiles/salt-stm32.elf.dir/Core/Src/stm32f4xx_it.c.obj
 .debug_aranges
                0x0000000000000158       0x28 CMakeFiles/salt-stm32.elf.dir/Core/Src/system_stm32f4xx.c.obj
 .debug_aranges
                0x0000000000000180       0x28 CMakeFiles/salt-stm32.elf.dir/Core/Startup/startup_stm32f429zitx.s.obj
 .debug_aranges
                0x00000000000001a8      0x100 CMakeFiles/salt-stm32.elf.dir/Drivers/STM32F4xx_HAL_Driver/Src/stm32f4xx_hal.c.obj
 .debug_aranges
                0x00000000000002a8       0xa8 CMakeFiles/salt-stm32.elf.dir/Drivers/STM32F4xx_HAL_Driver/Src/stm32f4xx_hal_cortex.c.obj
 .debug_aranges
                0x0000000000000350      0x1e0 CMakeFiles/salt-stm32.elf.dir/Drivers/STM32F4xx_HAL_Driver/Src/stm32f4xx_hal_eth.c.obj
 .debug_aranges
                0x0000000000000530       0x58 CMakeFiles/salt-stm32.elf.dir/Drivers/STM32F4xx_HAL_Driver/Src/stm32f4xx_hal_gpio.c.obj
 .debug_aranges
                0x0000000000000588      0x148 CMakeFiles/salt-stm32.elf.dir/Drivers/STM32F4xx_HAL_Driver/Src/stm32f4xx_hal_pcd.c.obj
 .debug_aranges
                0x00000000000006d0       0x88 CMakeFiles/salt-stm32.elf.dir/Drivers/STM32F4xx_HAL_Driver/Src/stm32f4xx_hal_rcc.c.obj
 .debug_aranges
                0x0000000000000758      0x200 CMakeFiles/salt-stm32.elf.dir/Drivers/STM32F4xx_HAL_Driver/Src/stm32f4xx_hal_uart.c.obj
 .debug_aranges
                0x0000000000000958      0x1a0 CMakeFiles/salt-stm32.elf.dir/Drivers/STM32F4xx_HAL_Driver/Src/stm32f4xx_ll_usb.c.obj
 .debug_aranges
                0x0000000000000af8      0x298 CMakeFiles/salt-stm32.elf.dir/Middlewares/Third_Party/FreeRTOS/Source/CMSIS_RTOS_V2/cmsis_os2.c.obj
 .debug_aranges
                0x0000000000000d90       0x40 CMakeFiles/salt-stm32.elf.dir/Middlewares/Third_Party/FreeRTOS/Source/list.c.obj
 .debug_aranges