Archive member included to satisfy reference by file (symbol)

/Applications/ArmGNUToolchain/11.3.rel1/arm-none-eabi/bin/../lib/gcc/arm-none-eabi/11.3.1/thumb/v7e-m+fp/hard/libgcc.a(_aeabi_uldivmod.o)
                              CMakeFiles/salt-stm32.elf.dir/Drivers/STM32F4xx_HAL_Driver/Src/stm32f4xx_hal_rcc.c.obj (__aeabi_uldivmod)
/Applications/ArmGNUToolchain/11.3.rel1/arm-none-eabi/bin/../lib/gcc/arm-none-eabi/11.3.1/thumb/v7e-m+fp/hard/libgcc.a(_udivmoddi4.o)
                              /Applications/ArmGNUToolchain/11.3.rel1/arm-none-eabi/bin/../lib/gcc/arm-none-eabi/11.3.1/thumb/v7e-m+fp/hard/libgcc.a(_aeabi_uldivmod.o) (__udivmoddi4)
/Applications/ArmGNUToolchain/11.3.rel1/arm-none-eabi/bin/../lib/gcc/arm-none-eabi/11.3.1/thumb/v7e-m+fp/hard/libgcc.a(_dvmd_tls.o)
                              /Applications/ArmGNUToolchain/11.3.rel1/arm-none-eabi/bin/../lib/gcc/arm-none-eabi/11.3.1/thumb/v7e-m+fp/hard/libgcc.a(_aeabi_uldivmod.o) (__aeabi_ldiv0)
/Applications/ArmGNUToolchain/11.3.rel1/arm-none-eabi/bin/../lib/gcc/arm-none-eabi/11.3.1/../../../../arm-none-eabi/lib/thumb/v7e-m+fp/hard/libg.a(libc_a-exit.o)
                              /Applications/ArmGNUToolchain/11.3.rel1/arm-none-eabi/bin/../lib/gcc/arm-none-eabi/11.3.1/../../../../arm-none-eabi/lib/thumb/v7e-m+fp/hard/crt0.o (exit)
/Applications/ArmGNUToolchain/11.3.rel1/arm-none-eabi/bin/../lib/gcc/arm-none-eabi/11.3.1/../../../../arm-none-eabi/lib/thumb/v7e-m+fp/hard/libg.a(libc_a-findfp.o)
                              /Applications/ArmGNUToolchain/11.3.rel1/arm-none-eabi/bin/../lib/gcc/arm-none-eabi/11.3.1/../../../../arm-none-eabi/lib/thumb/v7e-m+fp/hard/libg.a(libc_a-exit.o) (__stdio_exit_handler)
/Applications/ArmGNUToolchain/11.3.rel1/arm-none-eabi/bin/../lib/gcc/arm-none-eabi/11.3.1/../../../../arm-none-eabi/lib/thumb/v7e-m+fp/hard/libg.a(libc_a-fwalk.o)
                              /Applications/ArmGNUToolchain/11.3.rel1/arm-none-eabi/bin/../lib/gcc/arm-none-eabi/11.3.1/../../../../arm-none-eabi/lib/thumb/v7e-m+fp/hard/libg.a(libc_a-findfp.o) (_fwalk_sglue)
/Applications/ArmGNUToolchain/11.3.rel1/arm-none-eabi/bin/../lib/gcc/arm-none-eabi/11.3.1/../../../../arm-none-eabi/lib/thumb/v7e-m+fp/hard/libg.a(libc_a-memset.o)
                              /Applications/ArmGNUToolchain/11.3.rel1/arm-none-eabi/bin/../lib/gcc/arm-none-eabi/11.3.1/../../../../arm-none-eabi/lib/thumb/v7e-m+fp/hard/crt0.o (memset)
/Applications/ArmGNUToolchain/11.3.rel1/arm-none-eabi/bin/../lib/gcc/arm-none-eabi/11.3.1/../../../../arm-none-eabi/lib/thumb/v7e-m+fp/hard/libg.a(libc_a-impure.o)
                              /Applications/ArmGNUToolchain/11.3.rel1/arm-none-eabi/bin/../lib/gcc/arm-none-eabi/11.3.1/../../../../arm-none-eabi/lib/thumb/v7e-m+fp/hard/libg.a(libc_a-findfp.o) (_impure_data)
/Applications/ArmGNUToolchain/11.3.rel1/arm-none-eabi/bin/../lib/gcc/arm-none-eabi/11.3.1/../../../../arm-none-eabi/lib/thumb/v7e-m+fp/hard/libg.a(libc_a-errno.o)
                              CMakeFiles/salt-stm32.elf.dir/Core/Src/syscalls.c.obj (__errno)
/Applications/ArmGNUToolchain/11.3.rel1/arm-none-eabi/bin/../lib/gcc/arm-none-eabi/11.3.1/../../../../arm-none-eabi/lib/thumb/v7e-m+fp/hard/libg.a(libc_a-init.o)
                              /Applications/ArmGNUToolchain/11.3.rel1/arm-none-eabi/bin/../lib/gcc/arm-none-eabi/11.3.1/../../../../arm-none-eabi/lib/thumb/v7e-m+fp/hard/crt0.o (__libc_init_array)
/Applications/ArmGNUToolchain/11.3.rel1/arm-none-eabi/bin/../lib/gcc/arm-none-eabi/11.3.1/../../../../arm-none-eabi/lib/thumb/v7e-m+fp/hard/libg.a(libc_a-lock.o)
                              /Applications/ArmGNUToolchain/11.3.rel1/arm-none-eabi/bin/../lib/gcc/arm-none-eabi/11.3.1/../../../../arm-none-eabi/lib/thumb/v7e-m+fp/hard/libg.a(libc_a-findfp.o) (__retarget_lock_init_recursive)
/Applications/ArmGNUToolchain/11.3.rel1/arm-none-eabi/bin/../lib/gcc/arm-none-eabi/11.3.1/../../../../arm-none-eabi/lib/thumb/v7e-m+fp/hard/libg.a(libc_a-memcpy.o)
                              CMakeFiles/salt-stm32.elf.dir/Middlewares/Third_Party/FreeRTOS/Source/CMSIS_RTOS_V2/cmsis_os2.c.obj (memcpy)
/Applications/ArmGNUToolchain/11.3.rel1/arm-none-eabi/bin/../lib/gcc/arm-none-eabi/11.3.1/../../../../arm-none-eabi/lib/thumb/v7e-m+fp/hard/libg.a(libc_a-__call_atexit.o)
                              /Applications/ArmGNUToolchain/11.3.rel1/arm-none-eabi/bin/../lib/gcc/arm-none-eabi/11.3.1/../../../../arm-none-eabi/lib/thumb/v7e-m+fp/hard/libg.a(libc_a-exit.o) (__call_exitprocs)
/Applications/ArmGNUToolchain/11.3.rel1/arm-none-eabi/bin/../lib/gcc/arm-none-eabi/11.3.1/../../../../arm-none-eabi/lib/thumb/v7e-m+fp/hard/libg.a(libc_a-atexit.o)
                              /Applications/ArmGNUToolchain/11.3.rel1/arm-none-eabi/bin/../lib/gcc/arm-none-eabi/11.3.1/../../../../arm-none-eabi/lib/thumb/v7e-m+fp/hard/libg.a(libc_a-__call_atexit.o) (atexit)
[...]
Memory Configuration

Name             Origin             Length             Attributes
CCMRAM           0x0000000010000000 0x0000000000010000 xrw
RAM              0x0000000020000000 0x0000000000030000 xrw
FLASH            0x0000000008000000 0x0000000000200000 xr
*default*        0x0000000000000000 0xffffffffffffffff

Linker script and memory map

LOAD /Applications/ArmGNUToolchain/11.3.rel1/arm-none-eabi/bin/../lib/gcc/arm-none-eabi/11.3.1/thumb/v7e-m+fp/hard/crti.o
LOAD /Applications/ArmGNUToolchain/11.3.rel1/arm-none-eabi/bin/../lib/gcc/arm-none-eabi/11.3.1/thumb/v7e-m+fp/hard/crtbegin.o
LOAD /Applications/ArmGNUToolchain/11.3.rel1/arm-none-eabi/bin/../lib/gcc/arm-none-eabi/11.3.1/../../../../arm-none-eabi/lib/thumb/v7e-m+fp/hard/crt0.o
LOAD CMakeFiles/salt-stm32.elf.dir/Core/Src/freertos.c.obj
LOAD CMakeFiles/salt-stm32.elf.dir/Core/Src/main.c.obj
LOAD CMakeFiles/salt-stm32.elf.dir/Core/Src/stm32f4xx_hal_msp.c.obj
LOAD CMakeFiles/salt-stm32.elf.dir/Core/Src/stm32f4xx_it.c.obj
LOAD CMakeFiles/salt-stm32.elf.dir/Core/Src/syscalls.c.obj
LOAD CMakeFiles/salt-stm32.elf.dir/Core/Src/sysmem.c.obj
LOAD CMakeFiles/salt-stm32.elf.dir/Core/Src/system_stm32f4xx.c.obj
LOAD CMakeFiles/salt-stm32.elf.dir/Core/Startup/startup_stm32f429zitx.s.obj
LOAD CMakeFiles/salt-stm32.elf.dir/Drivers/STM32F4xx_HAL_Driver/Src/stm32f4xx_hal.c.obj
LOAD CMakeFiles/salt-stm32.elf.dir/Drivers/STM32F4xx_HAL_Driver/Src/stm32f4xx_hal_cortex.c.obj
LOAD CMakeFiles/salt-stm32.elf.dir/Drivers/STM32F4xx_HAL_Driver/Src/stm32f4xx_hal_dma.c.obj
LOAD CMakeFiles/salt-stm32.elf.dir/Drivers/STM32F4xx_HAL_Driver/Src/stm32f4xx_hal_dma_ex.c.obj
LOAD CMakeFiles/salt-stm32.elf.dir/Drivers/STM32F4xx_HAL_Driver/Src/stm32f4xx_hal_eth.c.obj
LOAD CMakeFiles/salt-stm32.elf.dir/Drivers/STM32F4xx_HAL_Driver/Src/stm32f4xx_hal_exti.c.obj
LOAD CMakeFiles/salt-stm32.elf.dir/Drivers/STM32F4xx_HAL_Driver/Src/stm32f4xx_hal_flash.c.obj
LOAD CMakeFiles/salt-stm32.elf.dir/Drivers/STM32F4xx_HAL_Driver/Src/stm32f4xx_hal_flash_ex.c.obj
LOAD CMakeFiles/salt-stm32.elf.dir/Drivers/STM32F4xx_HAL_Driver/Src/stm32f4xx_hal_flash_ramfunc.c.obj
LOAD CMakeFiles/salt-stm32.elf.dir/Drivers/STM32F4xx_HAL_Driver/Src/stm32f4xx_hal_gpio.c.obj
LOAD CMakeFiles/salt-stm32.elf.dir/Drivers/STM32F4xx_HAL_Driver/Src/stm32f4xx_hal_pcd.c.obj
LOAD CMakeFiles/salt-stm32.elf.dir/Drivers/STM32F4xx_HAL_Driver/Src/stm32f4xx_hal_pcd_ex.c.obj
LOAD CMakeFiles/salt-stm32.elf.dir/Drivers/STM32F4xx_HAL_Driver/Src/stm32f4xx_hal_pwr.c.obj
LOAD CMakeFiles/salt-stm32.elf.dir/Drivers/STM32F4xx_HAL_Driver/Src/stm32f4xx_hal_pwr_ex.c.obj
LOAD CMakeFiles/salt-stm32.elf.dir/Drivers/STM32F4xx_HAL_Driver/Src/stm32f4xx_hal_rcc.c.obj
LOAD CMakeFiles/salt-stm32.elf.dir/Drivers/STM32F4xx_HAL_Driver/Src/stm32f4xx_hal_rcc_ex.c.obj
LOAD CMakeFiles/salt-stm32.elf.dir/Drivers/STM32F4xx_HAL_Driver/Src/stm32f4xx_hal_tim.c.obj
LOAD CMakeFiles/salt-stm32.elf.dir/Drivers/STM32F4xx_HAL_Driver/Src/stm32f4xx_hal_tim_ex.c.obj
LOAD CMakeFiles/salt-stm32.elf.dir/Drivers/STM32F4xx_HAL_Driver/Src/stm32f4xx_hal_uart.c.obj
LOAD CMakeFiles/salt-stm32.elf.dir/Drivers/STM32F4xx_HAL_Driver/Src/stm32f4xx_ll_usb.c.obj
LOAD CMakeFiles/salt-stm32.elf.dir/Middlewares/Third_Party/FreeRTOS/Source/CMSIS_RTOS_V2/cmsis_os2.c.obj
LOAD CMakeFiles/salt-stm32.elf.dir/Middlewares/Third_Party/FreeRTOS/Source/croutine.c.obj
LOAD CMakeFiles/salt-stm32.elf.dir/Middlewares/Third_Party/FreeRTOS/Source/event_groups.c.obj
LOAD CMakeFiles/salt-stm32.elf.dir/Middlewares/Third_Party/FreeRTOS/Source/list.c.obj
LOAD CMakeFiles/salt-stm32.elf.dir/Middlewares/Third_Party/FreeRTOS/Source/portable/GCC/ARM_CM4F/port.c.obj
LOAD CMakeFiles/salt-stm32.elf.dir/Middlewares/Third_Party/FreeRTOS/Source/portable/MemMang/heap_4.c.obj
LOAD CMakeFiles/salt-stm32.elf.dir/Middlewares/Third_Party/FreeRTOS/Source/queue.c.obj
LOAD CMakeFiles/salt-stm32.elf.dir/Middlewares/Third_Party/FreeRTOS/Source/stream_buffer.c.obj
LOAD CMakeFiles/salt-stm32.elf.dir/Middlewares/Third_Party/FreeRTOS/Source/tasks.c.obj
LOAD CMakeFiles/salt-stm32.elf.dir/Middlewares/Third_Party/FreeRTOS/Source/timers.c.obj
START GROUP
LOAD /Applications/ArmGNUToolchain/11.3.rel1/arm-none-eabi/bin/../lib/gcc/arm-none-eabi/11.3.1/thumb/v7e-m+fp/hard/libgcc.a
LOAD /Applications/ArmGNUToolchain/11.3.rel1/arm-none-eabi/bin/../lib/gcc/arm-none-eabi/11.3.1/../../../../arm-none-eabi/lib/thumb/v7e-m+fp/hard/libg.a
LOAD /Applications/ArmGNUToolchain/11.3.rel1/arm-none-eabi/bin/../lib/gcc/arm-none-eabi/11.3.1/../../../../arm-none-eabi/lib/thumb/v7e-m+fp/hard/libc.a
END GROUP
LOAD /Applications/ArmGNUToolchain/11.3.rel1/arm-none-eabi/bin/../lib/gcc/arm-none-eabi/11.3.1/thumb/v7e-m+fp/hard/crtend.o
LOAD /Applications/ArmGNUToolchain/11.3.rel1/arm-none-eabi/bin/../lib/gcc/arm-none-eabi/11.3.1/thumb/v7e-m+fp/hard/crtn.o
                0x0000000020030000                _estack = (ORIGIN (RAM) + LENGTH (RAM))
                0x0000000000000200                _Min_Heap_Size = 0x200
                0x0000000000000400                _Min_Stack_Size = 0x400

.isr_vector     0x0000000008000000      0x1ac
                0x0000000008000000                . = ALIGN (0x4)
 *(.isr_vector)
 .isr_vector    0x0000000008000000      0x1ac CMakeFiles/salt-stm32.elf.dir/Core/Startup/startup_stm32f429zitx.s.obj
                0x0000000008000000                g_pfnVectors
                0x00000000080001ac                . = ALIGN (0x4)

.text           0x00000000080001b0     0x3d80
                0x00000000080001b0                . = ALIGN (0x4)
 *(.text)
 .text          0x00000000080001b0       0x30 /Applications/ArmGNUToolchain/11.3.rel1/arm-none-eabi/bin/../lib/gcc/arm-none-eabi/11.3.1/thumb/v7e-m+fp/hard/libgcc.a(_aeabi_uldivmod.o)
                0x00000000080001b0                __aeabi_uldivmod
 .text          0x00000000080001e0        0x4 /Applications/ArmGNUToolchain/11.3.rel1/arm-none-eabi/bin/../lib/gcc/arm-none-eabi/11.3.1/thumb/v7e-m+fp/hard/libgcc.a(_dvmd_tls.o)
                0x00000000080001e0                __aeabi_ldiv0
                0x00000000080001e0                __aeabi_idiv0
 .text          0x00000000080001e4      0x134 /Applications/ArmGNUToolchain/11.3.rel1/arm-none-eabi/bin/../lib/gcc/arm-none-eabi/11.3.1/../../../../arm-none-eabi/lib/thumb/v7e-m+fp/hard/libg.a(libc_a-memcpy.o)
                0x00000000080001e4                memcpy
 *(.text*)
 .text.deregister_tm_clones
                0x0000000008000318       0x1c /Applications/ArmGNUToolchain/11.3.rel1/arm-none-eabi/bin/../lib/gcc/arm-none-eabi/11.3.1/thumb/v7e-m+fp/hard/crtbegin.o
 .text.register_tm_clones
                0x0000000008000334       0x24 /Applications/ArmGNUToolchain/11.3.rel1/arm-none-eabi/bin/../lib/gcc/arm-none-eabi/11.3.1/thumb/v7e-m+fp/hard/crtbegin.o
 .text.__do_global_dtors_aux
                0x0000000008000358       0x28 /Applications/ArmGNUToolchain/11.3.rel1/arm-none-eabi/bin/../lib/gcc/arm-none-eabi/11.3.1/thumb/v7e-m+fp/hard/crtbegin.o
 .text.frame_dummy
                0x0000000008000380       0x24 /Applications/ArmGNUToolchain/11.3.rel1/arm-none-eabi/bin/../lib/gcc/arm-none-eabi/11.3.1/thumb/v7e-m+fp/hard/crtbegin.o
 .text.MX_GPIO_Init
                0x00000000080003a4      0x108 CMakeFiles/salt-stm32.elf.dir/Core/Src/main.c.obj
 .text.StartDefaultTask
                0x00000000080004ac        0xa CMakeFiles/salt-stm32.elf.dir/Core/Src/main.c.obj
                0x00000000080004ac                StartDefaultTask
 .text.Error_Handler
                0x00000000080004b6        0x4 CMakeFiles/salt-stm32.elf.dir/Core/Src/main.c.obj
                0x00000000080004b6                Error_Handler
 *fill*         0x00000000080004ba        0x2 
 .text.MX_ETH_Init
                0x00000000080004bc       0x6c CMakeFiles/salt-stm32.elf.dir/Core/Src/main.c.obj
 .text.MX_USART3_UART_Init
                0x0000000008000528       0x34 CMakeFiles/salt-stm32.elf.dir/Core/Src/main.c.obj
 .text.MX_USB_OTG_FS_PCD_Init
                0x000000000800055c       0x34 CMakeFiles/salt-stm32.elf.dir/Core/Src/main.c.obj
 .text.SystemClock_Config
                0x0000000008000590       0xa8 CMakeFiles/salt-stm32.elf.dir/Core/Src/main.c.obj
                0x0000000008000590                SystemClock_Config
 .text.main     0x0000000008000638       0x40 CMakeFiles/salt-stm32.elf.dir/Core/Src/main.c.obj
                0x0000000008000638                main
 .text.HAL_MspInit
                0x0000000008000678       0x44 CMakeFiles/salt-stm32.elf.dir/Core/Src/stm32f4xx_hal_msp.c.obj
                0x0000000008000678                HAL_MspInit
 .text.HAL_ETH_MspInit
                0x00000000080006bc      0x11c CMakeFiles/salt-stm32.elf.dir/Core/Src/stm32f4xx_hal_msp.c.obj
                0x00000000080006bc                HAL_ETH_MspInit
 .text.HAL_UART_MspInit
                0x00000000080007d8       0x70 CMakeFiles/salt-stm32.elf.dir/Core/Src/stm32f4xx_hal_msp.c.obj
                0x00000000080007d8                HAL_UART_MspInit
 .text.HAL_PCD_MspInit
                0x0000000008000848       0x88 CMakeFiles/salt-stm32.elf.dir/Core/Src/stm32f4xx_hal_msp.c.obj
                0x0000000008000848                HAL_PCD_MspInit
 .text.NMI_Handler
                0x00000000080008d0        0x2 CMakeFiles/salt-stm32.elf.dir/Core/Src/stm32f4xx_it.c.obj
                0x00000000080008d0                NMI_Handler
 .text.HardFault_Handler
                0x00000000080008d2        0x2 CMakeFiles/salt-stm32.elf.dir/Core/Src/stm32f4xx_it.c.obj
                0x00000000080008d2                HardFault_Handler
 .text.MemManage_Handler
                0x00000000080008d4        0x2 CMakeFiles/salt-stm32.elf.dir/Core/Src/stm32f4xx_it.c.obj
                0x00000000080008d4                MemManage_Handler
 .text.BusFault_Handler
                0x00000000080008d6        0x2 CMakeFiles/salt-stm32.elf.dir/Core/Src/stm32f4xx_it.c.obj
                0x00000000080008d6                BusFault_Handler
 .text.UsageFault_Handler
                0x00000000080008d8        0x2 CMakeFiles/salt-stm32.elf.dir/Core/Src/stm32f4xx_it.c.obj
                0x00000000080008d8                UsageFault_Handler
 .text.DebugMon_Handler
                0x00000000080008da        0x2 CMakeFiles/salt-stm32.elf.dir/Core/Src/stm32f4xx_it.c.obj
                0x00000000080008da                DebugMon_Handler
 .text.SysTick_Handler
                0x00000000080008dc       0x16 CMakeFiles/salt-stm32.elf.dir/Core/Src/stm32f4xx_it.c.obj
                0x00000000080008dc                SysTick_Handler
 *fill*         0x00000000080008f2        0x2 
 .text.SystemInit
                0x00000000080008f4       0x14 CMakeFiles/salt-stm32.elf.dir/Core/Src/system_stm32f4xx.c.obj
                0x00000000080008f4                SystemInit
 .text.Reset_Handler
                0x0000000008000908       0x50 CMakeFiles/salt-stm32.elf.dir/Core/Startup/startup_stm32f429zitx.s.obj
                0x0000000008000908                Reset_Handler
 .text.Default_Handler
                0x0000000008000958        0x2 CMakeFiles/salt-stm32.elf.dir/Core/Startup/startup_stm32f429zitx.s.obj
                0x0000000008000958                DMA1_Stream3_IRQHandler
                0x0000000008000958                HASH_RNG_IRQHandler
                0x0000000008000958                EXTI2_IRQHandler
                0x0000000008000958                TIM8_CC_IRQHandler
                0x0000000008000958                UART8_IRQHandler
                0x0000000008000958                SPI4_IRQHandler
                0x0000000008000958                TIM1_CC_IRQHandler
                0x0000000008000958                DMA2_Stream5_IRQHandler
                0x0000000008000958                DMA1_Stream5_IRQHandler
                0x0000000008000958                PVD_IRQHandler
                0x0000000008000958                SDIO_IRQHandler
                0x0000000008000958                TAMP_STAMP_IRQHandler
                0x0000000008000958                CAN2_RX1_IRQHandler
                0x0000000008000958                EXTI3_IRQHandler
                0x0000000008000958                TIM8_TRG_COM_TIM14_IRQHandler
                0x0000000008000958                TIM1_UP_TIM10_IRQHandler
                0x0000000008000958                TIM8_UP_TIM13_IRQHandler
                0x0000000008000958                I2C3_ER_IRQHandler
                0x0000000008000958                EXTI0_IRQHandler
                0x0000000008000958                I2C2_EV_IRQHandler
                0x0000000008000958                DMA1_Stream2_IRQHandler
                0x0000000008000958                CAN1_RX0_IRQHandler
                0x0000000008000958                FPU_IRQHandler
                0x0000000008000958                OTG_HS_WKUP_IRQHandler
                0x0000000008000958                LTDC_ER_IRQHandler
                0x0000000008000958                CAN2_SCE_IRQHandler
                0x0000000008000958                DMA2_Stream2_IRQHandler
                0x0000000008000958                SPI1_IRQHandler
                0x0000000008000958                TIM6_DAC_IRQHandler
                0x0000000008000958                TIM1_BRK_TIM9_IRQHandler
                0x0000000008000958                DCMI_IRQHandler
                0x0000000008000958                CAN2_RX0_IRQHandler
                0x0000000008000958                DMA2_Stream3_IRQHandler
                0x0000000008000958                USART6_IRQHandler
                0x0000000008000958                USART3_IRQHandler
                0x0000000008000958                CAN1_RX1_IRQHandler
                0x0000000008000958                UART5_IRQHandler
                0x0000000008000958                DMA2_Stream0_IRQHandler
                0x0000000008000958                TIM4_IRQHandler
                0x0000000008000958                I2C1_EV_IRQHandler
                0x0000000008000958                DMA1_Stream6_IRQHandler
                0x0000000008000958                DMA1_Stream1_IRQHandler
                0x0000000008000958                UART4_IRQHandler
                0x0000000008000958                TIM3_IRQHandler
                0x0000000008000958                RCC_IRQHandler
                0x0000000008000958                TIM8_BRK_TIM12_IRQHandler
                0x0000000008000958                Default_Handler
                0x0000000008000958                EXTI15_10_IRQHandler
                0x0000000008000958                ADC_IRQHandler
                0x0000000008000958                DMA1_Stream7_IRQHandler
                0x0000000008000958                SPI5_IRQHandler
                0x0000000008000958                TIM7_IRQHandler
                0x0000000008000958                CAN2_TX_IRQHandler
                0x0000000008000958                TIM5_IRQHandler
                0x0000000008000958                DMA2_Stream7_IRQHandler
                0x0000000008000958                I2C3_EV_IRQHandler
                0x0000000008000958                EXTI9_5_IRQHandler
                0x0000000008000958                RTC_WKUP_IRQHandler
                0x0000000008000958                LTDC_IRQHandler
                0x0000000008000958                ETH_WKUP_IRQHandler
                0x0000000008000958                SPI2_IRQHandler
                0x0000000008000958                OTG_HS_EP1_IN_IRQHandler
                0x0000000008000958                DMA1_Stream0_IRQHandler
                0x0000000008000958                CAN1_TX_IRQHandler
                0x0000000008000958                EXTI4_IRQHandler
                0x0000000008000958                ETH_IRQHandler
                0x0000000008000958                OTG_HS_EP1_OUT_IRQHandler
                0x0000000008000958                WWDG_IRQHandler
                0x0000000008000958                SPI6_IRQHandler
                0x0000000008000958                TIM2_IRQHandler
                0x0000000008000958                OTG_FS_WKUP_IRQHandler
                0x0000000008000958                TIM1_TRG_COM_TIM11_IRQHandler
                0x0000000008000958                OTG_HS_IRQHandler
                0x0000000008000958                DMA2D_IRQHandler
                0x0000000008000958                EXTI1_IRQHandler
                0x0000000008000958                UART7_IRQHandler
                0x0000000008000958                USART2_IRQHandler
                0x0000000008000958                I2C2_ER_IRQHandler
                0x0000000008000958                DMA2_Stream1_IRQHandler
                0x0000000008000958                CAN1_SCE_IRQHandler
                0x0000000008000958                FLASH_IRQHandler
                0x0000000008000958                DMA2_Stream4_IRQHandler
                0x0000000008000958                USART1_IRQHandler
                0x0000000008000958                OTG_FS_IRQHandler
                0x0000000008000958                SPI3_IRQHandler
                0x0000000008000958                DMA1_Stream4_IRQHandler
                0x0000000008000958                I2C1_ER_IRQHandler
                0x0000000008000958                FMC_IRQHandler
                0x0000000008000958                DMA2_Stream6_IRQHandler
                0x0000000008000958                SAI1_IRQHandler
                0x0000000008000958                RTC_Alarm_IRQHandler
 *fill*         0x000000000800095a        0x2 
 .text.HAL_InitTick
                0x000000000800095c       0x4c CMakeFiles/salt-stm32.elf.dir/Drivers/STM32F4xx_HAL_Driver/Src/stm32f4xx_hal.c.obj
                0x000000000800095c                HAL_InitTick
 .text.HAL_Init
                0x00000000080009a8       0x34 CMakeFiles/salt-stm32.elf.dir/Drivers/STM32F4xx_HAL_Driver/Src/stm32f4xx_hal.c.obj
                0x00000000080009a8                HAL_Init
 .text.HAL_IncTick
                0x00000000080009dc       0x18 CMakeFiles/salt-stm32.elf.dir/Drivers/STM32F4xx_HAL_Driver/Src/stm32f4xx_hal.c.obj
                0x00000000080009dc                HAL_IncTick
 .text.HAL_GetTick
                0x00000000080009f4        0xc CMakeFiles/salt-stm32.elf.dir/Drivers/STM32F4xx_HAL_Driver/Src/stm32f4xx_hal.c.obj
                0x00000000080009f4                HAL_GetTick
 .text.HAL_Delay
                0x0000000008000a00       0x28 CMakeFiles/salt-stm32.elf.dir/Drivers/STM32F4xx_HAL_Driver/Src/stm32f4xx_hal.c.obj
                0x0000000008000a00                HAL_Delay
 .text.HAL_NVIC_SetPriorityGrouping
                0x0000000008000a28       0x24 CMakeFiles/salt-stm32.elf.dir/Drivers/STM32F4xx_HAL_Driver/Src/stm32f4xx_hal_cortex.c.obj
                0x0000000008000a28                HAL_NVIC_SetPriorityGrouping
 .text.HAL_NVIC_SetPriority
                0x0000000008000a4c       0x70 CMakeFiles/salt-stm32.elf.dir/Drivers/STM32F4xx_HAL_Driver/Src/stm32f4xx_hal_cortex.c.obj
                0x0000000008000a4c                HAL_NVIC_SetPriority
 .text.HAL_SYSTICK_Config
                0x0000000008000abc       0x28 CMakeFiles/salt-stm32.elf.dir/Drivers/STM32F4xx_HAL_Driver/Src/stm32f4xx_hal_cortex.c.obj
                0x0000000008000abc                HAL_SYSTICK_Config
 .text.ETH_MACAddressConfig
                0x0000000008000ae4       0x30 CMakeFiles/salt-stm32.elf.dir/Drivers/STM32F4xx_HAL_Driver/Src/stm32f4xx_hal_eth.c.obj
 .text.ETH_DMATxDescListInit
                0x0000000008000b14       0x6e CMakeFiles/salt-stm32.elf.dir/Drivers/STM32F4xx_HAL_Driver/Src/stm32f4xx_hal_eth.c.obj
 .text.ETH_DMARxDescListInit
                0x0000000008000b82       0x84 CMakeFiles/salt-stm32.elf.dir/Drivers/STM32F4xx_HAL_Driver/Src/stm32f4xx_hal_eth.c.obj
 *fill*         0x0000000008000c06        0x2 
 .text.ETH_SetMACConfig
                0x0000000008000c08       0xfc CMakeFiles/salt-stm32.elf.dir/Drivers/STM32F4xx_HAL_Driver/Src/stm32f4xx_hal_eth.c.obj
 .text.ETH_SetDMAConfig
                0x0000000008000d04       0xc0 CMakeFiles/salt-stm32.elf.dir/Drivers/STM32F4xx_HAL_Driver/Src/stm32f4xx_hal_eth.c.obj
 .text.ETH_MACDMAConfig
                0x0000000008000dc4       0xa2 CMakeFiles/salt-stm32.elf.dir/Drivers/STM32F4xx_HAL_Driver/Src/stm32f4xx_hal_eth.c.obj
 *fill*         0x0000000008000e66        0x2 
 .text.HAL_ETH_Init
                0x0000000008000e68       0xc0 CMakeFiles/salt-stm32.elf.dir/Drivers/STM32F4xx_HAL_Driver/Src/stm32f4xx_hal_eth.c.obj
                0x0000000008000e68                HAL_ETH_Init
 .text.HAL_GPIO_Init
                0x0000000008000f28      0x208 CMakeFiles/salt-stm32.elf.dir/Drivers/STM32F4xx_HAL_Driver/Src/stm32f4xx_hal_gpio.c.obj
                0x0000000008000f28                HAL_GPIO_Init
 .text.HAL_GPIO_WritePin
                0x0000000008001130        0xc CMakeFiles/salt-stm32.elf.dir/Drivers/STM32F4xx_HAL_Driver/Src/stm32f4xx_hal_gpio.c.obj
                0x0000000008001130                HAL_GPIO_WritePin
 .text.HAL_PCD_Init
                0x000000000800113c      0x12e CMakeFiles/salt-stm32.elf.dir/Drivers/STM32F4xx_HAL_Driver/Src/stm32f4xx_hal_pcd.c.obj
                0x000000000800113c                HAL_PCD_Init
 *fill*         0x000000000800126a        0x2 
 .text.HAL_RCC_OscConfig
                0x000000000800126c      0x3f8 CMakeFiles/salt-stm32.elf.dir/Drivers/STM32F4xx_HAL_Driver/Src/stm32f4xx_hal_rcc.c.obj
                0x000000000800126c                HAL_RCC_OscConfig
 .text.HAL_RCC_GetSysClockFreq
                0x0000000008001664       0xdc CMakeFiles/salt-stm32.elf.dir/Drivers/STM32F4xx_HAL_Driver/Src/stm32f4xx_hal_rcc.c.obj
                0x0000000008001664                HAL_RCC_GetSysClockFreq
 .text.HAL_RCC_ClockConfig
                0x0000000008001740      0x160 CMakeFiles/salt-stm32.elf.dir/Drivers/STM32F4xx_HAL_Driver/Src/stm32f4xx_hal_rcc.c.obj
                0x0000000008001740                HAL_RCC_ClockConfig
 .text.HAL_RCC_GetHCLKFreq
                0x00000000080018a0        0xc CMakeFiles/salt-stm32.elf.dir/Drivers/STM32F4xx_HAL_Driver/Src/stm32f4xx_hal_rcc.c.obj
                0x00000000080018a0                HAL_RCC_GetHCLKFreq
 .text.HAL_RCC_GetPCLK1Freq
                0x00000000080018ac       0x20 CMakeFiles/salt-stm32.elf.dir/Drivers/STM32F4xx_HAL_Driver/Src/stm32f4xx_hal_rcc.c.obj
                0x00000000080018ac                HAL_RCC_GetPCLK1Freq
 .text.HAL_RCC_GetPCLK2Freq
                0x00000000080018cc       0x20 CMakeFiles/salt-stm32.elf.dir/Drivers/STM32F4xx_HAL_Driver/Src/stm32f4xx_hal_rcc.c.obj
                0x00000000080018cc                HAL_RCC_GetPCLK2Freq
 .text.UART_SetConfig
                0x00000000080018ec      0x110 CMakeFiles/salt-stm32.elf.dir/Drivers/STM32F4xx_HAL_Driver/Src/stm32f4xx_hal_uart.c.obj
 .text.HAL_UART_Init
                0x00000000080019fc       0x5e CMakeFiles/salt-stm32.elf.dir/Drivers/STM32F4xx_HAL_Driver/Src/stm32f4xx_hal_uart.c.obj
                0x00000000080019fc                HAL_UART_Init
 *fill*         0x0000000008001a5a        0x2 
 .text.USB_CoreReset
                0x0000000008001a5c       0x50 CMakeFiles/salt-stm32.elf.dir/Drivers/STM32F4xx_HAL_Driver/Src/stm32f4xx_ll_usb.c.obj
 .text.USB_CoreInit
                0x0000000008001aac       0x8a CMakeFiles/salt-stm32.elf.dir/Drivers/STM32F4xx_HAL_Driver/Src/stm32f4xx_ll_usb.c.obj
                0x0000000008001aac                USB_CoreInit
 .text.USB_DisableGlobalInt
                0x0000000008001b36        0xc CMakeFiles/salt-stm32.elf.dir/Drivers/STM32F4xx_HAL_Driver/Src/stm32f4xx_ll_usb.c.obj
                0x0000000008001b36                USB_DisableGlobalInt
 *fill*         0x0000000008001b42        0x2 
 .text.USB_FlushTxFifo
                0x0000000008001b44       0x50 CMakeFiles/salt-stm32.elf.dir/Drivers/STM32F4xx_HAL_Driver/Src/stm32f4xx_ll_usb.c.obj
                0x0000000008001b44                USB_FlushTxFifo
 .text.USB_FlushRxFifo
                0x0000000008001b94       0x4c CMakeFiles/salt-stm32.elf.dir/Drivers/STM32F4xx_HAL_Driver/Src/stm32f4xx_ll_usb.c.obj
                0x0000000008001b94                USB_FlushRxFifo
 .text.USB_SetDevSpeed
                0x0000000008001be0        0xe CMakeFiles/salt-stm32.elf.dir/Drivers/STM32F4xx_HAL_Driver/Src/stm32f4xx_ll_usb.c.obj
                0x0000000008001be0                USB_SetDevSpeed
 *fill*         0x0000000008001bee        0x2 
 .text.USB_DevInit
                0x0000000008001bf0      0x190 CMakeFiles/salt-stm32.elf.dir/Drivers/STM32F4xx_HAL_Driver/Src/stm32f4xx_ll_usb.c.obj
                0x0000000008001bf0                USB_DevInit
 .text.USB_DevDisconnect
                0x0000000008001d80       0x1c CMakeFiles/salt-stm32.elf.dir/Drivers/STM32F4xx_HAL_Driver/Src/stm32f4xx_ll_usb.c.obj
                0x0000000008001d80                USB_DevDisconnect
 .text.USB_GetMode
                0x0000000008001d9c        0x8 CMakeFiles/salt-stm32.elf.dir/Drivers/STM32F4xx_HAL_Driver/Src/stm32f4xx_ll_usb.c.obj
                0x0000000008001d9c                USB_GetMode
 .text.USB_SetCurrentMode
                0x0000000008001da4       0x62 CMakeFiles/salt-stm32.elf.dir/Drivers/STM32F4xx_HAL_Driver/Src/stm32f4xx_ll_usb.c.obj
                0x0000000008001da4                USB_SetCurrentMode
 *fill*         0x0000000008001e06        0x2 
 .text.osKernelInitialize
                0x0000000008001e08       0x24 CMakeFiles/salt-stm32.elf.dir/Middlewares/Third_Party/FreeRTOS/Source/CMSIS_RTOS_V2/cmsis_os2.c.obj
                0x0000000008001e08                osKernelInitialize
 .text.osKernelStart
                0x0000000008001e2c       0x38 CMakeFiles/salt-stm32.elf.dir/Middlewares/Third_Party/FreeRTOS/Source/CMSIS_RTOS_V2/cmsis_os2.c.obj
                0x0000000008001e2c                osKernelStart
 .text.osThreadNew
                0x0000000008001e64       0xbc CMakeFiles/salt-stm32.elf.dir/Middlewares/Third_Party/FreeRTOS/Source/CMSIS_RTOS_V2/cmsis_os2.c.obj
                0x0000000008001e64                osThreadNew
 .text.osDelay  0x0000000008001f20       0x1c CMakeFiles/salt-stm32.elf.dir/Middlewares/Third_Party/FreeRTOS/Source/CMSIS_RTOS_V2/cmsis_os2.c.obj
                0x0000000008001f20                osDelay
 .text.vApplicationGetIdleTaskMemory
                0x0000000008001f3c       0x18 CMakeFiles/salt-stm32.elf.dir/Middlewares/Third_Party/FreeRTOS/Source/CMSIS_RTOS_V2/cmsis_os2.c.obj
                0x0000000008001f3c                vApplicationGetIdleTaskMemory
 .text.vApplicationGetTimerTaskMemory
                0x0000000008001f54       0x18 CMakeFiles/salt-stm32.elf.dir/Middlewares/Third_Party/FreeRTOS/Source/CMSIS_RTOS_V2/cmsis_os2.c.obj
                0x0000000008001f54                vApplicationGetTimerTaskMemory
 .text.vListInitialise
                0x0000000008001f6c       0x16 CMakeFiles/salt-stm32.elf.dir/Middlewares/Third_Party/FreeRTOS/Source/list.c.obj
                0x0000000008001f6c                vListInitialise
 .text.vListInitialiseItem
                0x0000000008001f82        0x6 CMakeFiles/salt-stm32.elf.dir/Middlewares/Third_Party/FreeRTOS/Source/list.c.obj
                0x0000000008001f82                vListInitialiseItem
 .text.vListInsertEnd
                0x0000000008001f88       0x16 CMakeFiles/salt-stm32.elf.dir/Middlewares/Third_Party/FreeRTOS/Source/list.c.obj
                0x0000000008001f88                vListInsertEnd
 .text.vListInsert
                0x0000000008001f9e       0x32 CMakeFiles/salt-stm32.elf.dir/Middlewares/Third_Party/FreeRTOS/Source/list.c.obj
                0x0000000008001f9e                vListInsert
 .text.uxListRemove
                0x0000000008001fd0       0x26 CMakeFiles/salt-stm32.elf.dir/Middlewares/Third_Party/FreeRTOS/Source/list.c.obj
                0x0000000008001fd0                uxListRemove
 *fill*         0x0000000008001ff6        0x2 
 .text.prvTaskExitError
                0x0000000008001ff8       0x40 CMakeFiles/salt-stm32.elf.dir/Middlewares/Third_Party/FreeRTOS/Source/portable/GCC/ARM_CM4F/port.c.obj
 .text.prvPortStartFirstTask
                0x0000000008002038       0x28 CMakeFiles/salt-stm32.elf.dir/Middlewares/Third_Party/FreeRTOS/Source/portable/GCC/ARM_CM4F/port.c.obj
 .text.vPortEnableVFP
                0x0000000008002060       0x14 CMakeFiles/salt-stm32.elf.dir/Middlewares/Third_Party/FreeRTOS/Source/portable/GCC/ARM_CM4F/port.c.obj
 .text.pxPortInitialiseStack
                0x0000000008002074       0x2c CMakeFiles/salt-stm32.elf.dir/Middlewares/Third_Party/FreeRTOS/Source/portable/GCC/ARM_CM4F/port.c.obj
                0x0000000008002074                pxPortInitialiseStack
 .text.SVC_Handler
                0x00000000080020a0       0x24 CMakeFiles/salt-stm32.elf.dir/Middlewares/Third_Party/FreeRTOS/Source/portable/GCC/ARM_CM4F/port.c.obj
                0x00000000080020a0                SVC_Handler
 .text.vPortEnterCritical
                0x00000000080020c4       0x44 CMakeFiles/salt-stm32.elf.dir/Middlewares/Third_Party/FreeRTOS/Source/portable/GCC/ARM_CM4F/port.c.obj
                0x00000000080020c4                vPortEnterCritical
 .text.vPortExitCritical
                0x0000000008002108       0x2c CMakeFiles/salt-stm32.elf.dir/Middlewares/Third_Party/FreeRTOS/Source/portable/GCC/ARM_CM4F/port.c.obj
                0x0000000008002108                vPortExitCritical
 *fill*         0x0000000008002134        0xc 
 .text.PendSV_Handler
                0x0000000008002140       0x64 CMakeFiles/salt-stm32.elf.dir/Middlewares/Third_Party/FreeRTOS/Source/portable/GCC/ARM_CM4F/port.c.obj
                0x0000000008002140                PendSV_Handler
 .text.xPortSysTickHandler
                0x00000000080021a4       0x2c CMakeFiles/salt-stm32.elf.dir/Middlewares/Third_Party/FreeRTOS/Source/portable/GCC/ARM_CM4F/port.c.obj
                0x00000000080021a4                xPortSysTickHandler
 .text.vPortSetupTimerInterrupt
                0x00000000080021d0       0x28 CMakeFiles/salt-stm32.elf.dir/Middlewares/Third_Party/FreeRTOS/Source/portable/GCC/ARM_CM4F/port.c.obj
                0x00000000080021d0                vPortSetupTimerInterrupt
 .text.xPortStartScheduler
                0x00000000080021f8      0x118 CMakeFiles/salt-stm32.elf.dir/Middlewares/Third_Party/FreeRTOS/Source/portable/GCC/ARM_CM4F/port.c.obj
                0x00000000080021f8                xPortStartScheduler
 .text.vPortValidateInterruptPriority
                0x0000000008002310       0x5c CMakeFiles/salt-stm32.elf.dir/Middlewares/Third_Party/FreeRTOS/Source/portable/GCC/ARM_CM4F/port.c.obj
                0x0000000008002310                vPortValidateInterruptPriority
 .text.prvHeapInit
                0x000000000800236c       0x64 CMakeFiles/salt-stm32.elf.dir/Middlewares/Third_Party/FreeRTOS/Source/portable/MemMang/heap_4.c.obj
 .text.prvInsertBlockIntoFreeList
                0x00000000080023d0       0x64 CMakeFiles/salt-stm32.elf.dir/Middlewares/Third_Party/FreeRTOS/Source/portable/MemMang/heap_4.c.obj
 .text.pvPortMalloc
                0x0000000008002434       0xfc CMakeFiles/salt-stm32.elf.dir/Middlewares/Third_Party/FreeRTOS/Source/portable/MemMang/heap_4.c.obj
                0x0000000008002434                pvPortMalloc
 .text.vPortFree
                0x0000000008002530       0x7c CMakeFiles/salt-stm32.elf.dir/Middlewares/Third_Party/FreeRTOS/Source/portable/MemMang/heap_4.c.obj
                0x0000000008002530                vPortFree
 .text.prvIsQueueFull
                0x00000000080025ac       0x1e CMakeFiles/salt-stm32.elf.dir/Middlewares/Third_Party/FreeRTOS/Source/queue.c.obj
 .text.prvIsQueueEmpty
                0x00000000080025ca       0x1a CMakeFiles/salt-stm32.elf.dir/Middlewares/Third_Party/FreeRTOS/Source/queue.c.obj
 .text.prvCopyDataToQueue
                0x00000000080025e4       0x76 CMakeFiles/salt-stm32.elf.dir/Middlewares/Third_Party/FreeRTOS/Source/queue.c.obj
 .text.prvCopyDataFromQueue
                0x000000000800265a       0x24 CMakeFiles/salt-stm32.elf.dir/Middlewares/Third_Party/FreeRTOS/Source/queue.c.obj
 .text.prvUnlockQueue
                0x000000000800267e       0x6e CMakeFiles/salt-stm32.elf.dir/Middlewares/Third_Party/FreeRTOS/Source/queue.c.obj
 .text.xQueueGenericReset
                0x00000000080026ec       0x84 CMakeFiles/salt-stm32.elf.dir/Middlewares/Third_Party/FreeRTOS/Source/queue.c.obj
                0x00000000080026ec                xQueueGenericReset
 .text.prvInitialiseNewQueue
                0x0000000008002770       0x22 CMakeFiles/salt-stm32.elf.dir/Middlewares/Third_Party/FreeRTOS/Source/queue.c.obj
 .text.xQueueGenericCreateStatic
                0x0000000008002792       0x94 CMakeFiles/salt-stm32.elf.dir/Middlewares/Third_Party/FreeRTOS/Source/queue.c.obj
                0x0000000008002792                xQueueGenericCreateStatic
 .text.xQueueGenericSend
                0x0000000008002826      0x188 CMakeFiles/salt-stm32.elf.dir/Middlewares/Third_Party/FreeRTOS/Source/queue.c.obj
                0x0000000008002826                xQueueGenericSend
 .text.xQueueGenericSendFromISR
                0x00000000080029ae       0xce CMakeFiles/salt-stm32.elf.dir/Middlewares/Third_Party/FreeRTOS/Source/queue.c.obj
                0x00000000080029ae                xQueueGenericSendFromISR
 .text.xQueueReceive
                0x0000000008002a7c      0x15e CMakeFiles/salt-stm32.elf.dir/Middlewares/Third_Party/FreeRTOS/Source/queue.c.obj
                0x0000000008002a7c                xQueueReceive
 *fill*         0x0000000008002bda        0x2 
 .text.vQueueAddToRegistry
                0x0000000008002bdc       0x28 CMakeFiles/salt-stm32.elf.dir/Middlewares/Third_Party/FreeRTOS/Source/queue.c.obj
                0x0000000008002bdc                vQueueAddToRegistry
 .text.vQueueWaitForMessageRestricted
                0x0000000008002c04       0x52 CMakeFiles/salt-stm32.elf.dir/Middlewares/Third_Party/FreeRTOS/Source/queue.c.obj
                0x0000000008002c04                vQueueWaitForMessageRestricted
 *fill*         0x0000000008002c56        0x2 
 .text.prvResetNextTaskUnblockTime
                0x0000000008002c58       0x2c CMakeFiles/salt-stm32.elf.dir/Middlewares/Third_Party/FreeRTOS/Source/tasks.c.obj
 .text.prvInitialiseNewTask
                0x0000000008002c84       0xa2 CMakeFiles/salt-stm32.elf.dir/Middlewares/Third_Party/FreeRTOS/Source/tasks.c.obj
 *fill*         0x0000000008002d26        0x2 
 .text.prvInitialiseTaskLists
                0x0000000008002d28       0x68 CMakeFiles/salt-stm32.elf.dir/Middlewares/Third_Party/FreeRTOS/Source/tasks.c.obj
 .text.prvAddNewTaskToReadyList
                0x0000000008002d90       0xac CMakeFiles/salt-stm32.elf.dir/Middlewares/Third_Party/FreeRTOS/Source/tasks.c.obj
 .text.prvDeleteTCB
                0x0000000008002e3c       0x38 CMakeFiles/salt-stm32.elf.dir/Middlewares/Third_Party/FreeRTOS/Source/tasks.c.obj
 .text.prvCheckTasksWaitingTermination
                0x0000000008002e74       0x4c CMakeFiles/salt-stm32.elf.dir/Middlewares/Third_Party/FreeRTOS/Source/tasks.c.obj
 .text.prvIdleTask
                0x0000000008002ec0       0x28 CMakeFiles/salt-stm32.elf.dir/Middlewares/Third_Party/FreeRTOS/Source/tasks.c.obj
 .text.prvAddCurrentTaskToDelayedList
                0x0000000008002ee8       0x7c CMakeFiles/salt-stm32.elf.dir/Middlewares/Third_Party/FreeRTOS/Source/tasks.c.obj
 .text.xTaskCreateStatic
                0x0000000008002f64       0x76 CMakeFiles/salt-stm32.elf.dir/Middlewares/Third_Party/FreeRTOS/Source/tasks.c.obj
                0x0000000008002f64                xTaskCreateStatic
 .text.xTaskCreate
                0x0000000008002fda       0x68 CMakeFiles/salt-stm32.elf.dir/Middlewares/Third_Party/FreeRTOS/Source/tasks.c.obj
                0x0000000008002fda                xTaskCreate
 *fill*         0x0000000008003042        0x2 
 .text.vTaskStartScheduler
                0x0000000008003044       0x9c CMakeFiles/salt-stm32.elf.dir/Middlewares/Third_Party/FreeRTOS/Source/tasks.c.obj
                0x0000000008003044                vTaskStartScheduler
 .text.vTaskSuspendAll
                0x00000000080030e0       0x10 CMakeFiles/salt-stm32.elf.dir/Middlewares/Third_Party/FreeRTOS/Source/tasks.c.obj
                0x00000000080030e0                vTaskSuspendAll
 .text.xTaskGetTickCount
                0x00000000080030f0        0xc CMakeFiles/salt-stm32.elf.dir/Middlewares/Third_Party/FreeRTOS/Source/tasks.c.obj
                0x00000000080030f0                xTaskGetTickCount
 .text.xTaskIncrementTick
                0x00000000080030fc      0x118 CMakeFiles/salt-stm32.elf.dir/Middlewares/Third_Party/FreeRTOS/Source/tasks.c.obj
                0x00000000080030fc                xTaskIncrementTick
 .text.xTaskResumeAll
                0x0000000008003214       0xf8 CMakeFiles/salt-stm32.elf.dir/Middlewares/Third_Party/FreeRTOS/Source/tasks.c.obj
                0x0000000008003214                xTaskResumeAll
 .text.vTaskDelay
                0x000000000800330c       0x4c CMakeFiles/salt-stm32.elf.dir/Middlewares/Third_Party/FreeRTOS/Source/tasks.c.obj
                0x000000000800330c                vTaskDelay
 .text.vTaskSwitchContext
                0x0000000008003358       0x94 CMakeFiles/salt-stm32.elf.dir/Middlewares/Third_Party/FreeRTOS/Source/tasks.c.obj
                0x0000000008003358                vTaskSwitchContext
 .text.vTaskPlaceOnEventList
                0x00000000080033ec       0x30 CMakeFiles/salt-stm32.elf.dir/Middlewares/Third_Party/FreeRTOS/Source/tasks.c.obj
                0x00000000080033ec                vTaskPlaceOnEventList
 .text.vTaskPlaceOnEventListRestricted
                0x000000000800341c       0x38 CMakeFiles/salt-stm32.elf.dir/Middlewares/Third_Party/FreeRTOS/Source/tasks.c.obj
                0x000000000800341c                vTaskPlaceOnEventListRestricted
 .text.xTaskRemoveFromEventList
                0x0000000008003454       0x8c CMakeFiles/salt-stm32.elf.dir/Middlewares/Third_Party/FreeRTOS/Source/tasks.c.obj
                0x0000000008003454                xTaskRemoveFromEventList
 .text.vTaskInternalSetTimeOutState
                0x00000000080034e0       0x18 CMakeFiles/salt-stm32.elf.dir/Middlewares/Third_Party/FreeRTOS/Source/tasks.c.obj
                0x00000000080034e0                vTaskInternalSetTimeOutState
 .text.xTaskCheckForTimeOut
                0x00000000080034f8       0x84 CMakeFiles/salt-stm32.elf.dir/Middlewares/Third_Party/FreeRTOS/Source/tasks.c.obj
                0x00000000080034f8                xTaskCheckForTimeOut
 .text.vTaskMissedYield
                0x000000000800357c        0xc CMakeFiles/salt-stm32.elf.dir/Middlewares/Third_Party/FreeRTOS/Source/tasks.c.obj
                0x000000000800357c                vTaskMissedYield
 .text.xTaskGetSchedulerState
                0x0000000008003588       0x20 CMakeFiles/salt-stm32.elf.dir/Middlewares/Third_Party/FreeRTOS/Source/tasks.c.obj
                0x0000000008003588                xTaskGetSchedulerState
 .text.xTaskPriorityDisinherit
                0x00000000080035a8       0x90 CMakeFiles/salt-stm32.elf.dir/Middlewares/Third_Party/FreeRTOS/Source/tasks.c.obj
                0x00000000080035a8                xTaskPriorityDisinherit
 .text.prvGetNextExpireTime
                0x0000000008003638       0x20 CMakeFiles/salt-stm32.elf.dir/Middlewares/Third_Party/FreeRTOS/Source/timers.c.obj
 .text.prvInsertTimerInActiveList
                0x0000000008003658       0x48 CMakeFiles/salt-stm32.elf.dir/Middlewares/Third_Party/FreeRTOS/Source/timers.c.obj
 .text.prvCheckForValidListAndQueue
                0x00000000080036a0       0x70 CMakeFiles/salt-stm32.elf.dir/Middlewares/Third_Party/FreeRTOS/Source/timers.c.obj
 .text.xTimerCreateTimerTask
                0x0000000008003710       0x64 CMakeFiles/salt-stm32.elf.dir/Middlewares/Third_Party/FreeRTOS/Source/timers.c.obj
                0x0000000008003710                xTimerCreateTimerTask
 .text.xTimerGenericCommand
                0x0000000008003774       0x6c CMakeFiles/salt-stm32.elf.dir/Middlewares/Third_Party/FreeRTOS/Source/timers.c.obj
                0x0000000008003774                xTimerGenericCommand
 .text.prvSwitchTimerLists
                0x00000000080037e0       0x7c CMakeFiles/salt-stm32.elf.dir/Middlewares/Third_Party/FreeRTOS/Source/timers.c.obj
 .text.prvSampleTimeNow
                0x000000000800385c       0x2c CMakeFiles/salt-stm32.elf.dir/Middlewares/Third_Party/FreeRTOS/Source/timers.c.obj
 .text.prvProcessExpiredTimer
                0x0000000008003888       0x6c CMakeFiles/salt-stm32.elf.dir/Middlewares/Third_Party/FreeRTOS/Source/timers.c.obj
 .text.prvProcessTimerOrBlockTask
                0x00000000080038f4       0x74 CMakeFiles/salt-stm32.elf.dir/Middlewares/Third_Party/FreeRTOS/Source/timers.c.obj
 .text.prvProcessReceivedCommands
                0x0000000008003968      0x10c CMakeFiles/salt-stm32.elf.dir/Middlewares/Third_Party/FreeRTOS/Source/timers.c.obj
 .text.prvTimerTask
                0x0000000008003a74       0x16 CMakeFiles/salt-stm32.elf.dir/Middlewares/Third_Party/FreeRTOS/Source/timers.c.obj
 *fill*         0x0000000008003a8a        0x2 
 .text.__udivmoddi4
                0x0000000008003a8c      0x2c8 /Applications/ArmGNUToolchain/11.3.rel1/arm-none-eabi/bin/../lib/gcc/arm-none-eabi/11.3.1/thumb/v7e-m+fp/hard/libgcc.a(_udivmoddi4.o)
                0x0000000008003a8c                __udivmoddi4
 .text.memset   0x0000000008003d54       0xa4 /Applications/ArmGNUToolchain/11.3.rel1/arm-none-eabi/bin/../lib/gcc/arm-none-eabi/11.3.1/../../../../arm-none-eabi/lib/thumb/v7e-m+fp/hard/libg.a(libc_a-memset.o)
                0x0000000008003d54                memset
 .text.__libc_init_array
                0x0000000008003df8       0x48 /Applications/ArmGNUToolchain/11.3.rel1/arm-none-eabi/bin/../lib/gcc/arm-none-eabi/11.3.1/../../../../arm-none-eabi/lib/thumb/v7e-m+fp/hard/libg.a(libc_a-init.o)
                0x0000000008003df8                __libc_init_array
 .text.__retarget_lock_acquire_recursive
                0x0000000008003e40        0x4 /Applications/ArmGNUToolchain/11.3.rel1/arm-none-eabi/bin/../lib/gcc/arm-none-eabi/11.3.1/../../../../arm-none-eabi/lib/thumb/v7e-m+fp/hard/libg.a(libc_a-lock.o)
                0x0000000008003e40                __retarget_lock_acquire_recursive
 .text.__retarget_lock_release_recursive
                0x0000000008003e44        0x4 /Applications/ArmGNUToolchain/11.3.rel1/arm-none-eabi/bin/../lib/gcc/arm-none-eabi/11.3.1/../../../../arm-none-eabi/lib/thumb/v7e-m+fp/hard/libg.a(libc_a-lock.o)
                0x0000000008003e44                __retarget_lock_release_recursive
 .text.startup.register_fini
                0x0000000008003e48       0x14 /Applications/ArmGNUToolchain/11.3.rel1/arm-none-eabi/bin/../lib/gcc/arm-none-eabi/11.3.1/../../../../arm-none-eabi/lib/thumb/v7e-m+fp/hard/libg.a(libc_a-__call_atexit.o)
 .text.atexit   0x0000000008003e5c        0xc /Applications/ArmGNUToolchain/11.3.rel1/arm-none-eabi/bin/../lib/gcc/arm-none-eabi/11.3.1/../../../../arm-none-eabi/lib/thumb/v7e-m+fp/hard/libg.a(libc_a-atexit.o)
                0x0000000008003e5c                atexit
 .text.__libc_fini_array
                0x0000000008003e68       0x28 /Applications/ArmGNUToolchain/11.3.rel1/arm-none-eabi/bin/../lib/gcc/arm-none-eabi/11.3.1/../../../../arm-none-eabi/lib/thumb/v7e-m+fp/hard/libg.a(libc_a-fini.o)
                0x0000000008003e68                __libc_fini_array
 .text.__register_exitproc
                0x0000000008003e90       0x88 /Applications/ArmGNUToolchain/11.3.rel1/arm-none-eabi/bin/../lib/gcc/arm-none-eabi/11.3.1/../../../../arm-none-eabi/lib/thumb/v7e-m+fp/hard/libg.a(libc_a-__atexit.o)
                0x0000000008003e90                __register_exitproc
 *(.glue_7)
 .glue_7        0x0000000008003f18        0x0 linker stubs
 *(.glue_7t)
 .glue_7t       0x0000000008003f18        0x0 linker stubs
 *(.eh_frame)
 .eh_frame      0x0000000008003f18        0x0 /Applications/ArmGNUToolchain/11.3.rel1/arm-none-eabi/bin/../lib/gcc/arm-none-eabi/11.3.1/thumb/v7e-m+fp/hard/crtbegin.o
 *(.init)
 .init          0x0000000008003f18        0x4 /Applications/ArmGNUToolchain/11.3.rel1/arm-none-eabi/bin/../lib/gcc/arm-none-eabi/11.3.1/thumb/v7e-m+fp/hard/crti.o
                0x0000000008003f18                _init
 .init          0x0000000008003f1c        0x8 /Applications/ArmGNUToolchain/11.3.rel1/arm-none-eabi/bin/../lib/gcc/arm-none-eabi/11.3.1/thumb/v7e-m+fp/hard/crtn.o
 *(.fini)
 .fini          0x0000000008003f24        0x4 /Applications/ArmGNUToolchain/11.3.rel1/arm-none-eabi/bin/../lib/gcc/arm-none-eabi/11.3.1/thumb/v7e-m+fp/hard/crti.o
                0x0000000008003f24                _fini
 .fini          0x0000000008003f28        0x8 /Applications/ArmGNUToolchain/11.3.rel1/arm-none-eabi/bin/../lib/gcc/arm-none-eabi/11.3.1/thumb/v7e-m+fp/hard/crtn.o
                0x0000000008003f30                . = ALIGN (0x4)
                0x0000000008003f30                _etext = .

.vfp11_veneer   0x0000000008003f30        0x0
 .vfp11_veneer  0x0000000008003f30        0x0 linker stubs

.v4_bx          0x0000000008003f30        0x0
 .v4_bx         0x0000000008003f30        0x0 linker stubs

.iplt           0x0000000008003f30        0x0
 .iplt          0x0000000008003f30        0x0 /Applications/ArmGNUToolchain/11.3.rel1/arm-none-eabi/bin/../lib/gcc/arm-none-eabi/11.3.1/thumb/v7e-m+fp/hard/crtbegin.o

.rodata         0x0000000008003f30       0x60
                0x0000000008003f30                . = ALIGN (0x4)
 *(.rodata)
 *(.rodata*)
 .rodata.str1.4
                0x0000000008003f30        0xc CMakeFiles/salt-stm32.elf.dir/Core/Src/main.c.obj
 .rodata.defaultTask_attributes
                0x0000000008003f3c       0x24 CMakeFiles/salt-stm32.elf.dir/Core/Src/main.c.obj
                0x0000000008003f3c                defaultTask_attributes
 .rodata.AHBPrescTable
                0x0000000008003f60       0x10 CMakeFiles/salt-stm32.elf.dir/Core/Src/system_stm32f4xx.c.obj
                0x0000000008003f60                AHBPrescTable
 .rodata.APBPrescTable
                0x0000000008003f70        0x8 CMakeFiles/salt-stm32.elf.dir/Core/Src/system_stm32f4xx.c.obj
                0x0000000008003f70                APBPrescTable
 .rodata.vTaskStartScheduler.str1.4
                0x0000000008003f78        0x5 CMakeFiles/salt-stm32.elf.dir/Middlewares/Third_Party/FreeRTOS/Source/tasks.c.obj
 *fill*         0x0000000008003f7d        0x3 
 .rodata.prvCheckForValidListAndQueue.str1.4
                0x0000000008003f80        0x5 CMakeFiles/salt-stm32.elf.dir/Middlewares/Third_Party/FreeRTOS/Source/timers.c.obj
 *fill*         0x0000000008003f85        0x3 
 .rodata.xTimerCreateTimerTask.str1.4
                0x0000000008003f88        0x8 CMakeFiles/salt-stm32.elf.dir/Middlewares/Third_Party/FreeRTOS/Source/timers.c.obj
                0x0000000008003f90                . = ALIGN (0x4)

.ARM.extab      0x0000000008003f90        0x0
                0x0000000008003f90                . = ALIGN (0x4)
 *(.ARM.extab* .gnu.linkonce.armextab.*)
                0x0000000008003f90                . = ALIGN (0x4)

.ARM            0x0000000008003f90        0x8
                0x0000000008003f90                . = ALIGN (0x4)
                0x0000000008003f90                __exidx_start = .
 *(.ARM.exidx*)
 .ARM.exidx.text.__udivmoddi4
                0x0000000008003f90        0x8 /Applications/ArmGNUToolchain/11.3.rel1/arm-none-eabi/bin/../lib/gcc/arm-none-eabi/11.3.1/thumb/v7e-m+fp/hard/libgcc.a(_udivmoddi4.o)
                0x0000000008003f98                __exidx_end = .
                0x0000000008003f98                . = ALIGN (0x4)

.rel.dyn        0x0000000008003f98        0x0
 .rel.iplt      0x0000000008003f98        0x0 /Applications/ArmGNUToolchain/11.3.rel1/arm-none-eabi/bin/../lib/gcc/arm-none-eabi/11.3.1/thumb/v7e-m+fp/hard/crtbegin.o

.preinit_array  0x0000000008003f98        0x0
                0x0000000008003f98                . = ALIGN (0x4)
                0x0000000008003f98                PROVIDE (__preinit_array_start = .)
 *(.preinit_array*)
                0x0000000008003f98                PROVIDE (__preinit_array_end = .)
                0x0000000008003f98                . = ALIGN (0x4)

.init_array     0x0000000008003f98        0x8
                0x0000000008003f98                . = ALIGN (0x4)
                0x0000000008003f98                PROVIDE (__init_array_start = .)
 *(SORT_BY_NAME(.init_array.*))
 .init_array.00000
                0x0000000008003f98        0x4 /Applications/ArmGNUToolchain/11.3.rel1/arm-none-eabi/bin/../lib/gcc/arm-none-eabi/11.3.1/../../../../arm-none-eabi/lib/thumb/v7e-m+fp/hard/libg.a(libc_a-__call_atexit.o)
 *(.init_array*)
 .init_array    0x0000000008003f9c        0x4 /Applications/ArmGNUToolchain/11.3.rel1/arm-none-eabi/bin/../lib/gcc/arm-none-eabi/11.3.1/thumb/v7e-m+fp/hard/crtbegin.o
                0x0000000008003fa0                PROVIDE (__init_array_end = .)
                0x0000000008003fa0                . = ALIGN (0x4)

.fini_array     0x0000000008003fa0        0x4
                0x0000000008003fa0                . = ALIGN (0x4)
                0x0000000008003fa0                PROVIDE (__fini_array_start = .)
 *(SORT_BY_NAME(.fini_array.*))
 *(.fini_array*)
 .fini_array    0x0000000008003fa0        0x4 /Applications/ArmGNUToolchain/11.3.rel1/arm-none-eabi/bin/../lib/gcc/arm-none-eabi/11.3.1/thumb/v7e-m+fp/hard/crtbegin.o
                0x0000000008003fa4                PROVIDE (__fini_array_end = .)
                0x0000000008003fa4                . = ALIGN (0x4)
                0x0000000008003fa4                _sidata = LOADADDR (.data)

.data           0x0000000020000000       0x14 load address 0x0000000008003fa4
                0x0000000020000000                . = ALIGN (0x4)
                0x0000000020000000                _sdata = .
 *(.data)
 *(.data*)
 .data.SystemCoreClock
                0x0000000020000000        0x4 CMakeFiles/salt-stm32.elf.dir/Core/Src/system_stm32f4xx.c.obj
                0x0000000020000000                SystemCoreClock
 .data.uwTickFreq
                0x0000000020000004        0x1 CMakeFiles/salt-stm32.elf.dir/Drivers/STM32F4xx_HAL_Driver/Src/stm32f4xx_hal.c.obj
                0x0000000020000004                uwTickFreq
 *fill*         0x0000000020000005        0x3 
 .data.uwTickPrio
                0x0000000020000008        0x4 CMakeFiles/salt-stm32.elf.dir/Drivers/STM32F4xx_HAL_Driver/Src/stm32f4xx_hal.c.obj
                0x0000000020000008                uwTickPrio
 .data.uxCriticalNesting
                0x000000002000000c        0x4 CMakeFiles/salt-stm32.elf.dir/Middlewares/Third_Party/FreeRTOS/Source/portable/GCC/ARM_CM4F/port.c.obj
 .data.__atexit_recursive_mutex
                0x0000000020000010        0x4 /Applications/ArmGNUToolchain/11.3.rel1/arm-none-eabi/bin/../lib/gcc/arm-none-eabi/11.3.1/../../../../arm-none-eabi/lib/thumb/v7e-m+fp/hard/libg.a(libc_a-__call_atexit.o)
                0x0000000020000010                __atexit_recursive_mutex
 *(.RamFunc)
 *(.RamFunc*)
                0x0000000020000014                . = ALIGN (0x4)
                0x0000000020000014                _edata = .
                0x0000000008003fb8                _siccmram = LOADADDR (.ccmram)

.tm_clone_table
                0x0000000020000014        0x0 load address 0x0000000008003fb8
 .tm_clone_table
                0x0000000020000014        0x0 /Applications/ArmGNUToolchain/11.3.rel1/arm-none-eabi/bin/../lib/gcc/arm-none-eabi/11.3.1/thumb/v7e-m+fp/hard/crtbegin.o
 .tm_clone_table
                0x0000000020000014        0x0 /Applications/ArmGNUToolchain/11.3.rel1/arm-none-eabi/bin/../lib/gcc/arm-none-eabi/11.3.1/thumb/v7e-m+fp/hard/crtend.o

.igot.plt       0x0000000020000014        0x0 load address 0x0000000008003fb8
 .igot.plt      0x0000000020000014        0x0 /Applications/ArmGNUToolchain/11.3.rel1/arm-none-eabi/bin/../lib/gcc/arm-none-eabi/11.3.1/thumb/v7e-m+fp/hard/crtbegin.o

.ccmram         0x0000000010000000        0x0 load address 0x0000000008003fb8
                0x0000000010000000                . = ALIGN (0x4)
                0x0000000010000000                _sccmram = .
 *(.ccmram)
 *(.ccmram*)
                0x0000000010000000                . = ALIGN (0x4)
                0x0000000010000000                _eccmram = .
                0x0000000010000000                . = ALIGN (0x4)

.bss            0x0000000020000014     0x528c
                0x0000000020000014                _sbss = .
                0x0000000020000014                __bss_start__ = _sbss
 *(.bss)
 *(.bss*)
 .bss.completed.1
                0x0000000020000014        0x1 /Applications/ArmGNUToolchain/11.3.rel1/arm-none-eabi/bin/../lib/gcc/arm-none-eabi/11.3.1/thumb/v7e-m+fp/hard/crtbegin.o
 *fill*         0x0000000020000015        0x3 
 .bss.object.0  0x0000000020000018       0x18 /Applications/ArmGNUToolchain/11.3.rel1/arm-none-eabi/bin/../lib/gcc/arm-none-eabi/11.3.1/thumb/v7e-m+fp/hard/crtbegin.o
 .bss.DMARxDscrTab
                0x0000000020000030       0xa0 CMakeFiles/salt-stm32.elf.dir/Core/Src/main.c.obj
                0x0000000020000030                DMARxDscrTab
 .bss.DMATxDscrTab
                0x00000000200000d0       0xa0 CMakeFiles/salt-stm32.elf.dir/Core/Src/main.c.obj
                0x00000000200000d0                DMATxDscrTab
 .bss.MACAddr.0
                0x0000000020000170        0x6 CMakeFiles/salt-stm32.elf.dir/Core/Src/main.c.obj
 *fill*         0x0000000020000176        0x2 
 .bss.TxConfig  0x0000000020000178       0x38 CMakeFiles/salt-stm32.elf.dir/Core/Src/main.c.obj
                0x0000000020000178                TxConfig
 .bss.defaultTaskHandle
                0x00000000200001b0        0x4 CMakeFiles/salt-stm32.elf.dir/Core/Src/main.c.obj
                0x00000000200001b0                defaultTaskHandle
 .bss.heth      0x00000000200001b4       0xb0 CMakeFiles/salt-stm32.elf.dir/Core/Src/main.c.obj
                0x00000000200001b4                heth
 .bss.hpcd_USB_OTG_FS
                0x0000000020000264      0x50c CMakeFiles/salt-stm32.elf.dir/Core/Src/main.c.obj
                0x0000000020000264                hpcd_USB_OTG_FS
 .bss.huart3    0x0000000020000770       0x44 CMakeFiles/salt-stm32.elf.dir/Core/Src/main.c.obj
                0x0000000020000770                huart3
 .bss.uwTick    0x00000000200007b4        0x4 CMakeFiles/salt-stm32.elf.dir/Drivers/STM32F4xx_HAL_Driver/Src/stm32f4xx_hal.c.obj
                0x00000000200007b4                uwTick
 .bss.Idle_Stack.2
                0x00000000200007b8      0x200 CMakeFiles/salt-stm32.elf.dir/Middlewares/Third_Party/FreeRTOS/Source/CMSIS_RTOS_V2/cmsis_os2.c.obj
 .bss.Idle_TCB.3
                0x00000000200009b8       0x5c CMakeFiles/salt-stm32.elf.dir/Middlewares/Third_Party/FreeRTOS/Source/CMSIS_RTOS_V2/cmsis_os2.c.obj
 .bss.KernelState
                0x0000000020000a14        0x4 CMakeFiles/salt-stm32.elf.dir/Middlewares/Third_Party/FreeRTOS/Source/CMSIS_RTOS_V2/cmsis_os2.c.obj
 .bss.Timer_Stack.0
                0x0000000020000a18      0x400 CMakeFiles/salt-stm32.elf.dir/Middlewares/Third_Party/FreeRTOS/Source/CMSIS_RTOS_V2/cmsis_os2.c.obj
 .bss.Timer_TCB.1
                0x0000000020000e18       0x5c CMakeFiles/salt-stm32.elf.dir/Middlewares/Third_Party/FreeRTOS/Source/CMSIS_RTOS_V2/cmsis_os2.c.obj
 .bss.ucMaxSysCallPriority
                0x0000000020000e74        0x1 CMakeFiles/salt-stm32.elf.dir/Middlewares/Third_Party/FreeRTOS/Source/portable/GCC/ARM_CM4F/port.c.obj
 *fill*         0x0000000020000e75        0x3 
 .bss.ulMaxPRIGROUPValue
                0x0000000020000e78        0x4 CMakeFiles/salt-stm32.elf.dir/Middlewares/Third_Party/FreeRTOS/Source/portable/GCC/ARM_CM4F/port.c.obj
 .bss.pxEnd     0x0000000020000e7c        0x4 CMakeFiles/salt-stm32.elf.dir/Middlewares/Third_Party/FreeRTOS/Source/portable/MemMang/heap_4.c.obj
 .bss.ucHeap    0x0000000020000e80     0x3c00 CMakeFiles/salt-stm32.elf.dir/Middlewares/Third_Party/FreeRTOS/Source/portable/MemMang/heap_4.c.obj
 .bss.xBlockAllocatedBit
                0x0000000020004a80        0x4 CMakeFiles/salt-stm32.elf.dir/Middlewares/Third_Party/FreeRTOS/Source/portable/MemMang/heap_4.c.obj
 .bss.xFreeBytesRemaining
                0x0000000020004a84        0x4 CMakeFiles/salt-stm32.elf.dir/Middlewares/Third_Party/FreeRTOS/Source/portable/MemMang/heap_4.c.obj
 .bss.xMinimumEverFreeBytesRemaining
                0x0000000020004a88        0x4 CMakeFiles/salt-stm32.elf.dir/Middlewares/Third_Party/FreeRTOS/Source/portable/MemMang/heap_4.c.obj
 .bss.xNumberOfSuccessfulAllocations
                0x0000000020004a8c        0x4 CMakeFiles/salt-stm32.elf.dir/Middlewares/Third_Party/FreeRTOS/Source/portable/MemMang/heap_4.c.obj
 .bss.xNumberOfSuccessfulFrees
                0x0000000020004a90        0x4 CMakeFiles/salt-stm32.elf.dir/Middlewares/Third_Party/FreeRTOS/Source/portable/MemMang/heap_4.c.obj
 .bss.xStart    0x0000000020004a94        0x8 CMakeFiles/salt-stm32.elf.dir/Middlewares/Third_Party/FreeRTOS/Source/portable/MemMang/heap_4.c.obj
 .bss.xQueueRegistry
                0x0000000020004a9c       0x40 CMakeFiles/salt-stm32.elf.dir/Middlewares/Third_Party/FreeRTOS/Source/queue.c.obj
                0x0000000020004a9c                xQueueRegistry
 .bss.pxCurrentTCB
                0x0000000020004adc        0x4 CMakeFiles/salt-stm32.elf.dir/Middlewares/Third_Party/FreeRTOS/Source/tasks.c.obj
                0x0000000020004adc                pxCurrentTCB
 .bss.pxDelayedTaskList
                0x0000000020004ae0        0x4 CMakeFiles/salt-stm32.elf.dir/Middlewares/Third_Party/FreeRTOS/Source/tasks.c.obj
 .bss.pxOverflowDelayedTaskList
                0x0000000020004ae4        0x4 CMakeFiles/salt-stm32.elf.dir/Middlewares/Third_Party/FreeRTOS/Source/tasks.c.obj
 .bss.pxReadyTasksLists
                0x0000000020004ae8      0x460 CMakeFiles/salt-stm32.elf.dir/Middlewares/Third_Party/FreeRTOS/Source/tasks.c.obj
 .bss.uxCurrentNumberOfTasks
                0x0000000020004f48        0x4 CMakeFiles/salt-stm32.elf.dir/Middlewares/Third_Party/FreeRTOS/Source/tasks.c.obj
 .bss.uxDeletedTasksWaitingCleanUp
                0x0000000020004f4c        0x4 CMakeFiles/salt-stm32.elf.dir/Middlewares/Third_Party/FreeRTOS/Source/tasks.c.obj
 .bss.uxSchedulerSuspended
                0x0000000020004f50        0x4 CMakeFiles/salt-stm32.elf.dir/Middlewares/Third_Party/FreeRTOS/Source/tasks.c.obj
 .bss.uxTaskNumber
                0x0000000020004f54        0x4 CMakeFiles/salt-stm32.elf.dir/Middlewares/Third_Party/FreeRTOS/Source/tasks.c.obj
 .bss.uxTopReadyPriority
                0x0000000020004f58        0x4 CMakeFiles/salt-stm32.elf.dir/Middlewares/Third_Party/FreeRTOS/Source/tasks.c.obj
 .bss.xDelayedTaskList1
                0x0000000020004f5c       0x14 CMakeFiles/salt-stm32.elf.dir/Middlewares/Third_Party/FreeRTOS/Source/tasks.c.obj
 .bss.xDelayedTaskList2
                0x0000000020004f70       0x14 CMakeFiles/salt-stm32.elf.dir/Middlewares/Third_Party/FreeRTOS/Source/tasks.c.obj
 .bss.xIdleTaskHandle
                0x0000000020004f84        0x4 CMakeFiles/salt-stm32.elf.dir/Middlewares/Third_Party/FreeRTOS/Source/tasks.c.obj
 .bss.xNextTaskUnblockTime
                0x0000000020004f88        0x4 CMakeFiles/salt-stm32.elf.dir/Middlewares/Third_Party/FreeRTOS/Source/tasks.c.obj
 .bss.xNumOfOverflows
                0x0000000020004f8c        0x4 CMakeFiles/salt-stm32.elf.dir/Middlewares/Third_Party/FreeRTOS/Source/tasks.c.obj
 .bss.xPendedTicks
                0x0000000020004f90        0x4 CMakeFiles/salt-stm32.elf.dir/Middlewares/Third_Party/FreeRTOS/Source/tasks.c.obj
 .bss.xPendingReadyList
                0x0000000020004f94       0x14 CMakeFiles/salt-stm32.elf.dir/Middlewares/Third_Party/FreeRTOS/Source/tasks.c.obj
 .bss.xSchedulerRunning
                0x0000000020004fa8        0x4 CMakeFiles/salt-stm32.elf.dir/Middlewares/Third_Party/FreeRTOS/Source/tasks.c.obj
 .bss.xSuspendedTaskList
                0x0000000020004fac       0x14 CMakeFiles/salt-stm32.elf.dir/Middlewares/Third_Party/FreeRTOS/Source/tasks.c.obj
 .bss.xTasksWaitingTermination
                0x0000000020004fc0       0x14 CMakeFiles/salt-stm32.elf.dir/Middlewares/Third_Party/FreeRTOS/Source/tasks.c.obj
 .bss.xTickCount
                0x0000000020004fd4        0x4 CMakeFiles/salt-stm32.elf.dir/Middlewares/Third_Party/FreeRTOS/Source/tasks.c.obj
 .bss.xYieldPending
                0x0000000020004fd8        0x4 CMakeFiles/salt-stm32.elf.dir/Middlewares/Third_Party/FreeRTOS/Source/tasks.c.obj
 .bss.pxCurrentTimerList
                0x0000000020004fdc        0x4 CMakeFiles/salt-stm32.elf.dir/Middlewares/Third_Party/FreeRTOS/Source/timers.c.obj
 .bss.pxOverflowTimerList
                0x0000000020004fe0        0x4 CMakeFiles/salt-stm32.elf.dir/Middlewares/Third_Party/FreeRTOS/Source/timers.c.obj
 .bss.ucStaticTimerQueueStorage.1
                0x0000000020004fe4       0xa0 CMakeFiles/salt-stm32.elf.dir/Middlewares/Third_Party/FreeRTOS/Source/timers.c.obj
 .bss.xActiveTimerList1
                0x0000000020005084       0x14 CMakeFiles/salt-stm32.elf.dir/Middlewares/Third_Party/FreeRTOS/Source/timers.c.obj
 .bss.xActiveTimerList2
                0x0000000020005098       0x14 CMakeFiles/salt-stm32.elf.dir/Middlewares/Third_Party/FreeRTOS/Source/timers.c.obj
 .bss.xLastTime.2
                0x00000000200050ac        0x4 CMakeFiles/salt-stm32.elf.dir/Middlewares/Third_Party/FreeRTOS/Source/timers.c.obj
 .bss.xStaticTimerQueue.0
                0x00000000200050b0       0x50 CMakeFiles/salt-stm32.elf.dir/Middlewares/Third_Party/FreeRTOS/Source/timers.c.obj
 .bss.xTimerQueue
                0x0000000020005100        0x4 CMakeFiles/salt-stm32.elf.dir/Middlewares/Third_Party/FreeRTOS/Source/timers.c.obj
 .bss.xTimerTaskHandle
                0x0000000020005104        0x4 CMakeFiles/salt-stm32.elf.dir/Middlewares/Third_Party/FreeRTOS/Source/timers.c.obj
 .bss.__lock___atexit_recursive_mutex
                0x0000000020005108        0x1 /Applications/ArmGNUToolchain/11.3.rel1/arm-none-eabi/bin/../lib/gcc/arm-none-eabi/11.3.1/../../../../arm-none-eabi/lib/thumb/v7e-m+fp/hard/libg.a(libc_a-lock.o)
                0x0000000020005108                __lock___atexit_recursive_mutex
 *fill*         0x0000000020005109        0x3 
 .bss.__atexit  0x000000002000510c        0x4 /Applications/ArmGNUToolchain/11.3.rel1/arm-none-eabi/bin/../lib/gcc/arm-none-eabi/11.3.1/../../../../arm-none-eabi/lib/thumb/v7e-m+fp/hard/libg.a(libc_a-__call_atexit.o)
                0x000000002000510c                __atexit
 .bss.__atexit0
                0x0000000020005110      0x190 /Applications/ArmGNUToolchain/11.3.rel1/arm-none-eabi/bin/../lib/gcc/arm-none-eabi/11.3.1/../../../../arm-none-eabi/lib/thumb/v7e-m+fp/hard/libg.a(libc_a-__atexit.o)
                0x0000000020005110                __atexit0
 *(COMMON)
                0x00000000200052a0                . = ALIGN (0x4)
                0x00000000200052a0                _ebss = .
                0x00000000200052a0                __bss_end__ = _ebss

._user_heap_stack
                0x00000000200052a0      0x600
                0x00000000200052a0                . = ALIGN (0x8)
                [!provide]                        PROVIDE (end = .)
                0x00000000200052a0                PROVIDE (_end = .)
                0x00000000200054a0                . = (. + _Min_Heap_Size)
 *fill*         0x00000000200052a0      0x200 
                0x00000000200058a0                . = (. + _Min_Stack_Size)
 *fill*         0x00000000200054a0      0x400 
                0x00000000200058a0                . = ALIGN (0x8)

/DISCARD/
 libc.a(*)
 libm.a(*)
 libgcc.a(*)

.ARM.attributes
                0x0000000000000000       0x30
 *(.ARM.attributes)
 .ARM.attributes
                0x0000000000000000       0x1e /Applications/ArmGNUToolchain/11.3.rel1/arm-none-eabi/bin/../lib/gcc/arm-none-eabi/11.3.1/thumb/v7e-m+fp/hard/crti.o
 .ARM.attributes
                0x000000000000001e       0x34 /Applications/ArmGNUToolchain/11.3.rel1/arm-none-eabi/bin/../lib/gcc/arm-none-eabi/11.3.1/thumb/v7e-m+fp/hard/crtbegin.o
 .ARM.attributes
                0x0000000000000052       0x34 CMakeFiles/salt-stm32.elf.dir/Core/Src/main.c.obj
 .ARM.attributes
                0x0000000000000086       0x34 CMakeFiles/salt-stm32.elf.dir/Core/Src/stm32f4xx_hal_msp.c.obj
 .ARM.attributes
                0x00000000000000ba       0x34 CMakeFiles/salt-stm32.elf.dir/Core/Src/stm32f4xx_it.c.obj
 .ARM.attributes
                0x00000000000000ee       0x34 CMakeFiles/salt-stm32.elf.dir/Core/Src/system_stm32f4xx.c.obj
 .ARM.attributes
                0x0000000000000122       0x21 CMakeFiles/salt-stm32.elf.dir/Core/Startup/startup_stm32f429zitx.s.obj
 .ARM.attributes
                0x0000000000000143       0x34 CMakeFiles/salt-stm32.elf.dir/Drivers/STM32F4xx_HAL_Driver/Src/stm32f4xx_hal.c.obj
 .ARM.attributes
                0x0000000000000177       0x34 CMakeFiles/salt-stm32.elf.dir/Drivers/STM32F4xx_HAL_Driver/Src/stm32f4xx_hal_cortex.c.obj
 .ARM.attributes
                0x00000000000001ab       0x34 CMakeFiles/salt-stm32.elf.dir/Drivers/STM32F4xx_HAL_Driver/Src/stm32f4xx_hal_eth.c.obj
 .ARM.attributes
                0x00000000000001df       0x34 CMakeFiles/salt-stm32.elf.dir/Drivers/STM32F4xx_HAL_Driver/Src/stm32f4xx_hal_gpio.c.obj
 .ARM.attributes
                0x0000000000000213       0x34 CMakeFiles/salt-stm32.elf.dir/Drivers/STM32F4xx_HAL_Driver/Src/stm32f4xx_hal_pcd.c.obj
 .ARM.attributes
                0x0000000000000247       0x34 CMakeFiles/salt-stm32.elf.dir/Drivers/STM32F4xx_HAL_Driver/Src/stm32f4xx_hal_rcc.c.obj
 .ARM.attributes
                0x000000000000027b       0x34 CMakeFiles/salt-stm32.elf.dir/Drivers/STM32F4xx_HAL_Driver/Src/stm32f4xx_hal_uart.c.obj
 .ARM.attributes
                0x00000000000002af       0x34 CMakeFiles/salt-stm32.elf.dir/Drivers/STM32F4xx_HAL_Driver/Src/stm32f4xx_ll_usb.c.obj
 .ARM.attributes
                0x00000000000002e3       0x34 CMakeFiles/salt-stm32.elf.dir/Middlewares/Third_Party/FreeRTOS/Source/CMSIS_RTOS_V2/cmsis_os2.c.obj
 .ARM.attributes
                0x0000000000000317       0x34 CMakeFiles/salt-stm32.elf.dir/Middlewares/Third_Party/FreeRTOS/Source/list.c.obj
 .ARM.attributes
                0x000000000000034b       0x34 CMakeFiles/salt-stm32.elf.dir/Middlewares/Third_Party/FreeRTOS/Source/portable/GCC/ARM_CM4F/port.c.obj
 .ARM.attributes
                0x000000000000037f       0x34 CMakeFiles/salt-stm32.elf.dir/Middlewares/Third_Party/FreeRTOS/Source/portable/MemMang/heap_4.c.obj
 .ARM.attributes
                0x00000000000003b3       0x34 CMakeFiles/salt-stm32.elf.dir/Middlewares/Third_Party/FreeRTOS/Source/queue.c.obj
 .ARM.attributes
                0x00000000000003e7       0x34 CMakeFiles/salt-stm32.elf.dir/Middlewares/Third_Party/FreeRTOS/Source/tasks.c.obj
 .ARM.attributes
                0x000000000000041b       0x34 CMakeFiles/salt-stm32.elf.dir/Middlewares/Third_Party/FreeRTOS/Source/timers.c.obj
 .ARM.attributes
                0x000000000000044f       0x1e /Applications/ArmGNUToolchain/11.3.rel1/arm-none-eabi/bin/../lib/gcc/arm-none-eabi/11.3.1/thumb/v7e-m+fp/hard/libgcc.a(_aeabi_uldivmod.o)
 .ARM.attributes
                0x000000000000046d       0x34 /Applications/ArmGNUToolchain/11.3.rel1/arm-none-eabi/bin/../lib/gcc/arm-none-eabi/11.3.1/thumb/v7e-m+fp/hard/libgcc.a(_udivmoddi4.o)
 .ARM.attributes
                0x00000000000004a1       0x1e /Applications/ArmGNUToolchain/11.3.rel1/arm-none-eabi/bin/../lib/gcc/arm-none-eabi/11.3.1/thumb/v7e-m+fp/hard/libgcc.a(_dvmd_tls.o)
 .ARM.attributes
                0x00000000000004bf       0x34 /Applications/ArmGNUToolchain/11.3.rel1/arm-none-eabi/bin/../lib/gcc/arm-none-eabi/11.3.1/../../../../arm-none-eabi/lib/thumb/v7e-m+fp/hard/libg.a(libc_a-memset.o)
 .ARM.attributes
                0x00000000000004f3       0x34 /Applications/ArmGNUToolchain/11.3.rel1/arm-none-eabi/bin/../lib/gcc/arm-none-eabi/11.3.1/../../../../arm-none-eabi/lib/thumb/v7e-m+fp/hard/libg.a(libc_a-init.o)
 .ARM.attributes
                0x0000000000000527       0x34 /Applications/ArmGNUToolchain/11.3.rel1/arm-none-eabi/bin/../lib/gcc/arm-none-eabi/11.3.1/../../../../arm-none-eabi/lib/thumb/v7e-m+fp/hard/libg.a(libc_a-lock.o)
 .ARM.attributes
                0x000000000000055b       0x1c /Applications/ArmGNUToolchain/11.3.rel1/arm-none-eabi/bin/../lib/gcc/arm-none-eabi/11.3.1/../../../../arm-none-eabi/lib/thumb/v7e-m+fp/hard/libg.a(libc_a-memcpy.o)
 .ARM.attributes
                0x0000000000000577       0x34 /Applications/ArmGNUToolchain/11.3.rel1/arm-none-eabi/bin/../lib/gcc/arm-none-eabi/11.3.1/../../../../arm-none-eabi/lib/thumb/v7e-m+fp/hard/libg.a(libc_a-__call_atexit.o)
 .ARM.attributes
                0x00000000000005ab       0x34 /Applications/ArmGNUToolchain/11.3.rel1/arm-none-eabi/bin/../lib/gcc/arm-none-eabi/11.3.1/../../../../arm-none-eabi/lib/thumb/v7e-m+fp/hard/libg.a(libc_a-atexit.o)
 .ARM.attributes
                0x00000000000005df       0x34 /Applications/ArmGNUToolchain/11.3.rel1/arm-none-eabi/bin/../lib/gcc/arm-none-eabi/11.3.1/../../../../arm-none-eabi/lib/thumb/v7e-m+fp/hard/libg.a(libc_a-fini.o)
 .ARM.attributes
                0x0000000000000613       0x34 /Applications/ArmGNUToolchain/11.3.rel1/arm-none-eabi/bin/../lib/gcc/arm-none-eabi/11.3.1/../../../../arm-none-eabi/lib/thumb/v7e-m+fp/hard/libg.a(libc_a-__atexit.o)
 .ARM.attributes
                0x0000000000000647       0x34 /Applications/ArmGNUToolchain/11.3.rel1/arm-none-eabi/bin/../lib/gcc/arm-none-eabi/11.3.1/thumb/v7e-m+fp/hard/crtend.o
 .ARM.attributes
                0x000000000000067b       0x1e /Applications/ArmGNUToolchain/11.3.rel1/arm-none-eabi/bin/../lib/gcc/arm-none-eabi/11.3.1/thumb/v7e-m+fp/hard/crtn.o
OUTPUT(salt-stm32.elf elf32-littlearm)
LOAD linker stubs
LOAD /Applications/ArmGNUToolchain/11.3.rel1/arm-none-eabi/bin/../lib/gcc/arm-none-eabi/11.3.1/../../../../arm-none-eabi/lib/thumb/v7e-m+fp/hard/libc.a
LOAD /Applications/ArmGNUToolchain/11.3.rel1/arm-none-eabi/bin/../lib/gcc/arm-none-eabi/11.3.1/../../../../arm-none-eabi/lib/thumb/v7e-m+fp/hard/libm.a
LOAD /Applications/ArmGNUToolchain/11.3.rel1/arm-none-eabi/bin/../lib/gcc/arm-none-eabi/11.3.1/thumb/v7e-m+fp/hard/libgcc.a

.comment        0x0000000000000000       0x33
 .comment       0x0000000000000000       0x33 /Applications/ArmGNUToolchain/11.3.rel1/arm-none-eabi/bin/../lib/gcc/arm-none-eabi/11.3.1/thumb/v7e-m+fp/hard/crtbegin.o
                                         0x34 (size before relaxing)
 .comment       0x0000000000000033       0x34 CMakeFiles/salt-stm32.elf.dir/Core/Src/main.c.obj
 .comment       0x0000000000000033       0x34 CMakeFiles/salt-stm32.elf.dir/Core/Src/stm32f4xx_hal_msp.c.obj
 .comment       0x0000000000000033       0x34 CMakeFiles/salt-stm32.elf.dir/Core/Src/stm32f4xx_it.c.obj
 .comment       0x0000000000000033       0x34 CMakeFiles/salt-stm32.elf.dir/Core/Src/system_stm32f4xx.c.obj
 .comment       0x0000000000000033       0x34 CMakeFiles/salt-stm32.elf.dir/Drivers/STM32F4xx_HAL_Driver/Src/stm32f4xx_hal.c.obj
 .comment       0x0000000000000033       0x34 CMakeFiles/salt-stm32.elf.dir/Drivers/STM32F4xx_HAL_Driver/Src/stm32f4xx_hal_cortex.c.obj
 .comment       0x0000000000000033       0x34 CMakeFiles/salt-stm32.elf.dir/Drivers/STM32F4xx_HAL_Driver/Src/stm32f4xx_hal_eth.c.obj
 .comment       0x0000000000000033       0x34 CMakeFiles/salt-stm32.elf.dir/Drivers/STM32F4xx_HAL_Driver/Src/stm32f4xx_hal_gpio.c.obj
 .comment       0x0000000000000033       0x34 CMakeFiles/salt-stm32.elf.dir/Drivers/STM32F4xx_HAL_Driver/Src/stm32f4xx_hal_pcd.c.obj
 .comment       0x0000000000000033       0x34 CMakeFiles/salt-stm32.elf.dir/Drivers/STM32F4xx_HAL_Driver/Src/stm32f4xx_hal_rcc.c.obj
 .comment       0x0000000000000033       0x34 CMakeFiles/salt-stm32.elf.dir/Drivers/STM32F4xx_HAL_Driver/Src/stm32f4xx_hal_uart.c.obj
 .comment       0x0000000000000033       0x34 CMakeFiles/salt-stm32.elf.dir/Drivers/STM32F4xx_HAL_Driver/Src/stm32f4xx_ll_usb.c.obj
 .comment       0x0000000000000033       0x34 CMakeFiles/salt-stm32.elf.dir/Middlewares/Third_Party/FreeRTOS/Source/CMSIS_RTOS_V2/cmsis_os2.c.obj
 .comment       0x0000000000000033       0x34 CMakeFiles/salt-stm32.elf.dir/Middlewares/Third_Party/FreeRTOS/Source/list.c.obj
 .comment       0x0000000000000033       0x34 CMakeFiles/salt-stm32.elf.dir/Middlewares/Third_Party/FreeRTOS/Source/portable/GCC/ARM_CM4F/port.c.obj
 .comment       0x0000000000000033       0x34 CMakeFiles/salt-stm32.elf.dir/Middlewares/Third_Party/FreeRTOS/Source/portable/MemMang/heap_4.c.obj
 .comment       0x0000000000000033       0x34 CMakeFiles/salt-stm32.elf.dir/Middlewares/Third_Party/FreeRTOS/Source/queue.c.obj
 .comment       0x0000000000000033       0x34 CMakeFiles/salt-stm32.elf.dir/Middlewares/Third_Party/FreeRTOS/Source/tasks.c.obj
 .comment       0x0000000000000033       0x34 CMakeFiles/salt-stm32.elf.dir/Middlewares/Third_Party/FreeRTOS/Source/timers.c.obj
 .comment       0x0000000000000033       0x34 /Applications/ArmGNUToolchain/11.3.rel1/arm-none-eabi/bin/../lib/gcc/arm-none-eabi/11.3.1/thumb/v7e-m+fp/hard/libgcc.a(_udivmoddi4.o)
 .comment       0x0000000000000033       0x34 /Applications/ArmGNUToolchain/11.3.rel1/arm-none-eabi/bin/../lib/gcc/arm-none-eabi/11.3.1/../../../../arm-none-eabi/lib/thumb/v7e-m+fp/hard/libg.a(libc_a-memset.o)
 .comment       0x0000000000000033       0x34 /Applications/ArmGNUToolchain/11.3.rel1/arm-none-eabi/bin/../lib/gcc/arm-none-eabi/11.3.1/../../../../arm-none-eabi/lib/thumb/v7e-m+fp/hard/libg.a(libc_a-init.o)
 .comment       0x0000000000000033       0x34 /Applications/ArmGNUToolchain/11.3.rel1/arm-none-eabi/bin/../lib/gcc/arm-none-eabi/11.3.1/../../../../arm-none-eabi/lib/thumb/v7e-m+fp/hard/libg.a(libc_a-lock.o)
 .comment       0x0000000000000033       0x34 /Applications/ArmGNUToolchain/11.3.rel1/arm-none-eabi/bin/../lib/gcc/arm-none-eabi/11.3.1/../../../../arm-none-eabi/lib/thumb/v7e-m+fp/hard/libg.a(libc_a-__call_atexit.o)
 .comment       0x0000000000000033       0x34 /Applications/ArmGNUToolchain/11.3.rel1/arm-none-eabi/bin/../lib/gcc/arm-none-eabi/11.3.1/../../../../arm-none-eabi/lib/thumb/v7e-m+fp/hard/libg.a(libc_a-atexit.o)
 .comment       0x0000000000000033       0x34 /Applications/ArmGNUToolchain/11.3.rel1/arm-none-eabi/bin/../lib/gcc/arm-none-eabi/11.3.1/../../../../arm-none-eabi/lib/thumb/v7e-m+fp/hard/libg.a(libc_a-fini.o)
 .comment       0x0000000000000033       0x34 /Applications/ArmGNUToolchain/11.3.rel1/arm-none-eabi/bin/../lib/gcc/arm-none-eabi/11.3.1/../../../../arm-none-eabi/lib/thumb/v7e-m+fp/hard/libg.a(libc_a-__atexit.o)
 .comment       0x0000000000000033       0x34 /Applications/ArmGNUToolchain/11.3.rel1/arm-none-eabi/bin/../lib/gcc/arm-none-eabi/11.3.1/thumb/v7e-m+fp/hard/crtend.o

.debug_info     0x0000000000000000    0x1efc5
 .debug_info    0x0000000000000000     0x202c CMakeFiles/salt-stm32.elf.dir/Core/Src/main.c.obj
 .debug_info    0x000000000000202c     0x1b85 CMakeFiles/salt-stm32.elf.dir/Core/Src/stm32f4xx_hal_msp.c.obj
 .debug_info    0x0000000000003bb1      0x136 CMakeFiles/salt-stm32.elf.dir/Core/Src/stm32f4xx_it.c.obj
 .debug_info    0x0000000000003ce7      0x543 CMakeFiles/salt-stm32.elf.dir/Core/Src/system_stm32f4xx.c.obj
 .debug_info    0x000000000000422a       0x23 CMakeFiles/salt-stm32.elf.dir/Core/Startup/startup_stm32f429zitx.s.obj
 .debug_info    0x000000000000424d      0xa5c CMakeFiles/salt-stm32.elf.dir/Drivers/STM32F4xx_HAL_Driver/Src/stm32f4xx_hal.c.obj
 .debug_info    0x0000000000004ca9      0xfc9 CMakeFiles/salt-stm32.elf.dir/Drivers/STM32F4xx_HAL_Driver/Src/stm32f4xx_hal_cortex.c.obj
 .debug_info    0x0000000000005c72     0x2681 CMakeFiles/salt-stm32.elf.dir/Drivers/STM32F4xx_HAL_Driver/Src/stm32f4xx_hal_eth.c.obj
 .debug_info    0x00000000000082f3      0x71c CMakeFiles/salt-stm32.elf.dir/Drivers/STM32F4xx_HAL_Driver/Src/stm32f4xx_hal_gpio.c.obj
 .debug_info    0x0000000000008a0f     0x1bff CMakeFiles/salt-stm32.elf.dir/Drivers/STM32F4xx_HAL_Driver/Src/stm32f4xx_hal_pcd.c.obj
 .debug_info    0x000000000000a60e      0xa87 CMakeFiles/salt-stm32.elf.dir/Drivers/STM32F4xx_HAL_Driver/Src/stm32f4xx_hal_rcc.c.obj
 .debug_info    0x000000000000b095     0x408c CMakeFiles/salt-stm32.elf.dir/Drivers/STM32F4xx_HAL_Driver/Src/stm32f4xx_hal_uart.c.obj
 .debug_info    0x000000000000f121     0x1deb CMakeFiles/salt-stm32.elf.dir/Drivers/STM32F4xx_HAL_Driver/Src/stm32f4xx_ll_usb.c.obj
 .debug_info    0x0000000000010f0c     0x4d44 CMakeFiles/salt-stm32.elf.dir/Middlewares/Third_Party/FreeRTOS/Source/CMSIS_RTOS_V2/cmsis_os2.c.obj
 .debug_info    0x0000000000015c50      0x2bf CMakeFiles/salt-stm32.elf.dir/Middlewares/Third_Party/FreeRTOS/Source/list.c.obj
 .debug_info    0x0000000000015f0f      0x55a CMakeFiles/salt-stm32.elf.dir/Middlewares/Third_Party/FreeRTOS/Source/portable/GCC/ARM_CM4F/port.c.obj
 .debug_info    0x0000000000016469      0x5a1 CMakeFiles/salt-stm32.elf.dir/Middlewares/Third_Party/FreeRTOS/Source/portable/MemMang/heap_4.c.obj
 .debug_info    0x0000000000016a0a     0x2775 CMakeFiles/salt-stm32.elf.dir/Middlewares/Third_Party/FreeRTOS/Source/queue.c.obj
 .debug_info    0x000000000001917f     0x3071 CMakeFiles/salt-stm32.elf.dir/Middlewares/Third_Party/FreeRTOS/Source/tasks.c.obj
 .debug_info    0x000000000001c1f0     0x1af0 CMakeFiles/salt-stm32.elf.dir/Middlewares/Third_Party/FreeRTOS/Source/timers.c.obj
 .debug_info    0x000000000001dce0       0x24 /Applications/ArmGNUToolchain/11.3.rel1/arm-none-eabi/bin/../lib/gcc/arm-none-eabi/11.3.1/thumb/v7e-m+fp/hard/libgcc.a(_aeabi_uldivmod.o)
 .debug_info    0x000000000001dd04      0x6e3 /Applications/ArmGNUToolchain/11.3.rel1/arm-none-eabi/bin/../lib/gcc/arm-none-eabi/11.3.1/thumb/v7e-m+fp/hard/libgcc.a(_udivmoddi4.o)
 .debug_info    0x000000000001e3e7       0x24 /Applications/ArmGNUToolchain/11.3.rel1/arm-none-eabi/bin/../lib/gcc/arm-none-eabi/11.3.1/thumb/v7e-m+fp/hard/libgcc.a(_dvmd_tls.o)
 .debug_info    0x000000000001e40b      0x135 /Applications/ArmGNUToolchain/11.3.rel1/arm-none-eabi/bin/../lib/gcc/arm-none-eabi/11.3.1/../../../../arm-none-eabi/lib/thumb/v7e-m+fp/hard/libg.a(libc_a-memset.o)
 .debug_info    0x000000000001e540      0x10b /Applications/ArmGNUToolchain/11.3.rel1/arm-none-eabi/bin/../lib/gcc/arm-none-eabi/11.3.1/../../../../arm-none-eabi/lib/thumb/v7e-m+fp/hard/libg.a(libc_a-init.o)
 .debug_info    0x000000000001e64b      0x20a /Applications/ArmGNUToolchain/11.3.rel1/arm-none-eabi/bin/../lib/gcc/arm-none-eabi/11.3.1/../../../../arm-none-eabi/lib/thumb/v7e-m+fp/hard/libg.a(libc_a-lock.o)
 .debug_info    0x000000000001e855       0x25 /Applications/ArmGNUToolchain/11.3.rel1/arm-none-eabi/bin/../lib/gcc/arm-none-eabi/11.3.1/../../../../arm-none-eabi/lib/thumb/v7e-m+fp/hard/libg.a(libc_a-memcpy.o)
 .debug_info    0x000000000001e87a      0x2dd /Applications/ArmGNUToolchain/11.3.rel1/arm-none-eabi/bin/../lib/gcc/arm-none-eabi/11.3.1/../../../../arm-none-eabi/lib/thumb/v7e-m+fp/hard/libg.a(libc_a-__call_atexit.o)
 .debug_info    0x000000000001eb57      0x118 /Applications/ArmGNUToolchain/11.3.rel1/arm-none-eabi/bin/../lib/gcc/arm-none-eabi/11.3.1/../../../../arm-none-eabi/lib/thumb/v7e-m+fp/hard/libg.a(libc_a-atexit.o)
 .debug_info    0x000000000001ec6f       0xf7 /Applications/ArmGNUToolchain/11.3.rel1/arm-none-eabi/bin/../lib/gcc/arm-none-eabi/11.3.1/../../../../arm-none-eabi/lib/thumb/v7e-m+fp/hard/libg.a(libc_a-fini.o)
 .debug_info    0x000000000001ed66      0x25f /Applications/ArmGNUToolchain/11.3.rel1/arm-none-eabi/bin/../lib/gcc/arm-none-eabi/11.3.1/../../../../arm-none-eabi/lib/thumb/v7e-m+fp/hard/libg.a(libc_a-__atexit.o)

.debug_abbrev   0x0000000000000000     0x3e52
 .debug_abbrev  0x0000000000000000      0x33e CMakeFiles/salt-stm32.elf.dir/Core/Src/main.c.obj
 .debug_abbrev  0x000000000000033e      0x288 CMakeFiles/salt-stm32.elf.dir/Core/Src/stm32f4xx_hal_msp.c.obj
 .debug_abbrev  0x00000000000005c6       0xa0 CMakeFiles/salt-stm32.elf.dir/Core/Src/stm32f4xx_it.c.obj
 .debug_abbrev  0x0000000000000666      0x11e CMakeFiles/salt-stm32.elf.dir/Core/Src/system_stm32f4xx.c.obj
 .debug_abbrev  0x0000000000000784       0x12 CMakeFiles/salt-stm32.elf.dir/Core/Startup/startup_stm32f429zitx.s.obj
 .debug_abbrev  0x0000000000000796      0x23f CMakeFiles/salt-stm32.elf.dir/Drivers/STM32F4xx_HAL_Driver/Src/stm32f4xx_hal.c.obj
 .debug_abbrev  0x00000000000009d5      0x376 CMakeFiles/salt-stm32.elf.dir/Drivers/STM32F4xx_HAL_Driver/Src/stm32f4xx_hal_cortex.c.obj
 .debug_abbrev  0x0000000000000d4b      0x2ed CMakeFiles/salt-stm32.elf.dir/Drivers/STM32F4xx_HAL_Driver/Src/stm32f4xx_hal_eth.c.obj
 .debug_abbrev  0x0000000000001038      0x202 CMakeFiles/salt-stm32.elf.dir/Drivers/STM32F4xx_HAL_Driver/Src/stm32f4xx_hal_gpio.c.obj
 .debug_abbrev  0x000000000000123a      0x2f2 CMakeFiles/salt-stm32.elf.dir/Drivers/STM32F4xx_HAL_Driver/Src/stm32f4xx_hal_pcd.c.obj
 .debug_abbrev  0x000000000000152c      0x2c6 CMakeFiles/salt-stm32.elf.dir/Drivers/STM32F4xx_HAL_Driver/Src/stm32f4xx_hal_rcc.c.obj
 .debug_abbrev  0x00000000000017f2      0x32f CMakeFiles/salt-stm32.elf.dir/Drivers/STM32F4xx_HAL_Driver/Src/stm32f4xx_hal_uart.c.obj
 .debug_abbrev  0x0000000000001b21      0x322 CMakeFiles/salt-stm32.elf.dir/Drivers/STM32F4xx_HAL_Driver/Src/stm32f4xx_ll_usb.c.obj
 .debug_abbrev  0x0000000000001e43      0x5b3 CMakeFiles/salt-stm32.elf.dir/Middlewares/Third_Party/FreeRTOS/Source/CMSIS_RTOS_V2/cmsis_os2.c.obj
 .debug_abbrev  0x00000000000023f6      0x10a CMakeFiles/salt-stm32.elf.dir/Middlewares/Third_Party/FreeRTOS/Source/list.c.obj
 .debug_abbrev  0x0000000000002500      0x293 CMakeFiles/salt-stm32.elf.dir/Middlewares/Third_Party/FreeRTOS/Source/portable/GCC/ARM_CM4F/port.c.obj
 .debug_abbrev  0x0000000000002793      0x263 CMakeFiles/salt-stm32.elf.dir/Middlewares/Third_Party/FreeRTOS/Source/portable/MemMang/heap_4.c.obj
 .debug_abbrev  0x00000000000029f6      0x3ea CMakeFiles/salt-stm32.elf.dir/Middlewares/Third_Party/FreeRTOS/Source/queue.c.obj
 .debug_abbrev  0x0000000000002de0      0x394 CMakeFiles/salt-stm32.elf.dir/Middlewares/Third_Party/FreeRTOS/Source/tasks.c.obj
 .debug_abbrev  0x0000000000003174      0x381 CMakeFiles/salt-stm32.elf.dir/Middlewares/Third_Party/FreeRTOS/Source/timers.c.obj
 .debug_abbrev  0x00000000000034f5       0x14 /Applications/ArmGNUToolchain/11.3.rel1/arm-none-eabi/bin/../lib/gcc/arm-none-eabi/11.3.1/thumb/v7e-m+fp/hard/libgcc.a(_aeabi_uldivmod.o)
 .debug_abbrev  0x0000000000003509      0x16a /Applications/ArmGNUToolchain/11.3.rel1/arm-none-eabi/bin/../lib/gcc/arm-none-eabi/11.3.1/thumb/v7e-m+fp/hard/libgcc.a(_udivmoddi4.o)
 .debug_abbrev  0x0000000000003673       0x14 /Applications/ArmGNUToolchain/11.3.rel1/arm-none-eabi/bin/../lib/gcc/arm-none-eabi/11.3.1/thumb/v7e-m+fp/hard/libgcc.a(_dvmd_tls.o)
 .debug_abbrev  0x0000000000003687       0xb7 /Applications/ArmGNUToolchain/11.3.rel1/arm-none-eabi/bin/../lib/gcc/arm-none-eabi/11.3.1/../../../../arm-none-eabi/lib/thumb/v7e-m+fp/hard/libg.a(libc_a-memset.o)
 .debug_abbrev  0x000000000000373e       0xc9 /Applications/ArmGNUToolchain/11.3.rel1/arm-none-eabi/bin/../lib/gcc/arm-none-eabi/11.3.1/../../../../arm-none-eabi/lib/thumb/v7e-m+fp/hard/libg.a(libc_a-init.o)
 .debug_abbrev  0x0000000000003807      0x115 /Applications/ArmGNUToolchain/11.3.rel1/arm-none-eabi/bin/../lib/gcc/arm-none-eabi/11.3.1/../../../../arm-none-eabi/lib/thumb/v7e-m+fp/hard/libg.a(libc_a-lock.o)
 .debug_abbrev  0x000000000000391c       0x14 /Applications/ArmGNUToolchain/11.3.rel1/arm-none-eabi/bin/../lib/gcc/arm-none-eabi/11.3.1/../../../../arm-none-eabi/lib/thumb/v7e-m+fp/hard/libg.a(libc_a-memcpy.o)
 .debug_abbrev  0x0000000000003930      0x20c /Applications/ArmGNUToolchain/11.3.rel1/arm-none-eabi/bin/../lib/gcc/arm-none-eabi/11.3.1/../../../../arm-none-eabi/lib/thumb/v7e-m+fp/hard/libg.a(libc_a-__call_atexit.o)
 .debug_abbrev  0x0000000000003b3c       0xc1 /Applications/ArmGNUToolchain/11.3.rel1/arm-none-eabi/bin/../lib/gcc/arm-none-eabi/11.3.1/../../../../arm-none-eabi/lib/thumb/v7e-m+fp/hard/libg.a(libc_a-atexit.o)
 .debug_abbrev  0x0000000000003bfd       0xcc /Applications/ArmGNUToolchain/11.3.rel1/arm-none-eabi/bin/../lib/gcc/arm-none-eabi/11.3.1/../../../../arm-none-eabi/lib/thumb/v7e-m+fp/hard/libg.a(libc_a-fini.o)
 .debug_abbrev  0x0000000000003cc9      0x189 /Applications/ArmGNUToolchain/11.3.rel1/arm-none-eabi/bin/../lib/gcc/arm-none-eabi/11.3.1/../../../../arm-none-eabi/lib/thumb/v7e-m+fp/hard/libg.a(libc_a-__atexit.o)

.debug_loclists
                0x0000000000000000     0xe13f
 .debug_loclists
                0x0000000000000000       0x23 CMakeFiles/salt-stm32.elf.dir/Core/Src/main.c.obj
 .debug_loclists
                0x0000000000000023      0x100 CMakeFiles/salt-stm32.elf.dir/Core/Src/stm32f4xx_hal_msp.c.obj
 .debug_loclists
                0x0000000000000123       0xdb CMakeFiles/salt-stm32.elf.dir/Core/Src/system_stm32f4xx.c.obj
 .debug_loclists
                0x00000000000001fe       0xc9 CMakeFiles/salt-stm32.elf.dir/Drivers/STM32F4xx_HAL_Driver/Src/stm32f4xx_hal.c.obj
 .debug_loclists
                0x00000000000002c7      0x4db CMakeFiles/salt-stm32.elf.dir/Drivers/STM32F4xx_HAL_Driver/Src/stm32f4xx_hal_cortex.c.obj
 .debug_loclists
                0x00000000000007a2      0xf9d CMakeFiles/salt-stm32.elf.dir/Drivers/STM32F4xx_HAL_Driver/Src/stm32f4xx_hal_eth.c.obj
 .debug_loclists
                0x000000000000173f      0x356 CMakeFiles/salt-stm32.elf.dir/Drivers/STM32F4xx_HAL_Driver/Src/stm32f4xx_hal_gpio.c.obj
 .debug_loclists
                0x0000000000001a95      0xcbb CMakeFiles/salt-stm32.elf.dir/Drivers/STM32F4xx_HAL_Driver/Src/stm32f4xx_hal_pcd.c.obj
 .debug_loclists
                0x0000000000002750      0x3a9 CMakeFiles/salt-stm32.elf.dir/Drivers/STM32F4xx_HAL_Driver/Src/stm32f4xx_hal_rcc.c.obj
 .debug_loclists
                0x0000000000002af9     0x2b7a CMakeFiles/salt-stm32.elf.dir/Drivers/STM32F4xx_HAL_Driver/Src/stm32f4xx_hal_uart.c.obj
 .debug_loclists
                0x0000000000005673     0x165e CMakeFiles/salt-stm32.elf.dir/Drivers/STM32F4xx_HAL_Driver/Src/stm32f4xx_ll_usb.c.obj
 .debug_loclists
                0x0000000000006cd1     0x3127 CMakeFiles/salt-stm32.elf.dir/Middlewares/Third_Party/FreeRTOS/Source/CMSIS_RTOS_V2/cmsis_os2.c.obj
 .debug_loclists
                0x0000000000009df8       0x6f CMakeFiles/salt-stm32.elf.dir/Middlewares/Third_Party/FreeRTOS/Source/list.c.obj
 .debug_loclists
                0x0000000000009e67       0xbb CMakeFiles/salt-stm32.elf.dir/Middlewares/Third_Party/FreeRTOS/Source/portable/GCC/ARM_CM4F/port.c.obj
 .debug_loclists
                0x0000000000009f22      0x295 CMakeFiles/salt-stm32.elf.dir/Middlewares/Third_Party/FreeRTOS/Source/portable/MemMang/heap_4.c.obj
 .debug_loclists
                0x000000000000a1b7      0xfbc CMakeFiles/salt-stm32.elf.dir/Middlewares/Third_Party/FreeRTOS/Source/queue.c.obj
 .debug_loclists
                0x000000000000b173     0x161e CMakeFiles/salt-stm32.elf.dir/Middlewares/Third_Party/FreeRTOS/Source/tasks.c.obj
 .debug_loclists
                0x000000000000c791      0xa2f CMakeFiles/salt-stm32.elf.dir/Middlewares/Third_Party/FreeRTOS/Source/timers.c.obj
 .debug_loclists
                0x000000000000d1c0      0xb0f /Applications/ArmGNUToolchain/11.3.rel1/arm-none-eabi/bin/../lib/gcc/arm-none-eabi/11.3.1/thumb/v7e-m+fp/hard/libgcc.a(_udivmoddi4.o)
 .debug_loclists
                0x000000000000dccf      0x1a5 /Applications/ArmGNUToolchain/11.3.rel1/arm-none-eabi/bin/../lib/gcc/arm-none-eabi/11.3.1/../../../../arm-none-eabi/lib/thumb/v7e-m+fp/hard/libg.a(libc_a-memset.o)
 .debug_loclists
                0x000000000000de74       0x7a /Applications/ArmGNUToolchain/11.3.rel1/arm-none-eabi/bin/../lib/gcc/arm-none-eabi/11.3.1/../../../../arm-none-eabi/lib/thumb/v7e-m+fp/hard/libg.a(libc_a-init.o)
 .debug_loclists
                0x000000000000deee       0x23 /Applications/ArmGNUToolchain/11.3.rel1/arm-none-eabi/bin/../lib/gcc/arm-none-eabi/11.3.1/../../../../arm-none-eabi/lib/thumb/v7e-m+fp/hard/libg.a(libc_a-lock.o)
 .debug_loclists
                0x000000000000df11      0x12a /Applications/ArmGNUToolchain/11.3.rel1/arm-none-eabi/bin/../lib/gcc/arm-none-eabi/11.3.1/../../../../arm-none-eabi/lib/thumb/v7e-m+fp/hard/libg.a(libc_a-__call_atexit.o)
 .debug_loclists
                0x000000000000e03b       0x2a /Applications/ArmGNUToolchain/11.3.rel1/arm-none-eabi/bin/../lib/gcc/arm-none-eabi/11.3.1/../../../../arm-none-eabi/lib/thumb/v7e-m+fp/hard/libg.a(libc_a-atexit.o)
 .debug_loclists
                0x000000000000e065       0x4c /Applications/ArmGNUToolchain/11.3.rel1/arm-none-eabi/bin/../lib/gcc/arm-none-eabi/11.3.1/../../../../arm-none-eabi/lib/thumb/v7e-m+fp/hard/libg.a(libc_a-fini.o)
 .debug_loclists
                0x000000000000e0b1       0x8e /Applications/ArmGNUToolchain/11.3.rel1/arm-none-eabi/bin/../lib/gcc/arm-none-eabi/11.3.1/../../../../arm-none-eabi/lib/thumb/v7e-m+fp/hard/libg.a(libc_a-__atexit.o)

.debug_aranges  0x0000000000000000     0x1408
 .debug_aranges
                0x0000000000000000       0x58 CMakeFiles/salt-stm32.elf.dir/Core/Src/main.c.obj
 .debug_aranges
                0x0000000000000058       0x50 CMakeFiles/salt-stm32.elf.dir/Core/Src/stm32f4xx_hal_msp.c.obj
 .debug_aranges
                0x00000000000000a8       0x50 CMakeFiles/salt-stm32.elf.dir/Core/Src/stm32f4xx_it.c.obj
 .debug_aranges
                0x00000000000000f8       0x28 CMakeFiles/salt-stm32.elf.dir/Core/Src/system_stm32f4xx.c.obj
 .debug_aranges
                0x0000000000000120       0x28 CMakeFiles/salt-stm32.elf.dir/Core/Startup/startup_stm32f429zitx.s.obj
 .debug_aranges
                0x0000000000000148      0x100 CMakeFiles/salt-stm32.elf.dir/Drivers/STM32F4xx_HAL_Driver/Src/stm32f4xx_hal.c.obj
 .debug_aranges
                0x0000000000000248       0xa8 CMakeFiles/salt-stm32.elf.dir/Drivers/STM32F4xx_HAL_Driver/Src/stm32f4xx_hal_cortex.c.obj
 .debug_aranges
                0x00000000000002f0      0x1e0 CMakeFiles/salt-stm32.elf.dir/Drivers/STM32F4xx_HAL_Driver/Src/stm32f4xx_hal_eth.c.obj
 .debug_aranges
                0x00000000000004d0       0x58 CMakeFiles/salt-stm32.elf.dir/Drivers/STM32F4xx_HAL_Driver/Src/stm32f4xx_hal_gpio.c.obj
 .debug_aranges
                0x0000000000000528      0x148 CMakeFiles/salt-stm32.elf.dir/Drivers/STM32F4xx_HAL_Driver/Src/stm32f4xx_hal_pcd.c.obj
 .debug_aranges
                0x0000000000000670       0x88 CMakeFiles/salt-stm32.elf.dir/Drivers/STM32F4xx_HAL_Driver/Src/stm32f4xx_hal_rcc.c.obj
 .debug_aranges
                0x00000000000006f8      0x200 CMakeFiles/salt-stm32.elf.dir/Drivers/STM32F4xx_HAL_Driver/Src/stm32f4xx_hal_uart.c.obj
 .debug_aranges
                0x00000000000008f8      0x1a0 CMakeFiles/salt-stm32.elf.dir/Drivers/STM32F4xx_HAL_Driver/Src/stm32f4xx_ll_usb.c.obj
 .debug_aranges
                0x0000000000000a98      0x298 CMakeFiles/salt-stm32.elf.dir/Middlewares/Third_Party/FreeRTOS/Source/CMSIS_RTOS_V2/cmsis_os2.c.obj
 .debug_aranges
                0x0000000000000d30       0x40 CMakeFiles/salt-stm32.elf.dir/Middlewares/Third_Party/FreeRTOS/Source/list.c.obj
 .debug_aranges
                0x0000000000000d70       0x80 CMakeFiles/salt-stm32.elf.dir/Middlewares/Third_Party/FreeRTOS/Source/portable/GCC/ARM_CM4F/port.c.obj
 .debug_aranges
                0x0000000000000df0       0x58 CMakeFiles/salt-stm32.elf.dir/Middlewares/Third_Party/FreeRTOS/Source/portable/MemMang/heap_4.c.obj
 .debug_aranges
                0x0000000000000e48      0x158 CMakeFiles/salt-stm32.elf.dir/Middlewares/Third_Party/FreeRTOS/Source/queue.c.obj
 .debug_aranges
                0x0000000000000fa0      0x208 CMakeFiles/salt-stm32.elf.dir/Middlewares/Third_Party/FreeRTOS/Source/tasks.c.obj
 .debug_aranges
                0x00000000000011a8       0xf0 CMakeFiles/salt-stm32.elf.dir/Middlewares/Third_Party/FreeRTOS/Source/timers.c.obj
 .debug_aranges
                0x0000000000001298       0x20 /Applications/ArmGNUToolchain/11.3.rel1/arm-none-eabi/bin/../lib/gcc/arm-none-eabi/11.3.1/thumb/v7e-m+fp/hard/libgcc.a(_aeabi_uldivmod.o)
 .debug_aranges
                0x00000000000012b8       0x20 /Applications/ArmGNUToolchain/11.3.rel1/arm-none-eabi/bin/../lib/gcc/arm-none-eabi/11.3.1/thumb/v7e-m+fp/hard/libgcc.a(_udivmoddi4.o)
 .debug_aranges
                0x00000000000012d8       0x20 /Applications/ArmGNUToolchain/11.3.rel1/arm-none-eabi/bin/../lib/gcc/arm-none-eabi/11.3.1/thumb/v7e-m+fp/hard/libgcc.a(_dvmd_tls.o)
 .debug_aranges
                0x00000000000012f8       0x20 /Applications/ArmGNUToolchain/11.3.rel1/arm-none-eabi/bin/../lib/gcc/arm-none-eabi/11.3.1/../../../../arm-none-eabi/lib/thumb/v7e-m+fp/hard/libg.a(libc_a-memset.o)
 .debug_aranges
                0x0000000000001318       0x20 /Applications/ArmGNUToolchain/11.3.rel1/arm-none-eabi/bin/../lib/gcc/arm-none-eabi/11.3.1/../../../../arm-none-eabi/lib/thumb/v7e-m+fp/hard/libg.a(libc_a-init.o)
 .debug_aranges
                0x0000000000001338       0x28 /Applications/ArmGNUToolchain/11.3.rel1/arm-none-eabi/bin/../lib/gcc/arm-none-eabi/11.3.1/../../../../arm-none-eabi/lib/thumb/v7e-m+fp/hard/libg.a(libc_a-lock.o)
 .debug_aranges
                0x0000000000001360       0x20 /Applications/ArmGNUToolchain/11.3.rel1/arm-none-eabi/bin/../lib/gcc/arm-none-eabi/11.3.1/../../../../arm-none-eabi/lib/thumb/v7e-m+fp/hard/libg.a(libc_a-memcpy.o)
 .debug_aranges
                0x0000000000001380       0x28 /Applications/ArmGNUToolchain/11.3.rel1/arm-none-eabi/bin/../lib/gcc/arm-none-eabi/11.3.1/../../../../arm-none-eabi/lib/thumb/v7e-m+fp/hard/libg.a(libc_a-__call_atexit.o)
 .debug_aranges
                0x00000000000013a8       0x20 /Applications/ArmGNUToolchain/11.3.rel1/arm-none-eabi/bin/../lib/gcc/arm-none-eabi/11.3.1/../../../../arm-none-eabi/lib/thumb/v7e-m+fp/hard/libg.a(libc_a-atexit.o)
 .debug_aranges
                0x00000000000013c8       0x20 /Applications/ArmGNUToolchain/11.3.rel1/arm-none-eabi/bin/../lib/gcc/arm-none-eabi/11.3.1/../../../../arm-none-eabi/lib/thumb/v7e-m+fp/hard/libg.a(libc_a-fini.o)
 .debug_aranges
                0x00000000000013e8       0x20 /Applications/ArmGNUToolchain/11.3.rel1/arm-none-eabi/bin/../lib/gcc/arm-none-eabi/11.3.1/../../../../arm-none-eabi/lib/thumb/v7e-m+fp/hard/libg.a(libc_a-__atexit.o)

.debug_rnglists
                0x0000000000000000     0x10a4
 .debug_rnglists
                0x0000000000000000       0x3f CMakeFiles/salt-stm32.elf.dir/Core/Src/main.c.obj
 .debug_rnglists
                0x000000000000003f       0x39 CMakeFiles/salt-stm32.elf.dir/Core/Src/stm32f4xx_hal_msp.c.obj
 .debug_rnglists
                0x0000000000000078       0x37 CMakeFiles/salt-stm32.elf.dir/Core/Src/stm32f4xx_it.c.obj
 .debug_rnglists
                0x00000000000000af       0x1a CMakeFiles/salt-stm32.elf.dir/Core/Src/system_stm32f4xx.c.obj
 .debug_rnglists